App.tsx(247,33): error TS2322: Type '"VoidGoodsList"' is not assignable to type 'keyof RootStackParamList'.
App.tsx(248,33): error TS2322: Type '"VoidGoods"' is not assignable to type 'keyof RootStackParamList'.
App.tsx(251,22): error TS2322: Type '"OrderDetailWithGoods"' is not assignable to type 'keyof RootStackParamList'.
App.tsx(254,33): error TS2820: Type '"AllOrders"' is not assignable to type 'keyof RootStackParamList'. Did you mean '"Orders"'?
App.tsx(255,33): error TS2322: Type '"OrderDetailScreen"' is not assignable to type 'keyof RootStackParamList'.
node_modules/react-native-swiper-flatlist/src/components/SwiperFlatList/SwiperFlatList.tsx(238,7): error TS2322: Type 'RefObject<FlatList<unknown> | null>' is not assignable to type 'RefObject<FlatList<unknown>>'.
  Type 'FlatList<unknown> | null' is not assignable to type 'FlatList<unknown>'.
    Type 'null' is not assignable to type 'FlatList<unknown>'.
src/api/client.ts(66,5): error TS2322: Type 'ApiError | "UNKNOWN_ERROR"' is not assignable to type 'string'.
  Type 'ApiError' is not assignable to type 'string'.
src/components/AuthFormContainer/AuthFormContainer.tsx(18,6): error TS2739: Type '{}' is missing the following properties from type 'Props': img, style
src/components/AuthInput/AuthInput.tsx(60,66): error TS2353: Object literal may only specify known properties, and 'restDisplacementThreshold' does not exist in type '{ mass?: number | undefined; overshootClamping?: boolean | undefined; energyThreshold?: number | undefined; velocity?: number | undefined; reduceMotion?: ReduceMotion | undefined; } & { ...; }'.
src/components/AuthInput/AuthInput.tsx(104,16): error TS2322: Type '[{ label: string; value: string; }] | undefined' is not assignable to type '[{ label: string; value: string; }]'.
  Type 'undefined' is not assignable to type '[{ label: string; value: string; }]'.
src/components/AuthInput/AuthInput.tsx(105,16): error TS2322: Type 'string | undefined' is not assignable to type 'string'.
  Type 'undefined' is not assignable to type 'string'.
src/components/AuthInput/AuthInput.tsx(106,16): error TS2322: Type 'Dispatch<string> | undefined' is not assignable to type '(args: string) => {}'.
  Type 'undefined' is not assignable to type '(args: string) => {}'.
src/components/Calendar/Calendar.tsx(42,27): error TS7006: Parameter 'params' implicitly has an 'any' type.
src/components/DetailsRow/DetailsRow.tsx(24,19): error TS2322: Type 'string' is not assignable to type '"symbol" | "function" | "package-variant-closed" | "credit-card" | "truck-delivery" | "message-reply" | "file-document" | "certificate" | "cog" | "bell" | "check-circle" | ... 7437 more ... | undefined'.
src/components/ImageCaroussel/ImageCaroussel.tsx(34,29): error TS18046: 'item' is of type 'unknown'.
src/components/ImageCaroussel/ImageCaroussel.tsx(45,28): error TS2322: Type 'unknown' is not assignable to type '{ public_id: string; url: string; }'.
src/components/ListItem/ListItem.tsx(21,31): error TS2322: Type 'string' is not assignable to type '"credit-card" | "check-circle" | "error" | "phone" | "air" | "history" | "key" | "source" | "tab" | "sort" | "map" | "filter" | "search" | "repeat" | "anchor" | "link" | "token" | ... 2217 more ... | undefined'.
src/components/ListItem/ListItem.tsx(28,42): error TS2722: Cannot invoke an object which is possibly 'undefined'.
src/components/ListItemOrders.tsx(42,8): error TS2304: Cannot find name 'View'.
src/components/ListItemOrders.tsx(43,93): error TS2304: Cannot find name 'Fonts'.
src/components/ListItemOrders.tsx(46,9): error TS2304: Cannot find name 'View'.
src/components/RenderListItem/RenderListItem.tsx(29,35): error TS2339: Property '_id' does not exist on type 'T'.
src/components/RenderOrder/RenderOrder.tsx(204,50): error TS2322: Type '{ bannerImages: imagesType; handleNavigate: () => void; }' is not assignable to type 'IntrinsicAttributes & bannerImageProps'.
  Property 'handleNavigate' does not exist on type 'IntrinsicAttributes & bannerImageProps'.
src/components/SocialMedia/SocialMedia.tsx(64,16): error TS2322: Type 'string' is not assignable to type '"number" | "function" | "credit-card" | "bell" | "check-circle" | "alert" | "close-circle" | "phone" | "history" | "key" | "filter" | "search" | "bold" | "link" | "user" | "delete" | ... 433 more ... | SharedValue<...>'.
src/features/admin/analytics/api/analyticsApi.ts(6,27): error TS2307: Cannot find module '@src/shared/api/client' or its corresponding type declarations.
src/features/admin/analytics/screens/AnalyticsDashboardScreen.tsx(152,29): error TS2322: Type 'string' is not assignable to type '"7d" | "30d" | "90d" | "1y" | undefined'.
src/features/admin/certificates/api/certificateAdminApi.ts(95,24): error TS2339: Property 'data' does not exist on type '{ url: string; }'.
src/features/admin/certificates/hooks/useCertificateAdmin.ts(20,71): error TS2339: Property 'data' does not exist on type 'SearchUsersResponse'.
src/features/admin/certificates/hooks/useCertificateAdmin.ts(30,73): error TS2339: Property 'data' does not exist on type 'CertificateRecord'.
src/features/admin/certificates/hooks/useCertificateAdmin.ts(41,78): error TS2339: Property 'data' does not exist on type 'CertificateRecord'.
src/features/admin/certificates/hooks/useCertificateAdmin.ts(53,75): error TS2339: Property 'data' does not exist on type 'ListCertificatesResponse'.
src/features/admin/certificates/hooks/useCertificateAdmin.ts(61,83): error TS2339: Property 'data' does not exist on type 'CertificateRecord'.
src/features/admin/communications/hooks/useCampaigns.ts(20,69): error TS2339: Property 'data' does not exist on type 'PaginatedCampaigns'.
src/features/admin/communications/hooks/useCampaigns.ts(26,75): error TS2339: Property 'data' does not exist on type 'CampaignRecord'.
src/features/admin/communications/hooks/useCampaigns.ts(35,71): error TS2339: Property 'data' does not exist on type 'CampaignRecord'.
src/features/admin/communications/hooks/useCampaigns.ts(44,72): error TS2339: Property 'data' does not exist on type 'SendNowResult'.
src/features/admin/communications/screens/CreateCampaignScreen.tsx(324,30): error TS2551: Property 'semibold' does not exist on type '{ black: string; blackItalic: string; bold: string; boldItalic: string; italic: string; light: string; lightItalic: string; medium: string; meduim: string; mediumItalic: string; meduimItalic: string; regular: string; semiBold: string; thin: string; thinItalic: string; }'. Did you mean 'semiBold'?
src/features/admin/communications/screens/CreateCampaignScreen.tsx(354,23): error TS2551: Property 'semibold' does not exist on type '{ black: string; blackItalic: string; bold: string; boldItalic: string; italic: string; light: string; lightItalic: string; medium: string; meduim: string; mediumItalic: string; meduimItalic: string; regular: string; semiBold: string; thin: string; thinItalic: string; }'. Did you mean 'semiBold'?
src/features/admin/communications/screens/SendSms.tsx(100,21): error TS2358: The left-hand side of an 'instanceof' expression must be of type 'any', an object type or a type parameter.
src/features/admin/communications/screens/SendSms.tsx(101,12): error TS2339: Property 'toLocaleDateString' does not exist on type 'never'.
src/features/admin/communications/screens/SendSms.tsx(140,20): error TS2358: The left-hand side of an 'instanceof' expression must be of type 'any', an object type or a type parameter.
src/features/admin/communications/screens/SendSms.tsx(142,12): error TS2339: Property 'getFullYear' does not exist on type 'never'.
src/features/admin/communications/screens/SendSms.tsx(143,12): error TS2339: Property 'getMonth' does not exist on type 'never'.
src/features/admin/communications/screens/SendSms.tsx(144,12): error TS2339: Property 'getDate' does not exist on type 'never'.
src/features/admin/communications/screens/SendSms.tsx(146,19): error TS2322: Type 'Date' is not assignable to type 'string'.
src/features/admin/consignees/hooks/useConsignees.ts(16,40): error TS2339: Property 'data' does not exist on type 'Consignee[]'.
src/features/admin/consignees/hooks/useConsignees.ts(29,68): error TS2339: Property 'data' does not exist on type 'Consignee'.
src/features/admin/consignees/hooks/useConsignees.ts(38,76): error TS2339: Property 'data' does not exist on type 'Consignee'.
src/features/admin/consignees/hooks/useConsignees.ts(49,88): error TS2339: Property 'data' does not exist on type 'Consignee'.
src/features/admin/consignees/hooks/useConsignees.ts(61,72): error TS2339: Property 'data' does not exist on type 'void'.
src/features/admin/consignees/hooks/useConsignees.ts(72,102): error TS2339: Property 'data' does not exist on type 'Consignee'.
src/features/admin/containers/components/ClientGoodsSection.tsx(19,34): error TS1149: File name 'C:/Users/hp/workspace/chinalink/chinalinexpress/src/features/admin/containers/types/packingList.ts' differs from already included file name 'C:/Users/hp/workspace/chinalink/chinalinexpress/src/features/admin/containers/types/PackingList.ts' only in casing.
  The file is in the program because:
    Imported via '../types/PackingList' from file 'C:/Users/hp/workspace/chinalink/chinalinexpress/src/features/admin/containers/services/ContainerService.ts'
    Imported via './packingList' from file 'C:/Users/hp/workspace/chinalink/chinalinexpress/src/features/admin/containers/types/index.ts'
    Imported via '../types/PackingList' from file 'C:/Users/hp/workspace/chinalink/chinalinexpress/src/features/admin/containers/hooks/useContainers.ts'
    Imported via '../types/packingList' from file 'C:/Users/hp/workspace/chinalink/chinalinexpress/src/features/admin/containers/components/ClientGoodsSection.tsx'
    Imported via '../types/packingList' from file 'C:/Users/hp/workspace/chinalink/chinalinexpress/src/features/admin/containers/components/LoadingSequenceItem.tsx'
    Imported via '../../../types/packingList' from file 'C:/Users/hp/workspace/chinalink/chinalinexpress/src/features/admin/containers/screens/PackingList/hooks/usePackingListScreen.ts'
    Imported via '../../../types/packingList' from file 'C:/Users/hp/workspace/chinalink/chinalinexpress/src/features/admin/containers/screens/PackingList/components/CapacityCard.tsx'
    Imported via '../../../types/packingList' from file 'C:/Users/hp/workspace/chinalink/chinalinexpress/src/features/admin/containers/screens/PackingList/components/SummaryCard.tsx'
    Imported via '../../../types/packingList' from file 'C:/Users/hp/workspace/chinalink/chinalinexpress/src/features/admin/containers/screens/PackingList/components/ClientSelector.tsx'
    Imported via '../../../types/packingList' from file 'C:/Users/hp/workspace/chinalink/chinalinexpress/src/features/admin/containers/screens/LoadingList/hooks/useLoadingListScreen.ts'
    Imported via '../../../types/packingList' from file 'C:/Users/hp/workspace/chinalink/chinalinexpress/src/features/admin/containers/screens/LoadingList/components/LoadingSequenceList.tsx'
    Matched by default include pattern '**/*'
src/features/admin/containers/components/ContainerWaypointTracker/components/LegacyActions.tsx(32,9): error TS2367: This comparison appears to be unintentional because the types 'WaypointStatus' and '"ARRIVED"' have no overlap.
src/features/admin/containers/components/ContainerWaypointTracker/components/LegacyActions.tsx(32,42): error TS2367: This comparison appears to be unintentional because the types 'WaypointStatus' and '"ARRIVED_AT_PORT"' have no overlap.
src/features/admin/containers/components/ContainerWaypointTracker/components/PortActions.tsx(36,17): error TS2554: Expected 3 arguments, but got 2.
src/features/admin/containers/components/ContainerWaypointTracker/components/PortActions.tsx(53,53): error TS2339: Property 'status' does not exist on type 'QuickAction'.
src/features/admin/containers/components/ContainerWaypointTracker/hooks/useContainerWaypointTracker.ts(56,486): error TS2367: This comparison appears to be unintentional because the types 'ExtendedWaypointStatus' and '"DEPARTED"' have no overlap.
src/features/admin/containers/components/index.ts(6,10): error TS2305: Module '"./ContainerWaypointTracker"' has no exported member 'default'.
src/features/admin/containers/components/LoadingSequenceItem.tsx(11,99): error TS1149: File name 'C:/Users/hp/workspace/chinalink/chinalinexpress/src/features/admin/containers/types/packingList.ts' differs from already included file name 'C:/Users/hp/workspace/chinalink/chinalinexpress/src/features/admin/containers/types/PackingList.ts' only in casing.
  The file is in the program because:
    Imported via '../types/PackingList' from file 'C:/Users/hp/workspace/chinalink/chinalinexpress/src/features/admin/containers/services/ContainerService.ts'
    Imported via './packingList' from file 'C:/Users/hp/workspace/chinalink/chinalinexpress/src/features/admin/containers/types/index.ts'
    Imported via '../types/PackingList' from file 'C:/Users/hp/workspace/chinalink/chinalinexpress/src/features/admin/containers/hooks/useContainers.ts'
    Imported via '../types/packingList' from file 'C:/Users/hp/workspace/chinalink/chinalinexpress/src/features/admin/containers/components/ClientGoodsSection.tsx'
    Imported via '../types/packingList' from file 'C:/Users/hp/workspace/chinalink/chinalinexpress/src/features/admin/containers/components/LoadingSequenceItem.tsx'
    Imported via '../../../types/packingList' from file 'C:/Users/hp/workspace/chinalink/chinalinexpress/src/features/admin/containers/screens/PackingList/hooks/usePackingListScreen.ts'
    Imported via '../../../types/packingList' from file 'C:/Users/hp/workspace/chinalink/chinalinexpress/src/features/admin/containers/screens/PackingList/components/CapacityCard.tsx'
    Imported via '../../../types/packingList' from file 'C:/Users/hp/workspace/chinalink/chinalinexpress/src/features/admin/containers/screens/PackingList/components/SummaryCard.tsx'
    Imported via '../../../types/packingList' from file 'C:/Users/hp/workspace/chinalink/chinalinexpress/src/features/admin/containers/screens/PackingList/components/ClientSelector.tsx'
    Imported via '../../../types/packingList' from file 'C:/Users/hp/workspace/chinalink/chinalinexpress/src/features/admin/containers/screens/LoadingList/hooks/useLoadingListScreen.ts'
    Imported via '../../../types/packingList' from file 'C:/Users/hp/workspace/chinalink/chinalinexpress/src/features/admin/containers/screens/LoadingList/components/LoadingSequenceList.tsx'
    Matched by default include pattern '**/*'
src/features/admin/containers/components/TransitStatusManager/components/index.ts(6,15): error TS2724: '"./InitializeWaypointsButton"' has no exported member named 'InitializeWaypointsButtonProps'. Did you mean 'InitializeWaypointsButton'?
src/features/admin/containers/components/TransitStatusManager/components/NonTransitView.tsx(28,9): error TS2741: Property 'DELIVERED' is missing in type '{ BOOKED: "bookmark-outline"; EMPTY_TO_WAREHOUSE: "cube-outline"; LOADING: "hammer-outline"; LOADED: "cube"; IN_TRANSIT: "airplane"; ARRIVED: "flag-outline"; READY_FOR_PICKUP: "checkmark-done-outline"; }' but required in type 'Record<ContainerStatus, "cog" | "alert" | "close-circle" | "information" | "card" | "cash" | "navigate" | "key" | "push" | "map" | "filter" | "at" | "search" | "repeat" | ... 1342 more ... | "woman-sharp">'.
src/features/admin/containers/components/TransitStatusManager/index.ts(3,15): error TS2724: '"./TransitStatusManager"' has no exported member named 'TransitStatusManagerProps'. Did you mean 'TransitStatusManager'?
src/features/admin/containers/components/TransitStatusManager/index.ts(7,15): error TS2724: '"./components/InitializeWaypointsButton"' has no exported member named 'InitializeWaypointsButtonProps'. Did you mean 'InitializeWaypointsButton'?
src/features/admin/containers/components/TransitStatusManager/index.ts(11,15): error TS2724: '"./components/TransitStatusCard"' has no exported member named 'TransitStatusCardProps'. Did you mean 'TransitStatusCard'?
src/features/admin/containers/components/TransitStatusManager/index.ts(17,15): error TS2724: '"./components/TransitActionButtons"' has no exported member named 'TransitActionButtonsProps'. Did you mean 'TransitActionButtons'?
src/features/admin/containers/components/TransitStatusManager/index.ts(20,15): error TS2724: '"./components/StatusUpdateModal"' has no exported member named 'StatusUpdateModalProps'. Did you mean 'StatusUpdateModal'?
src/features/admin/containers/components/WaypointUpdateModal.tsx(22,10): error TS2459: Module '"../types/WaypointStatus"' declares 'WaypointStatus' locally, but it is not exported.
src/features/admin/containers/components/WaypointUpdateModal.tsx(22,32): error TS1149: File name 'C:/Users/hp/workspace/chinalink/chinalinexpress/src/features/admin/containers/types/WaypointStatus.ts' differs from already included file name 'C:/Users/hp/workspace/chinalink/chinalinexpress/src/features/admin/containers/types/waypointStatus.ts' only in casing.
  The file is in the program because:
    Imported via './waypointStatus' from file 'C:/Users/hp/workspace/chinalink/chinalinexpress/src/features/admin/containers/types/index.ts'
    Imported via './waypointStatus' from file 'C:/Users/hp/workspace/chinalink/chinalinexpress/src/features/admin/containers/types/index.ts'
    Imported via '../types/waypointStatus' from file 'C:/Users/hp/workspace/chinalink/chinalinexpress/src/features/admin/containers/hooks/useWaypoints.ts'
    Imported via '../types/waypointStatus' from file 'C:/Users/hp/workspace/chinalink/chinalinexpress/src/features/admin/containers/hooks/useWaypoints.ts'
    Imported via '../types/waypointStatus' from file 'C:/Users/hp/workspace/chinalink/chinalinexpress/src/features/admin/containers/hooks/useWaypoints.ts'
    Imported via '../types/waypointStatus' from file 'C:/Users/hp/workspace/chinalink/chinalinexpress/src/features/admin/containers/hooks/useWaypoints.ts'
    Imported via '../types/waypointStatus' from file 'C:/Users/hp/workspace/chinalink/chinalinexpress/src/features/admin/containers/hooks/useWaypoints.ts'
    Imported via '../../../types/waypointStatus' from file 'C:/Users/hp/workspace/chinalink/chinalinexpress/src/features/admin/containers/components/ContainerWaypointTracker/hooks/useContainerWaypointTracker.ts'
    Imported via '../../../types/waypointStatus' from file 'C:/Users/hp/workspace/chinalink/chinalinexpress/src/features/admin/containers/components/ContainerWaypointTracker/components/WaypointCard.tsx'
    Imported via '../../../types/waypointStatus' from file 'C:/Users/hp/workspace/chinalink/chinalinexpress/src/features/admin/containers/components/ContainerWaypointTracker/components/PortActions.tsx'
    Imported via '../types/WaypointStatus' from file 'C:/Users/hp/workspace/chinalink/chinalinexpress/src/features/admin/containers/components/WaypointUpdateModal.tsx'
    Imported via '../types/waypointStatus' from file 'C:/Users/hp/workspace/chinalink/chinalinexpress/src/features/admin/containers/components/WaypointUpdateModal.tsx'
    Imported via '@src/features/admin/containers/types/waypointStatus' from file 'C:/Users/hp/workspace/chinalink/chinalinexpress/src/features/customer/containers/screens/ContainerTrackingScreen.tsx'
    Matched by default include pattern '**/*'
src/features/admin/containers/hooks/useContainers.ts(8,10): error TS2305: Module '"../types/PackingList"' has no exported member 'PackingList'.
src/features/admin/containers/hooks/useContainers.ts(41,29): error TS2552: Cannot find name 'ApiResponse'. Did you mean 'Response'?
src/features/admin/containers/hooks/useTransitStatus.ts(14,3): error TS2724: '"../types/transitStatus"' has no exported member named 'TransitStatus'. Did you mean 'TransitStatusInfo'?
src/features/admin/containers/hooks/useTransitStatus.ts(15,3): error TS2305: Module '"../types/transitStatus"' has no exported member 'TransitHistoryEntry'.
src/features/admin/containers/hooks/useTransitStatus.ts(17,3): error TS2305: Module '"../types/transitStatus"' has no exported member 'BulkTransitUpdate'.
src/features/admin/containers/hooks/useTransitStatus.ts(18,3): error TS2305: Module '"../types/transitStatus"' has no exported member 'TransitValidationResponse'.
src/features/admin/containers/hooks/useTransitStatus.ts(19,3): error TS2305: Module '"../types/transitStatus"' has no exported member 'TransitProgress'.
src/features/admin/containers/hooks/useWaypoints.ts(454,47): error TS2339: Property 'getLocationCategory' does not exist on type 'Promise<typeof import("C:/Users/hp/workspace/chinalink/chinalinexpress/src/features/admin/containers/types/waypointStatus")>'.
src/features/admin/containers/hooks/useWaypoints.ts(455,49): error TS2339: Property 'getLocationCategory' does not exist on type 'Promise<typeof import("C:/Users/hp/workspace/chinalink/chinalinexpress/src/features/admin/containers/types/waypointStatus")>'.
src/features/admin/containers/hooks/useWaypoints.ts(456,52): error TS2339: Property 'getLocationCategory' does not exist on type 'Promise<typeof import("C:/Users/hp/workspace/chinalink/chinalinexpress/src/features/admin/containers/types/waypointStatus")>'.
src/features/admin/containers/screens/AssignGoods/components/GoodsListItem.tsx(55,33): error TS2339: Property 'shippingMode' does not exist on type 'Goods'.
src/features/admin/containers/screens/ClientPackingListGenerator/index.ts(7,50): error TS2307: Cannot find module './ClientPackingListGeneratorScreen' or its corresponding type declarations.
src/features/admin/containers/screens/ClientPackingListGenerator/index.ts(8,47): error TS2307: Cannot find module './hooks/useClientPackingListGenerator' or its corresponding type declarations.
src/features/admin/containers/screens/components/ContainerWaypointSection.tsx(106,86): error TS2339: Property 'finalDestination' does not exist on type 'WaypointsResponse'.
src/features/admin/containers/screens/components/ContainerWaypointSection.tsx(106,104): error TS2339: Property 'consignee' does not exist on type 'WaypointsResponse'.
src/features/admin/containers/screens/components/ErrorState.tsx(4,10): error TS2305: Module '"../../../../../shared/ui"' has no exported member 'Theme'.
src/features/admin/containers/screens/components/ErrorState.tsx(13,25): error TS2339: Property 'centerContent' does not exist on type '{ container: { flex: number; backgroundColor: string; }; loadingContainer: { flex: number; justifyContent: "center"; alignItems: "center"; }; loadingText: { marginTop: number; fontSize: number; color: string; }; ... 103 more ...; loadingCard: { ...; }; }'.
src/features/admin/containers/screens/ContainerDetailScreen.tsx(52,44): error TS2769: No overload matches this call.
  Overload 1 of 2, '(props: ViewProps): SafeAreaView', gave the following error.
    Type '{ children: Element[]; style: { flex: number; backgroundColor: string; }; edges: string[]; }' is not assignable to type 'IntrinsicAttributes & IntrinsicClassAttributes<SafeAreaView> & Readonly<ViewProps>'.
      Property 'edges' does not exist on type 'IntrinsicAttributes & IntrinsicClassAttributes<SafeAreaView> & Readonly<ViewProps>'.
  Overload 2 of 2, '(props: ViewProps, context: any): SafeAreaView', gave the following error.
    Type '{ children: Element[]; style: { flex: number; backgroundColor: string; }; edges: string[]; }' is not assignable to type 'IntrinsicAttributes & IntrinsicClassAttributes<SafeAreaView> & Readonly<ViewProps>'.
      Property 'edges' does not exist on type 'IntrinsicAttributes & IntrinsicClassAttributes<SafeAreaView> & Readonly<ViewProps>'.
src/features/admin/containers/screens/ContainerDetailScreen.tsx(56,11): error TS2322: Type 'ShippingMode' is not assignable to type '"air" | "sea" | "land" | undefined'.
  Type '"AIR"' is not assignable to type '"air" | "sea" | "land" | undefined'. Did you mean '"air"'?
src/features/admin/containers/screens/CreateContainer/hooks/useCreateContainerScreen.ts(62,28): error TS2352: Conversion of type 'import("C:/Users/hp/workspace/chinalink/chinalinexpress/src/features/admin/routes/types/index").Route[]' to type 'import("C:/Users/hp/workspace/chinalink/chinalinexpress/src/features/admin/containers/types/index").Route[]' may be a mistake because neither type sufficiently overlaps with the other. If this was intentional, convert the expression to 'unknown' first.
  Property 'isActive' is missing in type 'import("C:/Users/hp/workspace/chinalink/chinalinexpress/src/features/admin/routes/types/index").Route' but required in type 'import("C:/Users/hp/workspace/chinalink/chinalinexpress/src/features/admin/containers/types/index").Route'.
src/features/admin/containers/screens/CreateContainer/hooks/useCreateContainerScreen.ts(175,27): error TS2345: Argument of type '{ shippingMode: ShippingMode; shippingLine: ShippingLine | undefined; routeId: string; consigneeId: string; actualContainerNumber: string | undefined; bookingReference: string | undefined; }' is not assignable to parameter of type 'CreateContainerInput'.
  Types of property 'shippingLine' are incompatible.
    Type 'ShippingLine | undefined' is not assignable to type 'ShippingLine'.
      Type 'undefined' is not assignable to type 'ShippingLine'.
src/features/admin/containers/screens/hooks/useContainerDetailScreen.ts(52,55): error TS2345: Argument of type '[never, never]' is not assignable to parameter of type 'never'.
src/features/admin/containers/screens/hooks/useContainerDetailScreen.ts(53,148): error TS2345: Argument of type '[never, never]' is not assignable to parameter of type 'never'.
src/features/admin/containers/screens/hooks/useContainerDetailScreen.ts(54,144): error TS2345: Argument of type '[never, never]' is not assignable to parameter of type 'never'.
src/features/admin/containers/screens/LoadingList/components/LoadingSequenceList.tsx(5,33): error TS1149: File name 'C:/Users/hp/workspace/chinalink/chinalinexpress/src/features/admin/containers/types/packingList.ts' differs from already included file name 'C:/Users/hp/workspace/chinalink/chinalinexpress/src/features/admin/containers/types/PackingList.ts' only in casing.
  The file is in the program because:
    Imported via '../types/PackingList' from file 'C:/Users/hp/workspace/chinalink/chinalinexpress/src/features/admin/containers/services/ContainerService.ts'
    Imported via './packingList' from file 'C:/Users/hp/workspace/chinalink/chinalinexpress/src/features/admin/containers/types/index.ts'
    Imported via '../types/PackingList' from file 'C:/Users/hp/workspace/chinalink/chinalinexpress/src/features/admin/containers/hooks/useContainers.ts'
    Imported via '../types/packingList' from file 'C:/Users/hp/workspace/chinalink/chinalinexpress/src/features/admin/containers/components/ClientGoodsSection.tsx'
    Imported via '../types/packingList' from file 'C:/Users/hp/workspace/chinalink/chinalinexpress/src/features/admin/containers/components/LoadingSequenceItem.tsx'
    Imported via '../../../types/packingList' from file 'C:/Users/hp/workspace/chinalink/chinalinexpress/src/features/admin/containers/screens/PackingList/hooks/usePackingListScreen.ts'
    Imported via '../../../types/packingList' from file 'C:/Users/hp/workspace/chinalink/chinalinexpress/src/features/admin/containers/screens/PackingList/components/CapacityCard.tsx'
    Imported via '../../../types/packingList' from file 'C:/Users/hp/workspace/chinalink/chinalinexpress/src/features/admin/containers/screens/PackingList/components/SummaryCard.tsx'
    Imported via '../../../types/packingList' from file 'C:/Users/hp/workspace/chinalink/chinalinexpress/src/features/admin/containers/screens/PackingList/components/ClientSelector.tsx'
    Imported via '../../../types/packingList' from file 'C:/Users/hp/workspace/chinalink/chinalinexpress/src/features/admin/containers/screens/LoadingList/hooks/useLoadingListScreen.ts'
    Imported via '../../../types/packingList' from file 'C:/Users/hp/workspace/chinalink/chinalinexpress/src/features/admin/containers/screens/LoadingList/components/LoadingSequenceList.tsx'
    Matched by default include pattern '**/*'
src/features/admin/containers/screens/LoadingList/hooks/useLoadingListScreen.ts(14,8): error TS1149: File name 'C:/Users/hp/workspace/chinalink/chinalinexpress/src/features/admin/containers/types/packingList.ts' differs from already included file name 'C:/Users/hp/workspace/chinalink/chinalinexpress/src/features/admin/containers/types/PackingList.ts' only in casing.
  The file is in the program because:
    Imported via '../types/PackingList' from file 'C:/Users/hp/workspace/chinalink/chinalinexpress/src/features/admin/containers/services/ContainerService.ts'
    Imported via './packingList' from file 'C:/Users/hp/workspace/chinalink/chinalinexpress/src/features/admin/containers/types/index.ts'
    Imported via '../types/PackingList' from file 'C:/Users/hp/workspace/chinalink/chinalinexpress/src/features/admin/containers/hooks/useContainers.ts'
    Imported via '../types/packingList' from file 'C:/Users/hp/workspace/chinalink/chinalinexpress/src/features/admin/containers/components/ClientGoodsSection.tsx'
    Imported via '../types/packingList' from file 'C:/Users/hp/workspace/chinalink/chinalinexpress/src/features/admin/containers/components/LoadingSequenceItem.tsx'
    Imported via '../../../types/packingList' from file 'C:/Users/hp/workspace/chinalink/chinalinexpress/src/features/admin/containers/screens/PackingList/hooks/usePackingListScreen.ts'
    Imported via '../../../types/packingList' from file 'C:/Users/hp/workspace/chinalink/chinalinexpress/src/features/admin/containers/screens/PackingList/components/CapacityCard.tsx'
    Imported via '../../../types/packingList' from file 'C:/Users/hp/workspace/chinalink/chinalinexpress/src/features/admin/containers/screens/PackingList/components/SummaryCard.tsx'
    Imported via '../../../types/packingList' from file 'C:/Users/hp/workspace/chinalink/chinalinexpress/src/features/admin/containers/screens/PackingList/components/ClientSelector.tsx'
    Imported via '../../../types/packingList' from file 'C:/Users/hp/workspace/chinalink/chinalinexpress/src/features/admin/containers/screens/LoadingList/hooks/useLoadingListScreen.ts'
    Imported via '../../../types/packingList' from file 'C:/Users/hp/workspace/chinalink/chinalinexpress/src/features/admin/containers/screens/LoadingList/components/LoadingSequenceList.tsx'
    Matched by default include pattern '**/*'
src/features/admin/containers/screens/LoadingListScreen.tsx(112,25): error TS2322: Type 'ContainerSummary & { loadedItems: number; remainingItems: number; loadedCBM: number; remainingCBM: number; }' is not assignable to type 'LoadingSummary'.
  Types of property 'maxCBM' are incompatible.
    Type 'number | undefined' is not assignable to type 'number'.
      Type 'undefined' is not assignable to type 'number'.
src/features/admin/containers/screens/PackingList/components/CapacityCard.tsx(7,34): error TS1149: File name 'C:/Users/hp/workspace/chinalink/chinalinexpress/src/features/admin/containers/types/packingList.ts' differs from already included file name 'C:/Users/hp/workspace/chinalink/chinalinexpress/src/features/admin/containers/types/PackingList.ts' only in casing.
  The file is in the program because:
    Imported via '../types/PackingList' from file 'C:/Users/hp/workspace/chinalink/chinalinexpress/src/features/admin/containers/services/ContainerService.ts'
    Imported via './packingList' from file 'C:/Users/hp/workspace/chinalink/chinalinexpress/src/features/admin/containers/types/index.ts'
    Imported via '../types/PackingList' from file 'C:/Users/hp/workspace/chinalink/chinalinexpress/src/features/admin/containers/hooks/useContainers.ts'
    Imported via '../types/packingList' from file 'C:/Users/hp/workspace/chinalink/chinalinexpress/src/features/admin/containers/components/ClientGoodsSection.tsx'
    Imported via '../types/packingList' from file 'C:/Users/hp/workspace/chinalink/chinalinexpress/src/features/admin/containers/components/LoadingSequenceItem.tsx'
    Imported via '../../../types/packingList' from file 'C:/Users/hp/workspace/chinalink/chinalinexpress/src/features/admin/containers/screens/PackingList/hooks/usePackingListScreen.ts'
    Imported via '../../../types/packingList' from file 'C:/Users/hp/workspace/chinalink/chinalinexpress/src/features/admin/containers/screens/PackingList/components/CapacityCard.tsx'
    Imported via '../../../types/packingList' from file 'C:/Users/hp/workspace/chinalink/chinalinexpress/src/features/admin/containers/screens/PackingList/components/SummaryCard.tsx'
    Imported via '../../../types/packingList' from file 'C:/Users/hp/workspace/chinalink/chinalinexpress/src/features/admin/containers/screens/PackingList/components/ClientSelector.tsx'
    Imported via '../../../types/packingList' from file 'C:/Users/hp/workspace/chinalink/chinalinexpress/src/features/admin/containers/screens/LoadingList/hooks/useLoadingListScreen.ts'
    Imported via '../../../types/packingList' from file 'C:/Users/hp/workspace/chinalink/chinalinexpress/src/features/admin/containers/screens/LoadingList/components/LoadingSequenceList.tsx'
    Matched by default include pattern '**/*'
src/features/admin/containers/screens/PackingList/components/ClientSelector.tsx(9,34): error TS1149: File name 'C:/Users/hp/workspace/chinalink/chinalinexpress/src/features/admin/containers/types/packingList.ts' differs from already included file name 'C:/Users/hp/workspace/chinalink/chinalinexpress/src/features/admin/containers/types/PackingList.ts' only in casing.
  The file is in the program because:
    Imported via '../types/PackingList' from file 'C:/Users/hp/workspace/chinalink/chinalinexpress/src/features/admin/containers/services/ContainerService.ts'
    Imported via './packingList' from file 'C:/Users/hp/workspace/chinalink/chinalinexpress/src/features/admin/containers/types/index.ts'
    Imported via '../types/PackingList' from file 'C:/Users/hp/workspace/chinalink/chinalinexpress/src/features/admin/containers/hooks/useContainers.ts'
    Imported via '../types/packingList' from file 'C:/Users/hp/workspace/chinalink/chinalinexpress/src/features/admin/containers/components/ClientGoodsSection.tsx'
    Imported via '../types/packingList' from file 'C:/Users/hp/workspace/chinalink/chinalinexpress/src/features/admin/containers/components/LoadingSequenceItem.tsx'
    Imported via '../../../types/packingList' from file 'C:/Users/hp/workspace/chinalink/chinalinexpress/src/features/admin/containers/screens/PackingList/hooks/usePackingListScreen.ts'
    Imported via '../../../types/packingList' from file 'C:/Users/hp/workspace/chinalink/chinalinexpress/src/features/admin/containers/screens/PackingList/components/CapacityCard.tsx'
    Imported via '../../../types/packingList' from file 'C:/Users/hp/workspace/chinalink/chinalinexpress/src/features/admin/containers/screens/PackingList/components/SummaryCard.tsx'
    Imported via '../../../types/packingList' from file 'C:/Users/hp/workspace/chinalink/chinalinexpress/src/features/admin/containers/screens/PackingList/components/ClientSelector.tsx'
    Imported via '../../../types/packingList' from file 'C:/Users/hp/workspace/chinalink/chinalinexpress/src/features/admin/containers/screens/LoadingList/hooks/useLoadingListScreen.ts'
    Imported via '../../../types/packingList' from file 'C:/Users/hp/workspace/chinalink/chinalinexpress/src/features/admin/containers/screens/LoadingList/components/LoadingSequenceList.tsx'
    Matched by default include pattern '**/*'
src/features/admin/containers/screens/PackingList/components/SummaryCard.tsx(7,34): error TS1149: File name 'C:/Users/hp/workspace/chinalink/chinalinexpress/src/features/admin/containers/types/packingList.ts' differs from already included file name 'C:/Users/hp/workspace/chinalink/chinalinexpress/src/features/admin/containers/types/PackingList.ts' only in casing.
  The file is in the program because:
    Imported via '../types/PackingList' from file 'C:/Users/hp/workspace/chinalink/chinalinexpress/src/features/admin/containers/services/ContainerService.ts'
    Imported via './packingList' from file 'C:/Users/hp/workspace/chinalink/chinalinexpress/src/features/admin/containers/types/index.ts'
    Imported via '../types/PackingList' from file 'C:/Users/hp/workspace/chinalink/chinalinexpress/src/features/admin/containers/hooks/useContainers.ts'
    Imported via '../types/packingList' from file 'C:/Users/hp/workspace/chinalink/chinalinexpress/src/features/admin/containers/components/ClientGoodsSection.tsx'
    Imported via '../types/packingList' from file 'C:/Users/hp/workspace/chinalink/chinalinexpress/src/features/admin/containers/components/LoadingSequenceItem.tsx'
    Imported via '../../../types/packingList' from file 'C:/Users/hp/workspace/chinalink/chinalinexpress/src/features/admin/containers/screens/PackingList/hooks/usePackingListScreen.ts'
    Imported via '../../../types/packingList' from file 'C:/Users/hp/workspace/chinalink/chinalinexpress/src/features/admin/containers/screens/PackingList/components/CapacityCard.tsx'
    Imported via '../../../types/packingList' from file 'C:/Users/hp/workspace/chinalink/chinalinexpress/src/features/admin/containers/screens/PackingList/components/SummaryCard.tsx'
    Imported via '../../../types/packingList' from file 'C:/Users/hp/workspace/chinalink/chinalinexpress/src/features/admin/containers/screens/PackingList/components/ClientSelector.tsx'
    Imported via '../../../types/packingList' from file 'C:/Users/hp/workspace/chinalink/chinalinexpress/src/features/admin/containers/screens/LoadingList/hooks/useLoadingListScreen.ts'
    Imported via '../../../types/packingList' from file 'C:/Users/hp/workspace/chinalink/chinalinexpress/src/features/admin/containers/screens/LoadingList/components/LoadingSequenceList.tsx'
    Matched by default include pattern '**/*'
src/features/admin/containers/screens/PackingList/hooks/usePackingListScreen.ts(9,72): error TS1149: File name 'C:/Users/hp/workspace/chinalink/chinalinexpress/src/features/admin/containers/types/packingList.ts' differs from already included file name 'C:/Users/hp/workspace/chinalink/chinalinexpress/src/features/admin/containers/types/PackingList.ts' only in casing.
  The file is in the program because:
    Imported via '../types/PackingList' from file 'C:/Users/hp/workspace/chinalink/chinalinexpress/src/features/admin/containers/services/ContainerService.ts'
    Imported via './packingList' from file 'C:/Users/hp/workspace/chinalink/chinalinexpress/src/features/admin/containers/types/index.ts'
    Imported via '../types/PackingList' from file 'C:/Users/hp/workspace/chinalink/chinalinexpress/src/features/admin/containers/hooks/useContainers.ts'
    Imported via '../types/packingList' from file 'C:/Users/hp/workspace/chinalink/chinalinexpress/src/features/admin/containers/components/ClientGoodsSection.tsx'
    Imported via '../types/packingList' from file 'C:/Users/hp/workspace/chinalink/chinalinexpress/src/features/admin/containers/components/LoadingSequenceItem.tsx'
    Imported via '../../../types/packingList' from file 'C:/Users/hp/workspace/chinalink/chinalinexpress/src/features/admin/containers/screens/PackingList/hooks/usePackingListScreen.ts'
    Imported via '../../../types/packingList' from file 'C:/Users/hp/workspace/chinalink/chinalinexpress/src/features/admin/containers/screens/PackingList/components/CapacityCard.tsx'
    Imported via '../../../types/packingList' from file 'C:/Users/hp/workspace/chinalink/chinalinexpress/src/features/admin/containers/screens/PackingList/components/SummaryCard.tsx'
    Imported via '../../../types/packingList' from file 'C:/Users/hp/workspace/chinalink/chinalinexpress/src/features/admin/containers/screens/PackingList/components/ClientSelector.tsx'
    Imported via '../../../types/packingList' from file 'C:/Users/hp/workspace/chinalink/chinalinexpress/src/features/admin/containers/screens/LoadingList/hooks/useLoadingListScreen.ts'
    Imported via '../../../types/packingList' from file 'C:/Users/hp/workspace/chinalink/chinalinexpress/src/features/admin/containers/screens/LoadingList/components/LoadingSequenceList.tsx'
    Matched by default include pattern '**/*'
src/features/admin/containers/screens/PackingList/hooks/usePackingListScreen.ts(327,41): error TS7053: Element implicitly has an 'any' type because expression of type 'string' can't be used to index type 'Record<ShippingMode, string>'.
  No index signature with a parameter of type 'string' was found on type 'Record<ShippingMode, string>'.
src/features/admin/containers/screens/PackingList/hooks/usePackingListScreen.ts(331,72): error TS7053: Element implicitly has an 'any' type because expression of type 'string' can't be used to index type 'Record<ShippingLine, string>'.
  No index signature with a parameter of type 'string' was found on type 'Record<ShippingLine, string>'.
src/features/admin/containers/screens/PackingList/hooks/usePackingListScreen.ts(462,60): error TS7053: Element implicitly has an 'any' type because expression of type 'string' can't be used to index type 'Record<ShippingMode, string>'.
  No index signature with a parameter of type 'string' was found on type 'Record<ShippingMode, string>'.
src/features/admin/containers/screens/PackingList/hooks/usePackingListScreen.ts(463,64): error TS7053: Element implicitly has an 'any' type because expression of type 'string' can't be used to index type 'Record<ShippingLine, string>'.
  No index signature with a parameter of type 'string' was found on type 'Record<ShippingLine, string>'.
src/features/admin/containers/services/ContainerService.ts(8,10): error TS2305: Module '"../types/PackingList"' has no exported member 'PackingList'.
src/features/admin/containers/services/ContainerService.ts(8,29): error TS1261: Already included file name 'C:/Users/hp/workspace/chinalink/chinalinexpress/src/features/admin/containers/types/PackingList.ts' differs from file name 'C:/Users/hp/workspace/chinalink/chinalinexpress/src/features/admin/containers/types/packingList.ts' only in casing.
  The file is in the program because:
    Imported via '../types/PackingList' from file 'C:/Users/hp/workspace/chinalink/chinalinexpress/src/features/admin/containers/services/ContainerService.ts'
    Imported via './packingList' from file 'C:/Users/hp/workspace/chinalink/chinalinexpress/src/features/admin/containers/types/index.ts'
    Imported via '../types/PackingList' from file 'C:/Users/hp/workspace/chinalink/chinalinexpress/src/features/admin/containers/hooks/useContainers.ts'
    Imported via '../types/packingList' from file 'C:/Users/hp/workspace/chinalink/chinalinexpress/src/features/admin/containers/components/ClientGoodsSection.tsx'
    Imported via '../types/packingList' from file 'C:/Users/hp/workspace/chinalink/chinalinexpress/src/features/admin/containers/components/LoadingSequenceItem.tsx'
    Imported via '../../../types/packingList' from file 'C:/Users/hp/workspace/chinalink/chinalinexpress/src/features/admin/containers/screens/PackingList/hooks/usePackingListScreen.ts'
    Imported via '../../../types/packingList' from file 'C:/Users/hp/workspace/chinalink/chinalinexpress/src/features/admin/containers/screens/PackingList/components/CapacityCard.tsx'
    Imported via '../../../types/packingList' from file 'C:/Users/hp/workspace/chinalink/chinalinexpress/src/features/admin/containers/screens/PackingList/components/SummaryCard.tsx'
    Imported via '../../../types/packingList' from file 'C:/Users/hp/workspace/chinalink/chinalinexpress/src/features/admin/containers/screens/PackingList/components/ClientSelector.tsx'
    Imported via '../../../types/packingList' from file 'C:/Users/hp/workspace/chinalink/chinalinexpress/src/features/admin/containers/screens/LoadingList/hooks/useLoadingListScreen.ts'
    Imported via '../../../types/packingList' from file 'C:/Users/hp/workspace/chinalink/chinalinexpress/src/features/admin/containers/screens/LoadingList/components/LoadingSequenceList.tsx'
    Matched by default include pattern '**/*'
src/features/admin/containers/services/TransitStatusService.ts(10,3): error TS2724: '"../types/transitStatus"' has no exported member named 'BulkTransitStatusUpdate'. Did you mean 'TransitStatusUpdate'?
src/features/admin/containers/services/TransitStatusService.ts(11,3): error TS2305: Module '"../types/transitStatus"' has no exported member 'CurrentTransitStatus'.
src/features/admin/containers/services/TransitStatusService.ts(12,3): error TS2305: Module '"../types/transitStatus"' has no exported member 'TransitHistoryEntry'.
src/features/admin/containers/services/TransitStatusService.ts(13,3): error TS2305: Module '"../types/transitStatus"' has no exported member 'TransitTransitionValidation'.
src/features/admin/containers/services/TransitStatusService.ts(14,3): error TS2305: Module '"../types/transitStatus"' has no exported member 'TransitStatusResponse'.
src/features/admin/containers/services/TransitStatusService.ts(15,3): error TS2305: Module '"../types/transitStatus"' has no exported member 'TransitHistoryResponse'.
src/features/admin/containers/services/TransitStatusService.ts(16,3): error TS2305: Module '"../types/transitStatus"' has no exported member 'BulkTransitStatusResponse'.
src/features/admin/containers/types/index.ts(14,15): error TS1149: File name 'C:/Users/hp/workspace/chinalink/chinalinexpress/src/features/admin/containers/types/packingList.ts' differs from already included file name 'C:/Users/hp/workspace/chinalink/chinalinexpress/src/features/admin/containers/types/PackingList.ts' only in casing.
  The file is in the program because:
    Imported via '../types/PackingList' from file 'C:/Users/hp/workspace/chinalink/chinalinexpress/src/features/admin/containers/services/ContainerService.ts'
    Imported via './packingList' from file 'C:/Users/hp/workspace/chinalink/chinalinexpress/src/features/admin/containers/types/index.ts'
    Imported via '../types/PackingList' from file 'C:/Users/hp/workspace/chinalink/chinalinexpress/src/features/admin/containers/hooks/useContainers.ts'
    Imported via '../types/packingList' from file 'C:/Users/hp/workspace/chinalink/chinalinexpress/src/features/admin/containers/components/ClientGoodsSection.tsx'
    Imported via '../types/packingList' from file 'C:/Users/hp/workspace/chinalink/chinalinexpress/src/features/admin/containers/components/LoadingSequenceItem.tsx'
    Imported via '../../../types/packingList' from file 'C:/Users/hp/workspace/chinalink/chinalinexpress/src/features/admin/containers/screens/PackingList/hooks/usePackingListScreen.ts'
    Imported via '../../../types/packingList' from file 'C:/Users/hp/workspace/chinalink/chinalinexpress/src/features/admin/containers/screens/PackingList/components/CapacityCard.tsx'
    Imported via '../../../types/packingList' from file 'C:/Users/hp/workspace/chinalink/chinalinexpress/src/features/admin/containers/screens/PackingList/components/SummaryCard.tsx'
    Imported via '../../../types/packingList' from file 'C:/Users/hp/workspace/chinalink/chinalinexpress/src/features/admin/containers/screens/PackingList/components/ClientSelector.tsx'
    Imported via '../../../types/packingList' from file 'C:/Users/hp/workspace/chinalink/chinalinexpress/src/features/admin/containers/screens/LoadingList/hooks/useLoadingListScreen.ts'
    Imported via '../../../types/packingList' from file 'C:/Users/hp/workspace/chinalink/chinalinexpress/src/features/admin/containers/screens/LoadingList/components/LoadingSequenceList.tsx'
    Matched by default include pattern '**/*'
src/features/admin/containers/types/waypointStatus.ts(169,5): error TS2322: Type '"DEPARTED"' is not assignable to type 'ExtendedWaypointStatus'.
src/features/admin/containers/types/waypointStatus.ts(182,21): error TS2322: Type '"DEPARTED"' is not assignable to type 'ExtendedWaypointStatus'.
src/features/admin/containers/types/waypointStatus.ts(231,5): error TS2322: Type '"DEPARTED"' is not assignable to type 'ExtendedWaypointStatus'.
src/features/admin/containers/types/waypointStatus.ts(244,21): error TS2322: Type '"DEPARTED"' is not assignable to type 'ExtendedWaypointStatus'.
src/features/admin/containers/types/waypointStatus.ts(606,9): error TS2322: Type '"DEPARTED"' is not assignable to type 'ExtendedWaypointStatus'.
src/features/admin/containers/types/waypointStatus.ts(617,9): error TS2322: Type '"DEPARTED"' is not assignable to type 'ExtendedWaypointStatus'.
src/features/admin/dashboard/components/DashboardHeader.tsx(11,10): error TS2305: Module '"@src/shared/types"' has no exported member 'User'.
src/features/admin/dashboard/components/OutstandingPaymentsSection/index.tsx(30,27): error TS2322: Type '(options?: RefetchOptions | undefined) => Promise<QueryObserverResult<OutstandingPaymentsData, Error>>' is not assignable to type '(event: GestureResponderEvent) => void'.
  Types of parameters 'options' and 'event' are incompatible.
    Type 'NativeSyntheticEvent<NativeTouchEvent>' has no properties in common with type 'RefetchOptions'.
src/features/admin/dashboard/components/RecentOrders.tsx(44,48): error TS2345: Argument of type '[never, { id: string; }]' is not assignable to parameter of type 'never'.
src/features/admin/dashboard/components/RecentOrders.tsx(83,13): error TS2322: Type 'Element' is not assignable to type '((string | number | bigint | boolean | Value | AnimatedInterpolation<string | number> | WithAnimatedObject<ReactElement<unknown, string | JSXElementConstructor<any>>> | WithAnimatedObject<...> | WithAnimatedObject<...> | WithAnimatedObject<...> | null) & (string | number)) | undefined'.
  Type 'ReactElement<any, any>' is not assignable to type 'WithAnimatedObject<ReactPortal> & number'.
    Property 'children' is missing in type 'ReactElement<any, any>' but required in type 'WithAnimatedObject<ReactPortal>'.
src/features/admin/dashboard/components/SMSBalanceCard.tsx(26,55): error TS7053: Element implicitly has an 'any' type because expression of type '"success" | "warning" | "danger"' can't be used to index type 'Record<"success" | "link" | "text" | "danger" | "inputBorder" | "placeHolder" | "heading" | "black" | "lightergray" | "Crimson" | "lightCrimson" | "DarkGrey" | "DimGray" | "SlateGray" | ... 29 more ... | "dark", string>'.
  Property 'warning' does not exist on type 'Record<"success" | "link" | "text" | "danger" | "inputBorder" | "placeHolder" | "heading" | "black" | "lightergray" | "Crimson" | "lightCrimson" | "DarkGrey" | "DimGray" | "SlateGray" | ... 29 more ... | "dark", string>'.
src/features/admin/dashboard/components/SMSBalanceCard.tsx(32,14): error TS7053: Element implicitly has an 'any' type because expression of type '"success" | "warning" | "danger"' can't be used to index type 'Record<"success" | "link" | "text" | "danger" | "inputBorder" | "placeHolder" | "heading" | "black" | "lightergray" | "Crimson" | "lightCrimson" | "DarkGrey" | "DimGray" | "SlateGray" | ... 29 more ... | "dark", string>'.
  Property 'warning' does not exist on type 'Record<"success" | "link" | "text" | "danger" | "inputBorder" | "placeHolder" | "heading" | "black" | "lightergray" | "Crimson" | "lightCrimson" | "DarkGrey" | "DimGray" | "SlateGray" | ... 29 more ... | "dark", string>'.
src/features/admin/dashboard/components/UnassignedGoodsSection/index.tsx(36,38): error TS2339: Property 'shippingMode' does not exist on type 'UnassignedGoodsItem'.
src/features/admin/dashboard/components/UnassignedGoodsSection/index.tsx(37,38): error TS2339: Property 'shippingMode' does not exist on type 'UnassignedGoodsItem'.
src/features/admin/dashboard/hooks/useAdminDashboard.ts(30,5): error TS2322: Type 'string[]' is not assignable to type 'ContainerStatus | undefined'.
src/features/admin/dashboard/hooks/useUnassignedGoods.ts(57,50): error TS2339: Property 'shippingMode' does not exist on type 'UnassignedGoodsItem'.
src/features/admin/dashboard/hooks/useUnassignedGoods.ts(58,50): error TS2339: Property 'shippingMode' does not exist on type 'UnassignedGoodsItem'.
src/features/admin/dashboard/hooks/useUnassignedGoods.ts(58,79): error TS2339: Property 'shippingMode' does not exist on type 'UnassignedGoodsItem'.
src/features/admin/dashboard/screens/AdminDashBoard.tsx(33,25): error TS2322: Type '{ totalUnits: any; usedUnits: any; percentageUsed: number; status: string; }' is not assignable to type '{ totalUnits: number; percentageUsed: number; status: "success" | "warning" | "danger"; }'.
  Types of property 'status' are incompatible.
    Type 'string' is not assignable to type '"success" | "warning" | "danger"'.
src/features/admin/dashboard/screens/UnassignedGoodsScreen.tsx(94,55): error TS2339: Property 'shippingMode' does not exist on type 'UnassignedGoodsItem'.
src/features/admin/export/api/exportApi.ts(8,26): error TS1261: Already included file name 'C:/Users/hp/workspace/chinalink/chinalinexpress/src/services/Token.ts' differs from file name 'C:/Users/hp/workspace/chinalink/chinalinexpress/src/services/token.ts' only in casing.
  The file is in the program because:
    Imported via "../../../../services/Token" from file 'C:/Users/hp/workspace/chinalink/chinalinexpress/src/features/admin/export/api/exportApi.ts'
    Matched by default include pattern '**/*'
src/features/admin/export/components/BackupManager.tsx(87,55): error TS2554: Expected 1-2 arguments, but got 0.
src/features/admin/export/components/BackupManager.tsx(325,9): error TS2322: Type 'Backup[]' is not assignable to type 'readonly Backup[]'.
  Type 'Backup' is missing the following properties from type 'Backup': restore, updatedAt
src/features/admin/export/components/ExportDataModal.tsx(193,32): error TS2349: This expression is not callable.
  No constituent of type 'ExportFormat' is callable.
src/features/admin/export/components/ExportDataModal.tsx(205,30): error TS2349: This expression is not callable.
  No constituent of type 'ExportFormat' is callable.
src/features/admin/export/components/ExportDataModal.tsx(333,9): error TS2322: Type '(params: { date: Date; }) => void' is not assignable to type 'RangeChange | SingleChange | MultiConfirm'.
  Type '(params: { date: Date; }) => void' is not assignable to type 'RangeChange'.
    Types of parameters 'params' and 'params' are incompatible.
      Property 'date' is missing in type '{ startDate: CalendarDate; endDate: CalendarDate; }' but required in type '{ date: Date; }'.
src/features/admin/export/hooks/useExport.ts(31,5): error TS2322: Type '(request: ExportRequest) => Promise<ExportResponse>' is not assignable to type 'MutationFunction<ExportResponse, ExportRequest>'.
  Type 'Promise<import("C:/Users/hp/workspace/chinalink/chinalinexpress/src/features/admin/export/api/exportApi").ExportResponse>' is not assignable to type 'Promise<import("C:/Users/hp/workspace/chinalink/chinalinexpress/src/features/admin/export/types/index").ExportResponse>'.
    Type 'import("C:/Users/hp/workspace/chinalink/chinalinexpress/src/features/admin/export/api/exportApi").ExportResponse' is not assignable to type 'import("C:/Users/hp/workspace/chinalink/chinalinexpress/src/features/admin/export/types/index").ExportResponse'.
      Types of property 'entity' are incompatible.
        Type 'string' is not assignable to type 'ExportEntity'.
src/features/admin/export/hooks/useExport.ts(55,5): error TS2322: Type '(request: ExportRequest) => Promise<ExportResponse>' is not assignable to type 'MutationFunction<ExportResponse, ExportRequest>'.
  Type 'Promise<import("C:/Users/hp/workspace/chinalink/chinalinexpress/src/features/admin/export/api/exportApi").ExportResponse>' is not assignable to type 'Promise<import("C:/Users/hp/workspace/chinalink/chinalinexpress/src/features/admin/export/types/index").ExportResponse>'.
    Type 'import("C:/Users/hp/workspace/chinalink/chinalinexpress/src/features/admin/export/api/exportApi").ExportResponse' is not assignable to type 'import("C:/Users/hp/workspace/chinalink/chinalinexpress/src/features/admin/export/types/index").ExportResponse'.
      Types of property 'entity' are incompatible.
        Type 'string' is not assignable to type 'ExportEntity'.
src/features/admin/export/hooks/useExport.ts(79,5): error TS2322: Type '(request: ExportRequest) => Promise<ExportResponse>' is not assignable to type 'MutationFunction<ExportResponse, ExportRequest>'.
  Type 'Promise<import("C:/Users/hp/workspace/chinalink/chinalinexpress/src/features/admin/export/api/exportApi").ExportResponse>' is not assignable to type 'Promise<import("C:/Users/hp/workspace/chinalink/chinalinexpress/src/features/admin/export/types/index").ExportResponse>'.
    Type 'import("C:/Users/hp/workspace/chinalink/chinalinexpress/src/features/admin/export/api/exportApi").ExportResponse' is not assignable to type 'import("C:/Users/hp/workspace/chinalink/chinalinexpress/src/features/admin/export/types/index").ExportResponse'.
      Types of property 'entity' are incompatible.
        Type 'string' is not assignable to type 'ExportEntity'.
src/features/admin/export/hooks/useExport.ts(103,5): error TS2322: Type '(request: ExportRequest) => Promise<ExportResponse>' is not assignable to type 'MutationFunction<ExportResponse, ExportRequest>'.
  Type 'Promise<import("C:/Users/hp/workspace/chinalink/chinalinexpress/src/features/admin/export/api/exportApi").ExportResponse>' is not assignable to type 'Promise<import("C:/Users/hp/workspace/chinalink/chinalinexpress/src/features/admin/export/types/index").ExportResponse>'.
    Type 'import("C:/Users/hp/workspace/chinalink/chinalinexpress/src/features/admin/export/api/exportApi").ExportResponse' is not assignable to type 'import("C:/Users/hp/workspace/chinalink/chinalinexpress/src/features/admin/export/types/index").ExportResponse'.
      Types of property 'entity' are incompatible.
        Type 'string' is not assignable to type 'ExportEntity'.
src/features/admin/export/hooks/useExport.ts(127,5): error TS2322: Type '({ entity, request }: { entity: ExportEntity; request: ExportRequest; }) => Promise<ExportResponse>' is not assignable to type 'MutationFunction<ExportResponse, { entity: ExportEntity; request: ExportRequest; }>'.
  Type 'Promise<import("C:/Users/hp/workspace/chinalink/chinalinexpress/src/features/admin/export/api/exportApi").ExportResponse>' is not assignable to type 'Promise<import("C:/Users/hp/workspace/chinalink/chinalinexpress/src/features/admin/export/types/index").ExportResponse>'.
    Type 'import("C:/Users/hp/workspace/chinalink/chinalinexpress/src/features/admin/export/api/exportApi").ExportResponse' is not assignable to type 'import("C:/Users/hp/workspace/chinalink/chinalinexpress/src/features/admin/export/types/index").ExportResponse'.
      Types of property 'entity' are incompatible.
        Type 'string' is not assignable to type 'ExportEntity'.
src/features/admin/export/hooks/useExport.ts(225,5): error TS2769: No overload matches this call.
  Overload 1 of 3, '(options: DefinedInitialDataOptions<ExportLog, Error, ExportLog, readonly unknown[]>, queryClient?: QueryClient | undefined): DefinedUseQueryResult<...>', gave the following error.
    Type '() => Promise<exportApi.ExportLog>' is not assignable to type 'QueryFunction<ExportLog, readonly unknown[]>'.
      Type 'Promise<ExportLog>' is not assignable to type 'ExportLog | Promise<ExportLog>'.
        Type 'Promise<import("C:/Users/hp/workspace/chinalink/chinalinexpress/src/features/admin/export/api/exportApi").ExportLog>' is not assignable to type 'Promise<import("C:/Users/hp/workspace/chinalink/chinalinexpress/src/features/admin/export/types/index").ExportLog>'.
          Property 'updatedAt' is missing in type 'import("C:/Users/hp/workspace/chinalink/chinalinexpress/src/features/admin/export/api/exportApi").ExportLog' but required in type 'import("C:/Users/hp/workspace/chinalink/chinalinexpress/src/features/admin/export/types/index").ExportLog'.
  Overload 2 of 3, '(options: UndefinedInitialDataOptions<ExportLog, Error, ExportLog, readonly unknown[]>, queryClient?: QueryClient | undefined): UseQueryResult<...>', gave the following error.
    Type '() => Promise<exportApi.ExportLog>' is not assignable to type 'unique symbol | QueryFunction<ExportLog, readonly unknown[], never> | undefined'.
      Type '() => Promise<exportApi.ExportLog>' is not assignable to type 'QueryFunction<ExportLog, readonly unknown[], never>'.
        Type 'Promise<ExportLog>' is not assignable to type 'ExportLog | Promise<ExportLog>'.
          Type 'Promise<import("C:/Users/hp/workspace/chinalink/chinalinexpress/src/features/admin/export/api/exportApi").ExportLog>' is not assignable to type 'Promise<import("C:/Users/hp/workspace/chinalink/chinalinexpress/src/features/admin/export/types/index").ExportLog>'.
            Property 'updatedAt' is missing in type 'import("C:/Users/hp/workspace/chinalink/chinalinexpress/src/features/admin/export/api/exportApi").ExportLog' but required in type 'import("C:/Users/hp/workspace/chinalink/chinalinexpress/src/features/admin/export/types/index").ExportLog'.
  Overload 3 of 3, '(options: UseQueryOptions<ExportLog, Error, ExportLog, readonly unknown[]>, queryClient?: QueryClient | undefined): UseQueryResult<ExportLog, Error>', gave the following error.
    Type '() => Promise<exportApi.ExportLog>' is not assignable to type 'unique symbol | QueryFunction<ExportLog, readonly unknown[], never> | undefined'.
      Type '() => Promise<exportApi.ExportLog>' is not assignable to type 'QueryFunction<ExportLog, readonly unknown[], never>'.
        Type 'Promise<ExportLog>' is not assignable to type 'ExportLog | Promise<ExportLog>'.
          Type 'Promise<import("C:/Users/hp/workspace/chinalink/chinalinexpress/src/features/admin/export/api/exportApi").ExportLog>' is not assignable to type 'Promise<import("C:/Users/hp/workspace/chinalink/chinalinexpress/src/features/admin/export/types/index").ExportLog>'.
            Property 'updatedAt' is missing in type 'import("C:/Users/hp/workspace/chinalink/chinalinexpress/src/features/admin/export/api/exportApi").ExportLog' but required in type 'import("C:/Users/hp/workspace/chinalink/chinalinexpress/src/features/admin/export/types/index").ExportLog'.
src/features/admin/export/hooks/useExport.ts(283,5): error TS2769: No overload matches this call.
  Overload 1 of 3, '(options: DefinedInitialDataOptions<Backup, Error, Backup, readonly unknown[]>, queryClient?: QueryClient | undefined): DefinedUseQueryResult<...>', gave the following error.
    Type '() => Promise<exportApi.Backup>' is not assignable to type 'QueryFunction<Backup, readonly unknown[]>'.
      Type 'Promise<Backup>' is not assignable to type 'Backup | Promise<Backup>'.
        Type 'Promise<import("C:/Users/hp/workspace/chinalink/chinalinexpress/src/features/admin/export/api/exportApi").Backup>' is not assignable to type 'Promise<import("C:/Users/hp/workspace/chinalink/chinalinexpress/src/features/admin/export/types/index").Backup>'.
          Type 'Backup' is missing the following properties from type 'Backup': restore, updatedAt
  Overload 2 of 3, '(options: UndefinedInitialDataOptions<Backup, Error, Backup, readonly unknown[]>, queryClient?: QueryClient | undefined): UseQueryResult<...>', gave the following error.
    Type '() => Promise<exportApi.Backup>' is not assignable to type 'unique symbol | QueryFunction<Backup, readonly unknown[], never> | undefined'.
      Type '() => Promise<exportApi.Backup>' is not assignable to type 'QueryFunction<Backup, readonly unknown[], never>'.
        Type 'Promise<Backup>' is not assignable to type 'Backup | Promise<Backup>'.
          Type 'Promise<import("C:/Users/hp/workspace/chinalink/chinalinexpress/src/features/admin/export/api/exportApi").Backup>' is not assignable to type 'Promise<import("C:/Users/hp/workspace/chinalink/chinalinexpress/src/features/admin/export/types/index").Backup>'.
            Type 'Backup' is missing the following properties from type 'Backup': restore, updatedAt
  Overload 3 of 3, '(options: UseQueryOptions<Backup, Error, Backup, readonly unknown[]>, queryClient?: QueryClient | undefined): UseQueryResult<Backup, Error>', gave the following error.
    Type '() => Promise<exportApi.Backup>' is not assignable to type 'unique symbol | QueryFunction<Backup, readonly unknown[], never> | undefined'.
      Type '() => Promise<exportApi.Backup>' is not assignable to type 'QueryFunction<Backup, readonly unknown[], never>'.
        Type 'Promise<Backup>' is not assignable to type 'Backup | Promise<Backup>'.
          Type 'Promise<import("C:/Users/hp/workspace/chinalink/chinalinexpress/src/features/admin/export/api/exportApi").Backup>' is not assignable to type 'Promise<import("C:/Users/hp/workspace/chinalink/chinalinexpress/src/features/admin/export/types/index").Backup>'.
            Type 'Backup' is missing the following properties from type 'Backup': restore, updatedAt
src/features/admin/export/hooks/useExport.ts(293,5): error TS2322: Type '(collections: string[] | undefined) => Promise<Backup>' is not assignable to type 'MutationFunction<Backup, string[] | undefined>'.
  Type 'Promise<import("C:/Users/hp/workspace/chinalink/chinalinexpress/src/features/admin/export/api/exportApi").Backup>' is not assignable to type 'Promise<import("C:/Users/hp/workspace/chinalink/chinalinexpress/src/features/admin/export/types/index").Backup>'.
    Type 'Backup' is missing the following properties from type 'Backup': restore, updatedAt
src/features/admin/export/index.ts(11,1): error TS2308: Module "./api/exportApi" has already exported a member named 'Backup'. Consider explicitly re-exporting to resolve the ambiguity.
src/features/admin/export/index.ts(11,1): error TS2308: Module "./api/exportApi" has already exported a member named 'ExportFilters'. Consider explicitly re-exporting to resolve the ambiguity.
src/features/admin/export/index.ts(11,1): error TS2308: Module "./api/exportApi" has already exported a member named 'ExportLog'. Consider explicitly re-exporting to resolve the ambiguity.
src/features/admin/export/index.ts(11,1): error TS2308: Module "./api/exportApi" has already exported a member named 'ExportRequest'. Consider explicitly re-exporting to resolve the ambiguity.
src/features/admin/export/index.ts(11,1): error TS2308: Module "./api/exportApi" has already exported a member named 'ExportResponse'. Consider explicitly re-exporting to resolve the ambiguity.
src/features/admin/export/index.ts(11,1): error TS2308: Module "./api/exportApi" has already exported a member named 'ScheduledExportRequest'. Consider explicitly re-exporting to resolve the ambiguity.
src/features/admin/export/screens/DataExportScreen.tsx(347,19): error TS2322: Type 'ExportLog[]' is not assignable to type 'readonly ExportLog[]'.
  Property 'updatedAt' is missing in type 'import("C:/Users/hp/workspace/chinalink/chinalinexpress/src/features/admin/export/api/exportApi").ExportLog' but required in type 'import("C:/Users/hp/workspace/chinalink/chinalinexpress/src/features/admin/export/types/index").ExportLog'.
src/features/admin/goods/components/ClientSearchSection.tsx(201,39): error TS2345: Argument of type '{ item: userData; }' is not assignable to parameter of type '{ item: userData; index: number; }'.
  Property 'index' is missing in type '{ item: userData; }' but required in type '{ item: userData; index: number; }'.
src/features/admin/goods/components/GoodsContainerAssignment/index.tsx(34,35): error TS2820: Type '"truck-container"' is not assignable to type '"symbol" | "function" | "package-variant-closed" | "credit-card" | "truck-delivery" | "message-reply" | "file-document" | "certificate" | "cog" | "bell" | "check-circle" | ... 7437 more ... | undefined'. Did you mean '"truck-outline"'?
src/features/admin/goods/components/GoodsContainerAssignment/index.tsx(41,39): error TS2820: Type '"container"' is not assignable to type '"symbol" | "function" | "package-variant-closed" | "credit-card" | "truck-delivery" | "message-reply" | "file-document" | "certificate" | "cog" | "bell" | "check-circle" | ... 7437 more ... | undefined'. Did you mean '"contain"'?
src/features/admin/goods/components/GoodsContainerAssignment/index.tsx(61,37): error TS2322: Type '"container-off"' is not assignable to type '"symbol" | "function" | "package-variant-closed" | "credit-card" | "truck-delivery" | "message-reply" | "file-document" | "certificate" | "cog" | "bell" | "check-circle" | ... 7437 more ... | undefined'.
src/features/admin/goods/components/GoodsHeader/index.tsx(95,17): error TS2339: Property 'Divider' does not exist on type '{ ({ visible, statusBarHeight, overlayAccessibilityLabel, testID, anchor, onDismiss, anchorPosition, contentStyle, style, elevation, mode, children, theme: themeOverrides, keyboardShouldPersistTaps, }: Props): Element; Item: { ({ leadingIcon, trailingIcon, dense, title, disabled, background, onPress, style, containe...'.
src/features/admin/goods/components/GoodsListContent.tsx(91,7): error TS2322: Type '{ data: Goods[]; keyExtractor: (item: Goods) => string; renderItem: ListRenderItem<Goods>; contentContainerStyle: { paddingTop: number; paddingBottom: number; }; ... 4 more ...; ListEmptyComponent: Element; }' is not assignable to type 'IntrinsicAttributes & FlashListProps<Goods> & { ref?: Ref<FlashListRef<Goods>> | undefined; }'.
  Property 'getItemLayout' does not exist on type 'IntrinsicAttributes & FlashListProps<Goods> & { ref?: Ref<FlashListRef<Goods>> | undefined; }'.
src/features/admin/goods/components/GoodsLocationInfo/index.tsx(49,41): error TS2820: Type '"truck-container"' is not assignable to type '"symbol" | "function" | "package-variant-closed" | "credit-card" | "truck-delivery" | "message-reply" | "file-document" | "certificate" | "cog" | "bell" | "check-circle" | ... 7437 more ... | undefined'. Did you mean '"truck-outline"'?
src/features/admin/goods/components/GoodsQRCode/index.tsx(61,37): error TS2820: Type '"qrcode-off"' is not assignable to type '"symbol" | "function" | "package-variant-closed" | "credit-card" | "truck-delivery" | "message-reply" | "file-document" | "certificate" | "cog" | "bell" | "check-circle" | ... 7437 more ... | undefined'. Did you mean '"barcode-off"'?
src/features/admin/goods/components/ReceivedGoodsList/index.tsx(52,9): error TS2322: Type 'Client | null' is not assignable to type 'userData | null'.
  Type 'Client' is missing the following properties from type 'userData': firstName, lastName, role, _id, avatar
src/features/admin/goods/components/ReceivedGoodsList/index.tsx(53,9): error TS2322: Type '(client: Client | null) => void' is not assignable to type '(client: userData | null) => void'.
  Types of parameters 'client' and 'client' are incompatible.
    Type 'userData | null' is not assignable to type 'Client | null'.
      Property 'name' is missing in type 'userData' but required in type 'Client'.
src/features/admin/goods/components/ReceivedGoodsList/index.tsx(95,13): error TS2607: JSX element class does not support attributes because it does not have a 'props' property.
src/features/admin/goods/components/ReceivedGoodsList/index.tsx(95,14): error TS2786: 'Text' cannot be used as a JSX component.
  Its type '{ new (data?: string | undefined): Text; prototype: Text; }' is not a valid JSX element type.
    Type '{ new (data?: string | undefined): Text; prototype: Text; }' is not assignable to type 'new (props: any, context: any) => Component<any, any, any>'.
      Type 'Text' is missing the following properties from type 'Component<any, any, any>': context, setState, forceUpdate, render, and 2 more.
src/features/admin/goods/hooks/useGoodsAssignment.ts(9,10): error TS2305: Module '"@src/shared/lib"' has no exported member 'showSuccessToast'.
src/features/admin/goods/hooks/useGoodsAssignment.ts(9,28): error TS2305: Module '"@src/shared/lib"' has no exported member 'showErrorToast'.
src/features/admin/goods/hooks/useGoodsDetail.ts(24,5): error TS2769: No overload matches this call.
  Overload 1 of 3, '(options: DefinedInitialDataOptions<ApiResponse<Goods>, ApiClientError, ApiResponse<Goods>, readonly unknown[]>, queryClient?: QueryClient | undefined): DefinedUseQueryResult<...>', gave the following error.
    Type '() => Promise<ApiResponse<Goods>>' is not assignable to type 'QueryFunction<ApiResponse<Goods>, readonly unknown[]>'.
      Type 'Promise<ApiResponse<Goods>>' is not assignable to type 'ApiResponse<Goods> | Promise<ApiResponse<Goods>>'.
        Type 'Promise<import("C:/Users/hp/workspace/chinalink/chinalinexpress/src/api/types").ApiResponse<import("C:/Users/hp/workspace/chinalink/chinalinexpress/src/features/admin/goods/types/index").Goods>>' is not assignable to type 'Promise<import("C:/Users/hp/workspace/chinalink/chinalinexpress/src/api/types").ApiResponse<import("C:/Users/hp/workspace/chinalink/chinalinexpress/src/shared/types/goods").Goods>>'.
          Type 'import("C:/Users/hp/workspace/chinalink/chinalinexpress/src/api/types").ApiResponse<import("C:/Users/hp/workspace/chinalink/chinalinexpress/src/features/admin/goods/types/index").Goods>' is not assignable to type 'import("C:/Users/hp/workspace/chinalink/chinalinexpress/src/api/types").ApiResponse<import("C:/Users/hp/workspace/chinalink/chinalinexpress/src/shared/types/goods").Goods>'.
            Type 'import("C:/Users/hp/workspace/chinalink/chinalinexpress/src/features/admin/goods/types/index").Goods' is not assignable to type 'import("C:/Users/hp/workspace/chinalink/chinalinexpress/src/shared/types/goods").Goods'.
              Types of property 'receivedBy' are incompatible.
                Type 'string | { firstName?: string | undefined; lastName?: string | undefined; }' is not assignable to type 'string'.
                  Type '{ firstName?: string | undefined; lastName?: string | undefined; }' is not assignable to type 'string'.
  Overload 2 of 3, '(options: UndefinedInitialDataOptions<ApiResponse<Goods>, ApiClientError, ApiResponse<Goods>, readonly unknown[]>, queryClient?: QueryClient | undefined): UseQueryResult<...>', gave the following error.
    Type '() => Promise<ApiResponse<Goods>>' is not assignable to type 'unique symbol | QueryFunction<ApiResponse<Goods>, readonly unknown[], never> | undefined'.
      Type '() => Promise<ApiResponse<Goods>>' is not assignable to type 'QueryFunction<ApiResponse<Goods>, readonly unknown[], never>'.
        Type 'Promise<ApiResponse<Goods>>' is not assignable to type 'ApiResponse<Goods> | Promise<ApiResponse<Goods>>'.
          Type 'Promise<import("C:/Users/hp/workspace/chinalink/chinalinexpress/src/api/types").ApiResponse<import("C:/Users/hp/workspace/chinalink/chinalinexpress/src/features/admin/goods/types/index").Goods>>' is not assignable to type 'Promise<import("C:/Users/hp/workspace/chinalink/chinalinexpress/src/api/types").ApiResponse<import("C:/Users/hp/workspace/chinalink/chinalinexpress/src/shared/types/goods").Goods>>'.
            Type 'import("C:/Users/hp/workspace/chinalink/chinalinexpress/src/api/types").ApiResponse<import("C:/Users/hp/workspace/chinalink/chinalinexpress/src/features/admin/goods/types/index").Goods>' is not assignable to type 'import("C:/Users/hp/workspace/chinalink/chinalinexpress/src/api/types").ApiResponse<import("C:/Users/hp/workspace/chinalink/chinalinexpress/src/shared/types/goods").Goods>'.
              Type 'import("C:/Users/hp/workspace/chinalink/chinalinexpress/src/features/admin/goods/types/index").Goods' is not assignable to type 'import("C:/Users/hp/workspace/chinalink/chinalinexpress/src/shared/types/goods").Goods'.
                Types of property 'receivedBy' are incompatible.
                  Type 'string | { firstName?: string | undefined; lastName?: string | undefined; }' is not assignable to type 'string'.
                    Type '{ firstName?: string | undefined; lastName?: string | undefined; }' is not assignable to type 'string'.
  Overload 3 of 3, '(options: UseQueryOptions<ApiResponse<Goods>, ApiClientError, ApiResponse<Goods>, readonly unknown[]>, queryClient?: QueryClient | undefined): UseQueryResult<...>', gave the following error.
    Type '() => Promise<ApiResponse<Goods>>' is not assignable to type 'unique symbol | QueryFunction<ApiResponse<Goods>, readonly unknown[], never> | undefined'.
      Type '() => Promise<ApiResponse<Goods>>' is not assignable to type 'QueryFunction<ApiResponse<Goods>, readonly unknown[], never>'.
        Type 'Promise<ApiResponse<Goods>>' is not assignable to type 'ApiResponse<Goods> | Promise<ApiResponse<Goods>>'.
          Type 'Promise<import("C:/Users/hp/workspace/chinalink/chinalinexpress/src/api/types").ApiResponse<import("C:/Users/hp/workspace/chinalink/chinalinexpress/src/features/admin/goods/types/index").Goods>>' is not assignable to type 'Promise<import("C:/Users/hp/workspace/chinalink/chinalinexpress/src/api/types").ApiResponse<import("C:/Users/hp/workspace/chinalink/chinalinexpress/src/shared/types/goods").Goods>>'.
            Type 'import("C:/Users/hp/workspace/chinalink/chinalinexpress/src/api/types").ApiResponse<import("C:/Users/hp/workspace/chinalink/chinalinexpress/src/features/admin/goods/types/index").Goods>' is not assignable to type 'import("C:/Users/hp/workspace/chinalink/chinalinexpress/src/api/types").ApiResponse<import("C:/Users/hp/workspace/chinalink/chinalinexpress/src/shared/types/goods").Goods>'.
              Type 'import("C:/Users/hp/workspace/chinalink/chinalinexpress/src/features/admin/goods/types/index").Goods' is not assignable to type 'import("C:/Users/hp/workspace/chinalink/chinalinexpress/src/shared/types/goods").Goods'.
                Types of property 'receivedBy' are incompatible.
                  Type 'string | { firstName?: string | undefined; lastName?: string | undefined; }' is not assignable to type 'string'.
                    Type '{ firstName?: string | undefined; lastName?: string | undefined; }' is not assignable to type 'string'.
src/features/admin/goods/hooks/useGoodsDetailScreen.ts(18,58): error TS2322: Type 'string[]' is not assignable to type 'ContainerStatus | undefined'.
src/features/admin/goods/hooks/useGoodsDetailScreen.ts(22,5): error TS2339: Property 'selectedContainerId' does not exist on type '{ assignToContainer: (containerId: string) => Promise<ApiResponse<void>>; unassignFromContainer: () => Promise<ApiResponse<void>>; isAssigning: boolean; isUnassigning: boolean; }'.
src/features/admin/goods/hooks/useGoodsDetailScreen.ts(23,5): error TS2339: Property 'setSelectedContainerId' does not exist on type '{ assignToContainer: (containerId: string) => Promise<ApiResponse<void>>; unassignFromContainer: () => Promise<ApiResponse<void>>; isAssigning: boolean; isUnassigning: boolean; }'.
src/features/admin/goods/hooks/useGoodsDetailScreen.ts(26,26): error TS2345: Argument of type '{ onSuccess: () => void; onError: (error: any) => void; }' is not assignable to parameter of type 'string'.
src/features/admin/goods/hooks/useGoodsDetailScreen.ts(37,11): error TS2339: Property 'updateStatus' does not exist on type 'UseMutationResult<unknown, Error, GoodsStatus, unknown>'.
src/features/admin/goods/hooks/useGoodsDetailScreen.ts(37,43): error TS2345: Argument of type '{ onSuccess: (options?: RefetchOptions) => Promise<QueryObserverResult<NoInfer<TQueryFnData>, ApiClientError>>; }' is not assignable to parameter of type 'string'.
src/features/admin/goods/hooks/useGoodsDetailScreen.ts(43,23): error TS2339: Property 'data' does not exist on type 'NonNullable<NoInfer<TQueryFnData>>'.
src/features/admin/goods/hooks/useGoodsDetailScreen.ts(43,44): error TS2339: Property 'data' does not exist on type 'NonNullable<NoInfer<TQueryFnData>>'.
src/features/admin/goods/hooks/useGoodsDetailScreen.ts(70,36): error TS2554: Expected 1 arguments, but got 2.
src/features/admin/goods/hooks/useGoodsList.ts(69,43): error TS2339: Property 'goods' does not exist on type 'PaginatedResponse<Goods>'.
src/features/admin/goods/hooks/useGoodsStatus.ts(2,10): error TS2305: Module '"../api/goodsApi"' has no exported member 'goodsApi'.
src/features/admin/goods/hooks/useReceiveGoodsForm.ts(214,11): error TS2741: Property 'shippingMode' is missing in type '{ clientId: string; description: string; actualCBM: number; weight: number; quantity: number; unitPrice: number; location: string; receivedByName: string; expressTrackingNumber: string | undefined; receivedDate: string | undefined; }' but required in type 'ReceiveGoodsInput'.
src/features/admin/goods/screens/GoodsDetailScreen/components/dialogs/index.ts(6,10): error TS2724: '"./ContainerAssignmentDialog"' has no exported member named 'showContainerAssignmentDialog'. Did you mean 'ContainerAssignmentDialog'?
src/features/admin/goods/screens/GoodsDetailScreen/components/dialogs/index.ts(7,34): error TS2305: Module '"./StatusUpdateDialog"' has no exported member 'showStatusUpdateError'.
src/features/admin/goods/screens/GoodsDetailScreen/components/dialogs/index.ts(7,57): error TS2305: Module '"./StatusUpdateDialog"' has no exported member 'showStatusUpdateSuccess'.
src/features/admin/goods/screens/GoodsDetailScreen/components/GoodsDetailLocation.tsx(45,41): error TS2820: Type '"truck-container"' is not assignable to type '"symbol" | "function" | "package-variant-closed" | "credit-card" | "truck-delivery" | "message-reply" | "file-document" | "certificate" | "cog" | "bell" | "check-circle" | ... 7437 more ... | undefined'. Did you mean '"truck-outline"'?
src/features/admin/goods/screens/GoodsDetailScreen/components/GoodsDetailQRCode.tsx(51,37): error TS2820: Type '"qrcode-off"' is not assignable to type '"symbol" | "function" | "package-variant-closed" | "credit-card" | "truck-delivery" | "message-reply" | "file-document" | "certificate" | "cog" | "bell" | "check-circle" | ... 7437 more ... | undefined'. Did you mean '"barcode-off"'?
src/features/admin/goods/screens/GoodsDetailScreen/components/LocationCard.tsx(36,39): error TS2820: Type '"truck-container"' is not assignable to type '"symbol" | "function" | "package-variant-closed" | "credit-card" | "truck-delivery" | "message-reply" | "file-document" | "certificate" | "cog" | "bell" | "check-circle" | ... 7437 more ... | undefined'. Did you mean '"truck-outline"'?
src/features/admin/goods/screens/GoodsDetailScreen/components/QRCard.tsx(42,35): error TS2820: Type '"qrcode-off"' is not assignable to type '"symbol" | "function" | "package-variant-closed" | "credit-card" | "truck-delivery" | "message-reply" | "file-document" | "certificate" | "cog" | "bell" | "check-circle" | ... 7437 more ... | undefined'. Did you mean '"barcode-off"'?
src/features/admin/goods/screens/GoodsDetailScreen/GoodsDetailScreen.styles.ts(141,3): error TS1117: An object literal cannot have multiple properties with the same name.
src/features/admin/goods/screens/GoodsDetailScreen/GoodsDetailSkeleton.tsx(9,26): error TS2307: Cannot find module '@src/shared/ui/Skeleton' or its corresponding type declarations.
src/features/admin/goods/screens/GoodsDetailScreen/hooks/useGoodsDetailScreen.ts(39,58): error TS2322: Type 'string[]' is not assignable to type 'ContainerStatus | undefined'.
src/features/admin/goods/screens/GoodsDetailScreen/hooks/useGoodsDetailScreen.ts(47,29): error TS2551: Property 'goods' does not exist on type 'Goods'. Did you mean 'goodsId'?
src/features/admin/goods/screens/GoodsDetailScreen/hooks/useGoodsDetailScreen.ts(133,25): error TS2345: Argument of type '[never, never]' is not assignable to parameter of type 'never'.
src/features/admin/goods/screens/GoodsListScreen/components/GoodsList.tsx(87,7): error TS2322: Type 'import("C:/Users/hp/workspace/chinalink/chinalinexpress/node_modules/@react-native/virtualized-lists/Lists/VirtualizedList").ListRenderItem<import("C:/Users/hp/workspace/chinalink/chinalinexpress/src/features/admin/goods/types/index").Goods>' is not assignable to type 'import("C:/Users/hp/workspace/chinalink/chinalinexpress/node_modules/@shopify/flash-list/dist/FlashListProps").ListRenderItem<import("C:/Users/hp/workspace/chinalink/chinalinexpress/src/features/admin/goods/types/index").Goods>'.
  Types of parameters 'info' and 'info' are incompatible.
    Property 'separators' is missing in type 'import("C:/Users/hp/workspace/chinalink/chinalinexpress/node_modules/@shopify/flash-list/dist/FlashListProps").ListRenderItemInfo<import("C:/Users/hp/workspace/chinalink/chinalinexpress/src/features/admin/goods/types/index").Goods>' but required in type 'import("C:/Users/hp/workspace/chinalink/chinalinexpress/node_modules/@react-native/virtualized-lists/Lists/VirtualizedList").ListRenderItemInfo<import("C:/Users/hp/workspace/chinalink/chinalinexpress/src/features/admin/goods/types/index").Goods>'.
src/features/admin/goods/screens/index.ts(12,3): error TS2305: Module '"./GoodsDetailScreen/components"' has no exported member 'StatusBadge'.
src/features/admin/goods/screens/index.ts(14,3): error TS2305: Module '"./GoodsDetailScreen/components"' has no exported member 'GoodsDetailInfo'.
src/features/admin/goods/screens/index.ts(15,3): error TS2305: Module '"./GoodsDetailScreen/components"' has no exported member 'GoodsDetailPhysicalProps'.
src/features/admin/goods/screens/index.ts(16,3): error TS2305: Module '"./GoodsDetailScreen/components"' has no exported member 'GoodsDetailLocation'.
src/features/admin/goods/screens/index.ts(17,3): error TS2305: Module '"./GoodsDetailScreen/components"' has no exported member 'GoodsDetailPricing'.
src/features/admin/goods/screens/index.ts(18,3): error TS2305: Module '"./GoodsDetailScreen/components"' has no exported member 'GoodsDetailReception'.
src/features/admin/goods/screens/index.ts(19,3): error TS2305: Module '"./GoodsDetailScreen/components"' has no exported member 'GoodsDetailQRCode'.
src/features/admin/goods/screens/index.ts(20,3): error TS2305: Module '"./GoodsDetailScreen/components"' has no exported member 'GoodsDetailPhoto'.
src/features/admin/goods/screens/index.ts(21,3): error TS2305: Module '"./GoodsDetailScreen/components"' has no exported member 'GoodsDetailActions'.
src/features/admin/goods/screens/index.ts(22,3): error TS2305: Module '"./GoodsDetailScreen/components"' has no exported member 'GoodsDetailSkeleton'.
src/features/admin/goods/screens/ReceiveGoodsScreen/components/GoodsConditionSelector.tsx(11,45): error TS2307: Cannot find module '../../types' or its corresponding type declarations.
src/features/admin/goods/screens/ReceiveGoodsScreen/components/GoodsDimensionsInput.tsx(12,43): error TS2307: Cannot find module '../../types' or its corresponding type declarations.
src/features/admin/goods/screens/ReceiveGoodsScreen/components/GoodsDimensionsInput.tsx(55,31): error TS2322: Type '{ label: string; value: any; onChangeText: () => void; error: any; keyboardType: "decimal-pad"; placeholder: string; suffix: string; editable: boolean; disabled: true; }' is not assignable to type 'IntrinsicAttributes & FormInputProps'.
  Property 'editable' does not exist on type 'IntrinsicAttributes & FormInputProps'.
src/features/admin/goods/screens/ReceiveGoodsScreen/components/GoodsPhotosUpload.tsx(10,40): error TS2307: Cannot find module '../../types' or its corresponding type declarations.
src/features/admin/goods/screens/ReceiveGoodsScreen/components/GoodsPhotosUpload.tsx(91,29): error TS7006: Parameter 'uri' implicitly has an 'any' type.
src/features/admin/goods/screens/ReceiveGoodsScreen/components/GoodsPhotosUpload.tsx(91,34): error TS7006: Parameter 'index' implicitly has an 'any' type.
src/features/admin/goods/screens/ReceiveGoodsScreen/components/ReceiveGoodsForm.tsx(14,68): error TS2307: Cannot find module '../../types' or its corresponding type declarations.
src/features/admin/goods/screens/ReceiveGoodsScreen/components/ReceiveGoodsForm.tsx(41,3): error TS2339: Property 'control' does not exist on type 'ReceiveGoodsFormProps'.
src/features/admin/goods/screens/ReceiveGoodsScreen/components/ReceiveGoodsForm.tsx(42,3): error TS2339: Property 'errors' does not exist on type 'ReceiveGoodsFormProps'.
src/features/admin/goods/screens/ReceiveGoodsScreen/components/ReceiveGoodsForm.tsx(43,3): error TS2339: Property 'setValue' does not exist on type 'ReceiveGoodsFormProps'.
src/features/admin/goods/screens/ReceiveGoodsScreen/components/ReceiveGoodsForm.tsx(44,3): error TS2339: Property 'watch' does not exist on type 'ReceiveGoodsFormProps'.
src/features/admin/goods/screens/ReceiveGoodsScreen/hooks/useReceiveGoodsForm.ts(10,10): error TS2305: Module '"../../../../types"' has no exported member 'ReceiveGoodsInput'.
src/features/admin/goods/screens/ReceiveGoodsScreen/hooks/useReceiveGoodsForm.ts(70,5): error TS2322: Type 'Resolver<{ quantity: string; unitPrice: string; location: string; description: string; weight: string; receivedByName: string; length?: string | undefined; shippingMode?: "AIR" | "SEA" | undefined; ... 5 more ...; condition?: "used" | ... 2 more ... | undefined; }, any, { ...; }>' is not assignable to type 'Resolver<{ quantity: string; shippingMode: "AIR" | "SEA"; unitPrice: string; location: string; description: string; weight: string; receivedByName: string; condition: "used" | "new" | "damaged"; ... 5 more ...; cbm?: string | undefined; }, any, { ...; }>'.
  Types of parameters 'options' and 'options' are incompatible.
    Type 'ResolverOptions<{ quantity: string; shippingMode: "AIR" | "SEA"; unitPrice: string; location: string; description: string; weight: string; receivedByName: string; condition: "used" | "new" | "damaged"; ... 5 more ...; cbm?: string | undefined; }>' is not assignable to type 'ResolverOptions<{ quantity: string; unitPrice: string; location: string; description: string; weight: string; receivedByName: string; length?: string | undefined; shippingMode?: "AIR" | "SEA" | undefined; ... 5 more ...; condition?: "used" | ... 2 more ... | undefined; }>'.
      Type '"AIR" | "SEA" | undefined' is not assignable to type '"AIR" | "SEA"'.
        Type 'undefined' is not assignable to type '"AIR" | "SEA"'.
src/features/admin/goods/screens/ReceiveGoodsScreen/hooks/useReceiveGoodsForm.ts(203,5): error TS2322: Type 'Control<{ quantity: string; shippingMode: "AIR" | "SEA"; unitPrice: string; location: string; description: string; weight: string; receivedByName: string; condition: "used" | "new" | "damaged"; ... 5 more ...; cbm?: string | undefined; }, any, TFieldValues>' is not assignable to type 'Control<{ quantity: string; shippingMode: "AIR" | "SEA"; unitPrice: string; location: string; description: string; weight: string; receivedByName: string; condition: "used" | "new" | "damaged"; ... 5 more ...; cbm?: string | undefined; }, any, { ...; }>'.
  The types of '_options.resolver' are incompatible between these types.
    Type 'Resolver<{ quantity: string; shippingMode: "AIR" | "SEA"; unitPrice: string; location: string; description: string; weight: string; receivedByName: string; condition: "used" | "new" | "damaged"; ... 5 more ...; cbm?: string | undefined; }, any, TFieldValues> | undefined' is not assignable to type 'Resolver<{ quantity: string; shippingMode: "AIR" | "SEA"; unitPrice: string; location: string; description: string; weight: string; receivedByName: string; condition: "used" | "new" | "damaged"; ... 5 more ...; cbm?: string | undefined; }, any, { ...; }> | undefined'.
      Type 'Resolver<{ quantity: string; shippingMode: "AIR" | "SEA"; unitPrice: string; location: string; description: string; weight: string; receivedByName: string; condition: "used" | "new" | "damaged"; ... 5 more ...; cbm?: string | undefined; }, any, TFieldValues>' is not assignable to type 'Resolver<{ quantity: string; shippingMode: "AIR" | "SEA"; unitPrice: string; location: string; description: string; weight: string; receivedByName: string; condition: "used" | "new" | "damaged"; ... 5 more ...; cbm?: string | undefined; }, any, { ...; }>'.
        Type 'ResolverResult<{ quantity: string; shippingMode: "AIR" | "SEA"; unitPrice: string; location: string; description: string; weight: string; receivedByName: string; condition: "used" | "new" | "damaged"; ... 5 more ...; cbm?: string | undefined; }, TFieldValues> | Promise<...>' is not assignable to type 'ResolverResult<{ quantity: string; shippingMode: "AIR" | "SEA"; unitPrice: string; location: string; description: string; weight: string; receivedByName: string; condition: "used" | "new" | "damaged"; ... 5 more ...; cbm?: string | undefined; }, { ...; }> | Promise<...>'.
          Type 'ResolverSuccess<TFieldValues>' is not assignable to type 'ResolverResult<{ quantity: string; shippingMode: "AIR" | "SEA"; unitPrice: string; location: string; description: string; weight: string; receivedByName: string; condition: "used" | "new" | "damaged"; ... 5 more ...; cbm?: string | undefined; }, { ...; }> | Promise<...>'.
            Type 'ResolverSuccess<TFieldValues>' is not assignable to type 'ResolverSuccess<{ quantity: string; shippingMode: "AIR" | "SEA"; unitPrice: string; location: string; description: string; weight: string; receivedByName: string; condition: "used" | "new" | "damaged"; ... 5 more ...; cbm?: string | undefined; }>'.
              Type 'TFieldValues' is not assignable to type '{ quantity: string; shippingMode: "AIR" | "SEA"; unitPrice: string; location: string; description: string; weight: string; receivedByName: string; condition: "used" | "new" | "damaged"; ... 5 more ...; cbm?: string | undefined; }'.
                Type 'FieldValues' is missing the following properties from type '{ quantity: string; shippingMode: "AIR" | "SEA"; unitPrice: string; location: string; description: string; weight: string; receivedByName: string; condition: "used" | "new" | "damaged"; ... 5 more ...; cbm?: string | undefined; }': quantity, shippingMode, unitPrice, location, and 4 more.
src/features/admin/goods/screens/ReceiveGoodsScreen/hooks/useReceiveGoodsForm.ts(204,5): error TS2322: Type 'UseFormHandleSubmit<{ quantity: string; shippingMode: "AIR" | "SEA"; unitPrice: string; location: string; description: string; weight: string; receivedByName: string; condition: "used" | "new" | "damaged"; ... 5 more ...; cbm?: string | undefined; }, TFieldValues>' is not assignable to type 'UseFormHandleSubmit<{ quantity: string; shippingMode: "AIR" | "SEA"; unitPrice: string; location: string; description: string; weight: string; receivedByName: string; condition: "used" | "new" | "damaged"; ... 5 more ...; cbm?: string | undefined; }, { ...; }>'.
  Types of parameters 'onValid' and 'onValid' are incompatible.
    Types of parameters 'data' and 'data' are incompatible.
      Type 'TFieldValues' is not assignable to type '{ quantity: string; shippingMode: "AIR" | "SEA"; unitPrice: string; location: string; description: string; weight: string; receivedByName: string; condition: "used" | "new" | "damaged"; ... 5 more ...; cbm?: string | undefined; }'.
        Type 'FieldValues' is missing the following properties from type '{ quantity: string; shippingMode: "AIR" | "SEA"; unitPrice: string; location: string; description: string; weight: string; receivedByName: string; condition: "used" | "new" | "damaged"; ... 5 more ...; cbm?: string | undefined; }': quantity, shippingMode, unitPrice, location, and 4 more.
src/features/admin/goods/screens/ReceiveGoodsScreen/hooks/useReceiveGoodsScreen.ts(13,45): error TS2307: Cannot find module '@src/navigations/types' or its corresponding type declarations.
src/features/admin/goods/screens/ReceiveGoodsScreen/hooks/useReceiveGoodsScreen.ts(101,30): error TS2352: Conversion of type '{ clientName: string; clientPhone: string; packageWeight: number; quantity: number; unitPrice: number; shippingMode: "air" | "sea"; packageCBM: string; userId: string; status: "Active"; images: never[]; ... 4 more ...; priceTotal: number; }' to type 'productType' may be a mistake because neither type sufficiently overlaps with the other. If this was intentional, convert the expression to 'unknown' first.
  Type '{ clientName: string; clientPhone: string; packageWeight: number; quantity: number; unitPrice: number; shippingMode: "air" | "sea"; packageCBM: string; userId: string; status: "Active"; images: never[]; ... 4 more ...; priceTotal: number; }' is missing the following properties from type 'productType': route, category, dateOfReceipt, contenairNumber
src/features/admin/goods/screens/ReceiveGoodsScreen/ReceiveGoodsScreen.tsx(21,51): error TS2339: Property 'scrollContent' does not exist on type '{ container: { flex: number; backgroundColor: string; }; keyboardView: { flex: number; }; header: { paddingHorizontal: number; paddingVertical: number; backgroundColor: string; borderBottomWidth: number; borderBottomColor: string; }; ... 18 more ...; dividerText: { ...; }; }'.
src/features/admin/goods/screens/ReceiveGoodsScreen/ReceiveGoodsScreen.tsx(29,15): error TS2322: Type '{ control: Control<{ quantity: string; shippingMode: "AIR" | "SEA"; unitPrice: string; location: string; description: string; weight: string; receivedByName: string; condition: "used" | "new" | "damaged"; ... 5 more ...; cbm?: string | undefined; }, any, { ...; }>; ... 12 more ...; totalCost: number; }' is not assignable to type 'IntrinsicAttributes & ReceiveGoodsFormProps'.
  Property 'control' does not exist on type 'IntrinsicAttributes & ReceiveGoodsFormProps'.
src/features/admin/goods/screens/VoidGoodsListScreen.tsx(47,5): error TS2322: Type 'string | undefined' is not assignable to type 'GoodsStatus | undefined'.
  Type 'string' is not assignable to type 'GoodsStatus | undefined'.
src/features/admin/goods/screens/VoidGoodsListScreen.tsx(51,53): error TS2339: Property 'goods' does not exist on type 'PaginatedResponse<Goods>'.
src/features/admin/goods/screens/VoidGoodsListScreen.tsx(54,25): error TS2345: Argument of type '[never, never]' is not assignable to parameter of type 'never'.
src/features/admin/goods/screens/VoidGoodsListScreen.tsx(75,13): error TS2322: Type 'Element' is not assignable to type '((string | number | bigint | boolean | Value | AnimatedInterpolation<string | number> | WithAnimatedObject<ReactElement<unknown, string | JSXElementConstructor<any>>> | WithAnimatedObject<...> | WithAnimatedObject<...> | WithAnimatedObject<...> | null) & (string | number)) | undefined'.
  Type 'ReactElement<any, any>' is not assignable to type 'WithAnimatedObject<ReactPortal> & number'.
    Property 'children' is missing in type 'ReactElement<any, any>' but required in type 'WithAnimatedObject<ReactPortal>'.
src/features/admin/goods/screens/VoidGoodsListScreen.tsx(102,10): error TS2367: This comparison appears to be unintentional because the types 'GoodsStatus' and '"VOID"' have no overlap.
src/features/admin/goods/screens/VoidGoodsListScreen.tsx(119,9): error TS2353: Object literal may only specify known properties, and 'subtitle' does not exist in type 'ReactElement<unknown, string | JSXElementConstructor<any>> | Iterable<ReactNode> | ReactPortal | Promise<...> | HeaderConfig'.
src/features/admin/goods/screens/VoidGoodsListScreen.tsx(168,39): error TS2820: Type '"package-variant-off"' is not assignable to type '"symbol" | "function" | "package-variant-closed" | "credit-card" | "truck-delivery" | "message-reply" | "file-document" | "certificate" | "cog" | "bell" | "check-circle" | ... 7437 more ... | undefined'. Did you mean '"package-variant"'?
src/features/admin/index.ts(24,1): error TS2308: Module "./consignees" has already exported a member named 'ApiResponse'. Consider explicitly re-exporting to resolve the ambiguity.
src/features/admin/index.ts(24,1): error TS2308: Module "./containers" has already exported a member named 'Route'. Consider explicitly re-exporting to resolve the ambiguity.
src/features/admin/index.ts(24,1): error TS2308: Module "./containers" has already exported a member named 'RouteFilters'. Consider explicitly re-exporting to resolve the ambiguity.
src/features/admin/index.ts(24,1): error TS2308: Module "./containers" has already exported a member named 'SHIPPING_LINE_LABELS'. Consider explicitly re-exporting to resolve the ambiguity.
src/features/admin/index.ts(24,1): error TS2308: Module "./containers" has already exported a member named 'SHIPPING_MODE_COLORS'. Consider explicitly re-exporting to resolve the ambiguity.
src/features/admin/index.ts(24,1): error TS2308: Module "./containers" has already exported a member named 'SHIPPING_MODE_LABELS'. Consider explicitly re-exporting to resolve the ambiguity.
src/features/admin/index.ts(24,1): error TS2308: Module "./containers" has already exported a member named 'ShippingLine'. Consider explicitly re-exporting to resolve the ambiguity.
src/features/admin/index.ts(24,1): error TS2308: Module "./containers" has already exported a member named 'ShippingMode'. Consider explicitly re-exporting to resolve the ambiguity.
src/features/admin/index.ts(30,1): error TS2308: Module "./goods" has already exported a member named 'PaginationParams'. Consider explicitly re-exporting to resolve the ambiguity.
src/features/admin/orders/api/orderApi.ts(29,43): error TS7006: Parameter 'g' implicitly has an 'any' type.
src/features/admin/orders/api/orderApi.ts(30,41): error TS7006: Parameter 'g' implicitly has an 'any' type.
src/features/admin/orders/api/types.ts(1,15): error TS2305: Module '"@src/shared/types"' has no exported member 'Order'.
src/features/admin/orders/api/types.ts(1,22): error TS2305: Module '"@src/shared/types"' has no exported member 'OrderTotals'.
src/features/admin/orders/api/types.ts(1,35): error TS2305: Module '"@src/shared/types"' has no exported member 'OrderGoods'.
src/features/admin/orders/screens/BatchUpdate.tsx(38,13): error TS2339: Property 'getFullYear' does not exist on type 'never'.
src/features/admin/orders/screens/BatchUpdate.tsx(39,13): error TS2339: Property 'getMonth' does not exist on type 'never'.
src/features/admin/orders/screens/BatchUpdate.tsx(40,7): error TS2869: Right operand of ?? is unreachable because the left operand is never nullish.
src/features/admin/orders/screens/BatchUpdate.tsx(40,13): error TS2339: Property 'getDate' does not exist on type 'never'.
src/features/admin/orders/screens/BatchUpdate.tsx(102,13): error TS2322: Type 'NativeStackNavigationProp<RootStackParamList, "BatchUpdate", undefined>' is not assignable to type 'navigationProps'.
  Type 'NativeStackNavigationProp<RootStackParamList, "BatchUpdate", undefined>' is not assignable to type '{ getParent<T = NavigationProp<ParamListBase, string, undefined, Readonly<{ key: string; index: number; routeNames: string[]; history?: unknown[] | undefined; routes: NavigationRoute<ParamListBase, string>[]; type: string; stale: false; }>, {}, {}> | undefined>(id?: undefined): T; setParams(params: Partial<...>): vo...'.
    Types of property 'setParams' are incompatible.
      Type '(params: undefined) => void' is not assignable to type '(params: Partial<unknown>) => void'.
        Types of parameters 'params' and 'params' are incompatible.
          Type 'Partial<unknown>' is not assignable to type 'undefined'.
src/features/admin/orders/screens/BatchUpdate.tsx(151,13): error TS2322: Type '{ id: string | undefined; name: string; info: string; images: string; currentStatus: string | undefined; shippingMode: string | undefined; code: string | undefined; lastUpdate: string | undefined; price: number | undefined; packageWeight: string; }[]' is not assignable to type 'Item[]'.
  Type '{ id: string | undefined; name: string; info: string; images: string; currentStatus: string | undefined; shippingMode: string | undefined; code: string | undefined; lastUpdate: string | undefined; price: number | undefined; packageWeight: string; }' is not assignable to type 'Item'.
    Types of property 'id' are incompatible.
      Type 'string | undefined' is not assignable to type 'string'.
        Type 'undefined' is not assignable to type 'string'.
src/features/admin/orders/screens/components/FilterMenu.tsx(21,41): error TS2339: Property 'filterButton' does not exist on type '{ container: { flex: number; backgroundColor: string; }; searchBar: { marginHorizontal: number; marginTop: number; marginBottom: number; backgroundColor: string; borderRadius: number; elevation: number; ... 4 more ...; height: number; }; ... 5 more ...; loadMoreIndicator: { ...; }; }'.
src/features/admin/orders/screens/components/FilterMenu.tsx(23,31): error TS2339: Property 'filterText' does not exist on type '{ container: { flex: number; backgroundColor: string; }; searchBar: { marginHorizontal: number; marginTop: number; marginBottom: number; backgroundColor: string; borderRadius: number; elevation: number; ... 4 more ...; height: number; }; ... 5 more ...; loadMoreIndicator: { ...; }; }'.
src/features/admin/orders/screens/components/OrderCard.tsx(75,42): error TS2345: Argument of type '[never, { id: any; }]' is not assignable to parameter of type 'never'.
src/features/admin/orders/screens/components/OrderDetailSkeleton.tsx(17,7): error TS2769: No overload matches this call.
  Overload 1 of 2, '(props: ViewProps): View', gave the following error.
    Type '{ width: string | number; height: number; borderRadius: number; marginBottom: number; }' is not assignable to type 'ViewStyle | Falsy | RecursiveArray<ViewStyle | Falsy> | readonly (ViewStyle | Falsy)[]'.
      Types of property 'width' are incompatible.
        Type 'string | number' is not assignable to type 'DimensionValue | undefined'.
          Type 'string' is not assignable to type 'DimensionValue | undefined'.
  Overload 2 of 2, '(props: ViewProps, context: any): View', gave the following error.
    Type '{ width: string | number; height: number; borderRadius: number; marginBottom: number; }' is not assignable to type 'ViewStyle | Falsy | RecursiveArray<ViewStyle | Falsy> | readonly (ViewStyle | Falsy)[]'.
      Types of property 'width' are incompatible.
        Type 'string | number' is not assignable to type 'DimensionValue | undefined'.
          Type 'string' is not assignable to type 'DimensionValue | undefined'.
src/features/admin/orders/screens/components/OrderGoodsSection.tsx(23,80): error TS2339: Property 'primary' does not exist on type 'Record<"success" | "link" | "text" | "danger" | "inputBorder" | "placeHolder" | "heading" | "black" | "lightergray" | "Crimson" | "lightCrimson" | "DarkGrey" | "DimGray" | "SlateGray" | ... 29 more ... | "dark", string>'.
src/features/admin/orders/screens/components/OrderGoodsSection.tsx(91,19): error TS2339: Property 'primary' does not exist on type 'Record<"success" | "link" | "text" | "danger" | "inputBorder" | "placeHolder" | "heading" | "black" | "lightergray" | "Crimson" | "lightCrimson" | "DarkGrey" | "DimGray" | "SlateGray" | ... 29 more ... | "dark", string>'.
src/features/admin/orders/screens/components/PaymentSection.tsx(85,25): error TS2345: Argument of type '[never, never]' is not assignable to parameter of type 'never'.
src/features/admin/orders/screens/components/PaymentSection.tsx(96,25): error TS2345: Argument of type '[never, never]' is not assignable to parameter of type 'never'.
src/features/admin/orders/screens/EditOrder.tsx(112,29): error TS7006: Parameter 'params' implicitly has an 'any' type.
src/features/admin/orders/screens/EditOrder.tsx(131,13): error TS2322: Type 'Date' is not assignable to type 'string'.
src/features/admin/orders/screens/EditOrder.tsx(132,13): error TS2322: Type 'string' is not assignable to type '{ name: string; _id: string; }'.
src/features/admin/orders/screens/EditOrder.tsx(385,36): error TS2820: Type '"checkcircle"' is not assignable to type '"number" | "function" | "credit-card" | "bell" | "check-circle" | "alert" | "close-circle" | "phone" | "history" | "key" | "filter" | "search" | "bold" | "link" | "user" | "delete" | ... 433 more ... | undefined'. Did you mean '"check-circle"'?
src/features/admin/orders/screens/EditOrder.tsx(499,25): error TS2322: Type 'Date | null' is not assignable to type 'CalendarDate'.
  Type 'null' is not assignable to type 'CalendarDate'.
src/features/admin/orders/screens/OrderDetailScreen.tsx(77,25): error TS2345: Argument of type '[never, never]' is not assignable to parameter of type 'never'.
src/features/admin/orders/screens/OrderDetailScreen.tsx(103,9): error TS2353: Object literal may only specify known properties, and 'subtitle' does not exist in type 'ReactElement<unknown, string | JSXElementConstructor<any>> | Iterable<ReactNode> | ReactPortal | Promise<...> | HeaderConfig'.
src/features/admin/orders/screens/OrderTotalsBreakdownScreen.tsx(22,11): error TS2339: Property 'orderId' does not exist on type 'undefined'.
src/features/admin/orders/screens/PastOrder.tsx(81,45): error TS2345: Argument of type 'undefined' is not assignable to parameter of type 'Date'.
src/features/admin/orders/screens/PastOrder.tsx(125,16): error TS18048: 'item.code' is possibly 'undefined'.
src/features/admin/orders/screens/PastOrder.tsx(144,19): error TS2322: Type '{ title: string; onPress: (options?: RefetchOptions | undefined) => Promise<QueryObserverResult<InfiniteData<productType[], unknown>, Error>>; style: { ...; }; textStyle: { ...; }; }' is not assignable to type 'IntrinsicAttributes & Props'.
  Property 'textStyle' does not exist on type 'IntrinsicAttributes & Props'.
src/features/admin/orders/screens/PastOrder.tsx(223,13): error TS2322: Type '{ data: productType[]; keyExtractor: (item: productType) => string; renderItem: ({ item }: ListRenderItemInfo<productType>) => Element; ... 8 more ...; windowSize: number; }' is not assignable to type 'IntrinsicAttributes & FlashListProps<productType> & { ref?: Ref<FlashListRef<productType>> | undefined; }'.
  Property 'initialNumToRender' does not exist on type 'IntrinsicAttributes & FlashListProps<productType> & { ref?: Ref<FlashListRef<productType>> | undefined; }'.
src/features/admin/orders/screens/PastOrder.tsx(309,85): error TS2345: Argument of type 'string | undefined' is not assignable to parameter of type 'string'.
  Type 'undefined' is not assignable to type 'string'.
src/features/admin/orders/screens/PastOrder.tsx(311,69): error TS2345: Argument of type 'string | undefined' is not assignable to parameter of type 'string'.
  Type 'undefined' is not assignable to type 'string'.
src/features/admin/orders/screens/PastOrder.tsx(328,32): error TS2769: No overload matches this call.
  Overload 1 of 4, '(value: string | number | Date): Date', gave the following error.
    Argument of type 'string | undefined' is not assignable to parameter of type 'string | number | Date'.
      Type 'undefined' is not assignable to type 'string | number | Date'.
  Overload 2 of 4, '(value: string | number): Date', gave the following error.
    Argument of type 'string | undefined' is not assignable to parameter of type 'string | number'.
      Type 'undefined' is not assignable to type 'string | number'.
src/features/admin/orders/screens/PastOrder.tsx(364,47): error TS2339: Property 'estimatedDelivery' does not exist on type 'productType'.
src/features/admin/orders/screens/PastOrder.tsx(502,41): error TS2339: Property 'white' does not exist on type '{ primary: string; secondary: string; accent: string; success: string; warning: string; error: string; light: string; dark: string; gray: { 100: string; 200: string; 300: string; 400: string; 500: string; 600: string; 700: string; 800: string; 900: string; }; shadow: { ...; }; }'.
src/features/admin/orders/screens/PastOrder.tsx(521,31): error TS2339: Property 'white' does not exist on type '{ primary: string; secondary: string; accent: string; success: string; warning: string; error: string; light: string; dark: string; gray: { 100: string; 200: string; 300: string; 400: string; 500: string; 600: string; 700: string; 800: string; 900: string; }; shadow: { ...; }; }'.
src/features/admin/orders/screens/PaymentDetailScreen.tsx(86,20): error TS2339: Property 'receiptUrl' does not exist on type 'PaymentHistory'.
src/features/admin/orders/screens/PaymentDetailScreen.tsx(87,31): error TS2339: Property 'receiptUrl' does not exist on type 'PaymentHistory'.
src/features/admin/orders/screens/PaymentDetailScreen.tsx(88,34): error TS2339: Property 'receiptNumber' does not exist on type 'PaymentHistory'.
src/features/admin/orders/screens/PaymentHistoryScreen.tsx(295,58): error TS2353: Object literal may only specify known properties, and 'subtitle' does not exist in type 'ReactElement<unknown, string | JSXElementConstructor<any>> | Iterable<ReactNode> | ReactPortal | Promise<...> | HeaderConfig'.
src/features/admin/orders/screens/RecordPaymentScreen.tsx(99,34): error TS2339: Property 'paymentV2Id' does not exist on type '{ message: string; payment: PaymentHistory; order: productType; }'.
src/features/admin/orders/screens/RecordPaymentScreen.tsx(99,63): error TS2339: Property 'id' does not exist on type 'PaymentHistory'.
src/features/admin/orders/screens/RecordPaymentScreen.tsx(116,26): error TS2339: Property 'goodsIds' does not exist on type '{ message: string; payment: PaymentHistory; order: productType; }'.
src/features/admin/promos/hooks/usePromoAdmin.ts(30,33): error TS2339: Property 'data' does not exist on type 'PaginatedPromos'.
src/features/admin/promos/hooks/usePromoAdmin.ts(39,62): error TS2339: Property 'data' does not exist on type 'PromoRecord'.
src/features/admin/promos/hooks/usePromoAdmin.ts(51,66): error TS2339: Property 'data' does not exist on type 'PromoRecord'.
src/features/admin/promos/hooks/usePromoAdmin.ts(63,64): error TS2339: Property 'data' does not exist on type 'PromoRecord'.
src/features/admin/promos/hooks/usePromoAdmin.ts(74,67): error TS2339: Property 'data' does not exist on type 'PromoStats'.
src/features/admin/promos/hooks/usePromoAdmin.ts(90,33): error TS2339: Property 'data' does not exist on type 'PaginatedBanners'.
src/features/admin/promos/hooks/usePromoAdmin.ts(99,63): error TS2339: Property 'data' does not exist on type 'BannerRecord'.
src/features/admin/promos/hooks/usePromoAdmin.ts(111,67): error TS2339: Property 'data' does not exist on type 'BannerRecord'.
src/features/admin/promos/hooks/usePromoAdmin.ts(123,65): error TS2339: Property 'data' does not exist on type 'BannerRecord'.
src/features/admin/reviews/hooks/useReviewAdmin.ts(22,33): error TS2339: Property 'data' does not exist on type 'AdminPaginatedReviews'.
src/features/admin/reviews/hooks/useReviewAdmin.ts(30,56): error TS2339: Property 'data' does not exist on type 'AdminReviewStats'.
src/features/admin/reviews/hooks/useReviewAdmin.ts(39,67): error TS2339: Property 'data' does not exist on type 'AdminReview'.
src/features/admin/routes/components/RouteFormFields/index.tsx(30,9): error TS2322: Type '{ label: string; value: string; onChangeText: (value: string) => void; placeholder: string; leftIcon: string; error: string; containerStyle: { marginBottom: number; }; }' is not assignable to type 'IntrinsicAttributes & Omit<InputProps, "ref"> & RefAttributes<TextInputHandles>'.
  Property 'leftIcon' does not exist on type 'IntrinsicAttributes & Omit<InputProps, "ref"> & RefAttributes<TextInputHandles>'.
src/features/admin/routes/components/RouteFormFields/index.tsx(40,9): error TS2322: Type '{ label: string; value: string; onChangeText: (value: string) => void; placeholder: string; leftIcon: string; error: string; containerStyle: { marginBottom: number; }; }' is not assignable to type 'IntrinsicAttributes & Omit<InputProps, "ref"> & RefAttributes<TextInputHandles>'.
  Property 'leftIcon' does not exist on type 'IntrinsicAttributes & Omit<InputProps, "ref"> & RefAttributes<TextInputHandles>'.
src/features/admin/routes/components/RouteFormFields/index.tsx(47,25): error TS2339: Property 'price' does not exist on type 'RouteFormData'.
src/features/admin/routes/components/RouteFormFields/index.tsx(48,48): error TS2345: Argument of type '"price"' is not assignable to parameter of type 'keyof RouteFormData'.
src/features/admin/routes/components/RouteFormFields/index.tsx(50,9): error TS2322: Type '{ label: string; value: any; onChangeText: (value: string) => void; placeholder: string; leftIcon: string; keyboardType: "numeric"; error: string; containerStyle: { marginBottom: number; }; }' is not assignable to type 'IntrinsicAttributes & Omit<InputProps, "ref"> & RefAttributes<TextInputHandles>'.
  Property 'leftIcon' does not exist on type 'IntrinsicAttributes & Omit<InputProps, "ref"> & RefAttributes<TextInputHandles>'.
src/features/admin/routes/components/RouteFormFields/index.tsx(58,25): error TS2339: Property 'scheduleDate' does not exist on type 'RouteFormData'.
src/features/admin/routes/components/RouteFormFields/index.tsx(59,48): error TS2345: Argument of type '"scheduleDate"' is not assignable to parameter of type 'keyof RouteFormData'.
src/features/admin/routes/components/RouteFormFields/index.tsx(61,9): error TS2322: Type '{ label: string; value: any; onChangeText: (value: string) => void; placeholder: string; leftIcon: string; error: string; containerStyle: { marginBottom: number; }; }' is not assignable to type 'IntrinsicAttributes & Omit<InputProps, "ref"> & RefAttributes<TextInputHandles>'.
  Property 'leftIcon' does not exist on type 'IntrinsicAttributes & Omit<InputProps, "ref"> & RefAttributes<TextInputHandles>'.
src/features/admin/routes/components/RouteFormFields/index.tsx(72,11): error TS2322: Type '{ label: string; value: string; onChangeText: () => void; editable: false; leftIcon: string; containerStyle: { marginBottom: number; }; }' is not assignable to type 'IntrinsicAttributes & Omit<InputProps, "ref"> & RefAttributes<TextInputHandles>'.
  Property 'leftIcon' does not exist on type 'IntrinsicAttributes & Omit<InputProps, "ref"> & RefAttributes<TextInputHandles>'.
src/features/admin/routes/components/RouteStopsManager/index.tsx(51,93): error TS2322: Type '{ placeholder: string; value: string; onChangeText: Dispatch<SetStateAction<string>>; leftIcon: string; onSubmitEditing: () => void; }' is not assignable to type 'IntrinsicAttributes & Omit<InputProps, "ref"> & RefAttributes<TextInputHandles>'.
  Property 'leftIcon' does not exist on type 'IntrinsicAttributes & Omit<InputProps, "ref"> & RefAttributes<TextInputHandles>'.
src/features/admin/routes/hooks/useRoutes.ts(41,5): error TS2769: No overload matches this call.
  Overload 1 of 3, '(options: DefinedInitialDataOptions<ApiResponse<{ routes: Route[]; pagination?: any; }>, ApiClientError, ApiResponse<{ routes: Route[]; pagination?: any; }>, readonly unknown[]>, queryClient?: QueryClient | undefined): DefinedUseQueryResult<...>', gave the following error.
    Type '() => Promise<ApiResponse<Route[]>>' is not assignable to type 'QueryFunction<ApiResponse<{ routes: Route[]; pagination?: any; }>, readonly unknown[]>'.
      Type 'Promise<ApiResponse<Route[]>>' is not assignable to type 'ApiResponse<{ routes: Route[]; pagination?: any; }> | Promise<ApiResponse<{ routes: Route[]; pagination?: any; }>>'.
        Type 'Promise<ApiResponse<Route[]>>' is not assignable to type 'Promise<ApiResponse<{ routes: Route[]; pagination?: any; }>>'.
          Type 'ApiResponse<Route[]>' is not assignable to type 'ApiResponse<{ routes: Route[]; pagination?: any; }>'.
            Types of property 'data' are incompatible.
              Property 'routes' is missing in type 'Route[]' but required in type '{ routes: Route[]; pagination?: any; }'.
  Overload 2 of 3, '(options: UndefinedInitialDataOptions<ApiResponse<{ routes: Route[]; pagination?: any; }>, ApiClientError, ApiResponse<{ routes: Route[]; pagination?: any; }>, readonly unknown[]>, queryClient?: QueryClient | undefined): UseQueryResult<...>', gave the following error.
    Type '() => Promise<ApiResponse<Route[]>>' is not assignable to type 'unique symbol | QueryFunction<ApiResponse<{ routes: Route[]; pagination?: any; }>, readonly unknown[], never> | undefined'.
      Type '() => Promise<ApiResponse<Route[]>>' is not assignable to type 'QueryFunction<ApiResponse<{ routes: Route[]; pagination?: any; }>, readonly unknown[], never>'.
        Type 'Promise<ApiResponse<Route[]>>' is not assignable to type 'ApiResponse<{ routes: Route[]; pagination?: any; }> | Promise<ApiResponse<{ routes: Route[]; pagination?: any; }>>'.
          Type 'Promise<ApiResponse<Route[]>>' is not assignable to type 'Promise<ApiResponse<{ routes: Route[]; pagination?: any; }>>'.
            Type 'ApiResponse<Route[]>' is not assignable to type 'ApiResponse<{ routes: Route[]; pagination?: any; }>'.
              Types of property 'data' are incompatible.
                Property 'routes' is missing in type 'Route[]' but required in type '{ routes: Route[]; pagination?: any; }'.
  Overload 3 of 3, '(options: UseQueryOptions<ApiResponse<{ routes: Route[]; pagination?: any; }>, ApiClientError, ApiResponse<{ routes: Route[]; pagination?: any; }>, readonly unknown[]>, queryClient?: QueryClient | undefined): UseQueryResult<...>', gave the following error.
    Type '() => Promise<ApiResponse<Route[]>>' is not assignable to type 'unique symbol | QueryFunction<ApiResponse<{ routes: Route[]; pagination?: any; }>, readonly unknown[], never> | undefined'.
      Type '() => Promise<ApiResponse<Route[]>>' is not assignable to type 'QueryFunction<ApiResponse<{ routes: Route[]; pagination?: any; }>, readonly unknown[], never>'.
        Type 'Promise<ApiResponse<Route[]>>' is not assignable to type 'ApiResponse<{ routes: Route[]; pagination?: any; }> | Promise<ApiResponse<{ routes: Route[]; pagination?: any; }>>'.
          Type 'Promise<ApiResponse<Route[]>>' is not assignable to type 'Promise<ApiResponse<{ routes: Route[]; pagination?: any; }>>'.
            Type 'ApiResponse<Route[]>' is not assignable to type 'ApiResponse<{ routes: Route[]; pagination?: any; }>'.
              Types of property 'data' are incompatible.
                Property 'routes' is missing in type 'Route[]' but required in type '{ routes: Route[]; pagination?: any; }'.
src/features/admin/routes/hooks/useRoutes.ts(58,5): error TS2769: No overload matches this call.
  Overload 1 of 3, '(options: DefinedInitialDataOptions<ApiResponse<{ routes: Route[]; }>, ApiClientError, ApiResponse<{ routes: Route[]; }>, readonly unknown[]>, queryClient?: QueryClient | undefined): DefinedUseQueryResult<...>', gave the following error.
    Type '() => Promise<ApiResponse<Route[]>>' is not assignable to type 'QueryFunction<ApiResponse<{ routes: Route[]; }>, readonly unknown[]>'.
      Type 'Promise<ApiResponse<Route[]>>' is not assignable to type 'ApiResponse<{ routes: Route[]; }> | Promise<ApiResponse<{ routes: Route[]; }>>'.
        Type 'Promise<ApiResponse<Route[]>>' is not assignable to type 'Promise<ApiResponse<{ routes: Route[]; }>>'.
          Type 'ApiResponse<Route[]>' is not assignable to type 'ApiResponse<{ routes: Route[]; }>'.
            Types of property 'data' are incompatible.
              Property 'routes' is missing in type 'Route[]' but required in type '{ routes: Route[]; }'.
  Overload 2 of 3, '(options: UndefinedInitialDataOptions<ApiResponse<{ routes: Route[]; }>, ApiClientError, ApiResponse<{ routes: Route[]; }>, readonly unknown[]>, queryClient?: QueryClient | undefined): UseQueryResult<...>', gave the following error.
    Type '() => Promise<ApiResponse<Route[]>>' is not assignable to type 'unique symbol | QueryFunction<ApiResponse<{ routes: Route[]; }>, readonly unknown[], never> | undefined'.
      Type '() => Promise<ApiResponse<Route[]>>' is not assignable to type 'QueryFunction<ApiResponse<{ routes: Route[]; }>, readonly unknown[], never>'.
        Type 'Promise<ApiResponse<Route[]>>' is not assignable to type 'ApiResponse<{ routes: Route[]; }> | Promise<ApiResponse<{ routes: Route[]; }>>'.
          Type 'Promise<ApiResponse<Route[]>>' is not assignable to type 'Promise<ApiResponse<{ routes: Route[]; }>>'.
            Type 'ApiResponse<Route[]>' is not assignable to type 'ApiResponse<{ routes: Route[]; }>'.
              Types of property 'data' are incompatible.
                Property 'routes' is missing in type 'Route[]' but required in type '{ routes: Route[]; }'.
  Overload 3 of 3, '(options: UseQueryOptions<ApiResponse<{ routes: Route[]; }>, ApiClientError, ApiResponse<{ routes: Route[]; }>, readonly unknown[]>, queryClient?: QueryClient | undefined): UseQueryResult<...>', gave the following error.
    Type '() => Promise<ApiResponse<Route[]>>' is not assignable to type 'unique symbol | QueryFunction<ApiResponse<{ routes: Route[]; }>, readonly unknown[], never> | undefined'.
      Type '() => Promise<ApiResponse<Route[]>>' is not assignable to type 'QueryFunction<ApiResponse<{ routes: Route[]; }>, readonly unknown[], never>'.
        Type 'Promise<ApiResponse<Route[]>>' is not assignable to type 'ApiResponse<{ routes: Route[]; }> | Promise<ApiResponse<{ routes: Route[]; }>>'.
          Type 'Promise<ApiResponse<Route[]>>' is not assignable to type 'Promise<ApiResponse<{ routes: Route[]; }>>'.
            Type 'ApiResponse<Route[]>' is not assignable to type 'ApiResponse<{ routes: Route[]; }>'.
              Types of property 'data' are incompatible.
                Property 'routes' is missing in type 'Route[]' but required in type '{ routes: Route[]; }'.
src/features/admin/routes/hooks/useRoutes.ts(159,42): error TS2353: Object literal may only specify known properties, and 'isActive' does not exist in type 'Partial<CreateRouteInput>'.
src/features/admin/routes/hooks/useRoutes.ts(186,43): error TS2339: Property 'isActive' does not exist on type 'Route'.
src/features/admin/routes/hooks/useRoutes.ts(187,46): error TS2339: Property 'isActive' does not exist on type 'Route'.
src/features/admin/routes/screens/RouteForm/hooks/useRouteForm.ts(69,25): error TS2339: Property 'isActive' does not exist on type 'Route'.
src/features/admin/routes/screens/RouteForm/hooks/useRouteForm.ts(162,24): error TS2322: Type '{ name: string; shippingMode: ShippingMode; origin: string; destination: string; shippingLine: "" | ShippingLine | undefined; estimatedTransitDays: number; description: string | undefined; isActive: boolean; }' is not assignable to type 'Partial<CreateRouteInput>'.
  Types of property 'origin' are incompatible.
    Type 'string' is not assignable to type '{ city: string; country: string; warehouse?: string | undefined; }'.
src/features/admin/routes/screens/RouteListScreen.tsx(61,43): error TS2339: Property 'isActive' does not exist on type 'Route'.
src/features/admin/routes/screens/RouteListScreen.tsx(343,40): error TS2339: Property 'isActive' does not exist on type 'Route'.
src/features/admin/routes/screens/RouteListScreen.tsx(347,32): error TS2339: Property 'isActive' does not exist on type 'Route'.
src/features/admin/routes/screens/RouteListScreen.tsx(349,24): error TS2339: Property 'isActive' does not exist on type 'Route'.
src/features/admin/search/api/searchApi.ts(5,10): error TS2614: Module '"@src/api/client"' has no exported member 'client'. Did you mean to use 'import client from "@src/api/client"' instead?
src/features/admin/search/hooks/useSearch.ts(7,22): error TS7016: Could not find a declaration file for module 'lodash/debounce'. 'C:/Users/hp/workspace/chinalink/chinalinexpress/node_modules/lodash/debounce.js' implicitly has an 'any' type.
  Try `npm i --save-dev @types/lodash` if it exists or add a new declaration (.d.ts) file containing `declare module 'lodash/debounce';`
src/features/admin/tools/screens/ScanCode.tsx(31,24): error TS2345: Argument of type '{ orderId: string; }' is not assignable to parameter of type 'productType'.
  Type '{ orderId: string; }' is missing the following properties from type 'productType': clientName, clientPhone, partenaire, images, and 8 more.
src/features/admin/tools/screens/TopUpList.styles.ts(12,31): error TS2551: Property 'lightgray' does not exist on type 'Record<"success" | "link" | "text" | "danger" | "inputBorder" | "placeHolder" | "heading" | "black" | "lightergray" | "Crimson" | "lightCrimson" | "DarkGrey" | "DimGray" | "SlateGray" | ... 29 more ... | "dark", string>'. Did you mean 'lightGray'?
src/features/admin/tools/screens/TopUpList.styles.ts(39,19): error TS2339: Property 'gray' does not exist on type 'Record<"success" | "link" | "text" | "danger" | "inputBorder" | "placeHolder" | "heading" | "black" | "lightergray" | "Crimson" | "lightCrimson" | "DarkGrey" | "DimGray" | "SlateGray" | ... 29 more ... | "dark", string>'.
src/features/admin/tools/screens/TopUpList.styles.ts(52,19): error TS2339: Property 'gray' does not exist on type 'Record<"success" | "link" | "text" | "danger" | "inputBorder" | "placeHolder" | "heading" | "black" | "lightergray" | "Crimson" | "lightCrimson" | "DarkGrey" | "DimGray" | "SlateGray" | ... 29 more ... | "dark", string>'.
src/features/admin/tools/screens/TopUpList.styles.ts(67,19): error TS2339: Property 'gray' does not exist on type 'Record<"success" | "link" | "text" | "danger" | "inputBorder" | "placeHolder" | "heading" | "black" | "lightergray" | "Crimson" | "lightCrimson" | "DarkGrey" | "DimGray" | "SlateGray" | ... 29 more ... | "dark", string>'.
src/features/admin/users/components/ClientCard/index.tsx(95,19): error TS2339: Property 'email' does not exist on type 'userData'.
src/features/admin/users/components/ClientCard/index.tsx(98,68): error TS2339: Property 'email' does not exist on type 'userData'.
src/features/admin/users/components/RecentOrders/index.tsx(22,21): error TS2769: No overload matches this call.
  Overload 1 of 4, '(value: string | number | Date): Date', gave the following error.
    Argument of type 'string | undefined' is not assignable to parameter of type 'string | number | Date'.
      Type 'undefined' is not assignable to type 'string | number | Date'.
  Overload 2 of 4, '(value: string | number): Date', gave the following error.
    Argument of type 'string | undefined' is not assignable to parameter of type 'string | number'.
      Type 'undefined' is not assignable to type 'string | number'.
src/features/admin/users/hooks/useOrderStats.ts(23,11): error TS18048: 'order.status' is possibly 'undefined'.
src/features/admin/users/hooks/useOrderStats.ts(54,32): error TS2769: No overload matches this call.
  Overload 1 of 4, '(value: string | number | Date): Date', gave the following error.
    Argument of type 'string | undefined' is not assignable to parameter of type 'string | number | Date'.
      Type 'undefined' is not assignable to type 'string | number | Date'.
  Overload 2 of 4, '(value: string | number): Date', gave the following error.
    Argument of type 'string | undefined' is not assignable to parameter of type 'string | number'.
      Type 'undefined' is not assignable to type 'string | number'.
src/features/admin/users/hooks/useOrderStats.ts(54,66): error TS2769: No overload matches this call.
  Overload 1 of 4, '(value: string | number | Date): Date', gave the following error.
    Argument of type 'string | undefined' is not assignable to parameter of type 'string | number | Date'.
      Type 'undefined' is not assignable to type 'string | number | Date'.
  Overload 2 of 4, '(value: string | number): Date', gave the following error.
    Argument of type 'string | undefined' is not assignable to parameter of type 'string | number'.
      Type 'undefined' is not assignable to type 'string | number'.
src/features/admin/users/screens/AddUser.tsx(45,47): error TS18046: 'state' is of type 'unknown'.
src/features/admin/users/screens/AddUser.tsx(83,44): error TS2322: Type 'NativeStackNavigationProp<RootStackParamList, "UserAdd", undefined>' is not assignable to type 'navigationProps'.
  Type 'NativeStackNavigationProp<RootStackParamList, "UserAdd", undefined>' is not assignable to type '{ getParent<T = NavigationProp<ParamListBase, string, undefined, Readonly<{ key: string; index: number; routeNames: string[]; history?: unknown[] | undefined; routes: NavigationRoute<ParamListBase, string>[]; type: string; stale: false; }>, {}, {}> | undefined>(id?: undefined): T; setParams(params: Partial<...>): vo...'.
    Types of property 'setParams' are incompatible.
      Type '(params: undefined) => void' is not assignable to type '(params: Partial<unknown>) => void'.
        Types of parameters 'params' and 'params' are incompatible.
          Type 'Partial<unknown>' is not assignable to type 'undefined'.
src/features/admin/users/screens/ClientManagement.tsx(33,9): error TS2339: Property 'email' does not exist on type 'userData'.
src/features/admin/users/screens/SelectUser.tsx(41,44): error TS2322: Type 'NativeStackNavigationProp<RootStackParamList, "SelectUser", undefined>' is not assignable to type 'navigationProps'.
  Type 'NativeStackNavigationProp<RootStackParamList, "SelectUser", undefined>' is not assignable to type '{ getParent<T = NavigationProp<ParamListBase, string, undefined, Readonly<{ key: string; index: number; routeNames: string[]; history?: unknown[] | undefined; routes: NavigationRoute<ParamListBase, string>[]; type: string; stale: false; }>, {}, {}> | undefined>(id?: undefined): T; setParams(params: Partial<...>): vo...'.
    Types of property 'setParams' are incompatible.
      Type '(params: undefined) => void' is not assignable to type '(params: Partial<unknown>) => void'.
        Types of parameters 'params' and 'params' are incompatible.
          Type 'Partial<unknown>' is not assignable to type 'undefined'.
src/features/admin/users/screens/SelectUser.tsx(66,42): error TS2339: Property 'id' does not exist on type 'userData'.
src/features/admin/whatsapp-requests/components/WhatsAppRequestCard/index.tsx(29,24): error TS2339: Property 'lightTheme' does not exist on type '{ neutral: { white: string; 50: string; 100: string; 200: string; 300: string; 400: string; 500: string; 600: string; 700: string; 800: string; 900: string; }; primary: { main: string; light: string; dark: string; ... 9 more ...; 900: string; }; ... 6 more ...; colors: { ...; }; }'.
src/features/admin/whatsapp-requests/components/WhatsAppRequestCard/index.tsx(42,64): error TS2322: Type '{ label: string; variant: "success" | "error" | "warning"; size: string; }' is not assignable to type 'IntrinsicAttributes & BadgeProps'.
  Property 'size' does not exist on type 'IntrinsicAttributes & BadgeProps'.
src/features/admin/whatsapp-requests/components/WhatsAppRequestCard/index.tsx(52,12): error TS2322: Type '{ children: string; variant: "outline"; size: "small"; onPress: () => void; loading: boolean | undefined; disabled: boolean | undefined; style: { flex: number; borderColor: any; }; }' is not assignable to type 'IntrinsicAttributes & ButtonProps'.
  Property 'children' does not exist on type 'IntrinsicAttributes & ButtonProps'.
src/features/admin/whatsapp-requests/components/WhatsAppRequestCard/index.tsx(53,12): error TS2322: Type '{ children: string; variant: "primary"; size: "small"; onPress: () => void; loading: boolean | undefined; disabled: boolean | undefined; style: { flex: number; backgroundColor: any; }; }' is not assignable to type 'IntrinsicAttributes & ButtonProps'.
  Property 'children' does not exist on type 'IntrinsicAttributes & ButtonProps'.
src/features/admin/whatsapp-requests/components/WhatsAppRequestCard/index.tsx(65,57): error TS2339: Property 'lightTheme' does not exist on type '{ neutral: { white: string; 50: string; 100: string; 200: string; 300: string; 400: string; 500: string; 600: string; 700: string; 800: string; 900: string; }; primary: { main: string; light: string; dark: string; ... 9 more ...; 900: string; }; ... 6 more ...; colors: { ...; }; }'.
src/features/admin/whatsapp-requests/components/WhatsAppRequestCard/index.tsx(66,39): error TS2339: Property 'lightTheme' does not exist on type '{ neutral: { white: string; 50: string; 100: string; 200: string; 300: string; 400: string; 500: string; 600: string; 700: string; 800: string; 900: string; }; primary: { main: string; light: string; dark: string; ... 9 more ...; 900: string; }; ... 6 more ...; colors: { ...; }; }'.
src/features/admin/whatsapp-requests/components/WhatsAppRequestCard/index.tsx(67,88): error TS2339: Property 'lightTheme' does not exist on type '{ neutral: { white: string; 50: string; 100: string; 200: string; 300: string; 400: string; 500: string; 600: string; 700: string; 800: string; 900: string; }; primary: { main: string; light: string; dark: string; ... 9 more ...; 900: string; }; ... 6 more ...; colors: { ...; }; }'.
src/features/admin/whatsapp-requests/components/WhatsAppRequestCard/index.tsx(68,41): error TS2339: Property 'lightTheme' does not exist on type '{ neutral: { white: string; 50: string; 100: string; 200: string; 300: string; 400: string; 500: string; 600: string; 700: string; 800: string; 900: string; }; primary: { main: string; light: string; dark: string; ... 9 more ...; 900: string; }; ... 6 more ...; colors: { ...; }; }'.
src/features/admin/whatsapp-requests/components/WhatsAppRequestCard/index.tsx(69,38): error TS2339: Property 'lightTheme' does not exist on type '{ neutral: { white: string; 50: string; 100: string; 200: string; 300: string; 400: string; 500: string; 600: string; 700: string; 800: string; 900: string; }; primary: { main: string; light: string; dark: string; ... 9 more ...; 900: string; }; ... 6 more ...; colors: { ...; }; }'.
src/features/admin/whatsapp-requests/components/WhatsAppRequestCard/index.tsx(70,159): error TS2339: Property 'lightTheme' does not exist on type '{ neutral: { white: string; 50: string; 100: string; 200: string; 300: string; 400: string; 500: string; 600: string; 700: string; 800: string; 900: string; }; primary: { main: string; light: string; dark: string; ... 9 more ...; 900: string; }; ... 6 more ...; colors: { ...; }; }'.
src/features/admin/whatsapp-requests/components/WhatsAppRequestCard/index.tsx(71,38): error TS2339: Property 'lightTheme' does not exist on type '{ neutral: { white: string; 50: string; 100: string; 200: string; 300: string; 400: string; 500: string; 600: string; 700: string; 800: string; 900: string; }; primary: { main: string; light: string; dark: string; ... 9 more ...; 900: string; }; ... 6 more ...; colors: { ...; }; }'.
src/features/admin/whatsapp-requests/components/WhatsAppRequestCard/index.tsx(72,46): error TS2339: Property 'lightTheme' does not exist on type '{ neutral: { white: string; 50: string; 100: string; 200: string; 300: string; 400: string; 500: string; 600: string; 700: string; 800: string; 900: string; }; primary: { main: string; light: string; dark: string; ... 9 more ...; 900: string; }; ... 6 more ...; colors: { ...; }; }'.
src/features/admin/whatsapp-requests/screens/WhatsAppRequestList/components/RequestCard.tsx(113,25): error TS2322: Type '"container"' is not assignable to type '"cog" | "alert" | "close-circle" | "information" | "card" | "cash" | "navigate" | "key" | "push" | "map" | "filter" | "at" | "search" | "repeat" | "link" | "options" | "unlink" | ... 1340 more ... | undefined'.
src/features/admin/whatsapp-requests/screens/WhatsAppRequestList/components/RequestList.tsx(11,34): error TS2307: Cannot find module '../../api/whatsappRequestApi' or its corresponding type declarations.
src/features/admin/whatsapp-requests/screens/WhatsAppRequestListScreen/components/WhatsAppRequestCard.tsx(120,25): error TS2322: Type '"container"' is not assignable to type '"cog" | "alert" | "close-circle" | "information" | "card" | "cash" | "navigate" | "key" | "push" | "map" | "filter" | "at" | "search" | "repeat" | "link" | "options" | "unlink" | ... 1340 more ... | undefined'.
src/features/auth/components/LoginHeader/index.tsx(27,23): error TS2769: No overload matches this call.
  Overload 1 of 2, '(props: LinearGradientProps): LinearGradient', gave the following error.
    Type 'string[]' is not assignable to type 'readonly [ColorValue, ColorValue, ...ColorValue[]]'.
      Source provides no match for required element at position 0 in target.
  Overload 2 of 2, '(props: LinearGradientProps, context: any): LinearGradient', gave the following error.
    Type 'string[]' is not assignable to type 'readonly [ColorValue, ColorValue, ...ColorValue[]]'.
      Source provides no match for required element at position 0 in target.
src/features/auth/hooks/useLogin.tsx(26,18): error TS2345: Argument of type '{ user: userRegistrationType; token: string; }' is not assignable to parameter of type 'userType'.
  Types of property 'user' are incompatible.
    Type 'userRegistrationType' is missing the following properties from type 'userData': _id, avatar
src/features/auth/hooks/useVerification.tsx(18,12): error TS2345: Argument of type '{ user: userRegistrationType; token: string; }' is not assignable to parameter of type 'userType'.
  Types of property 'user' are incompatible.
    Type 'userRegistrationType' is missing the following properties from type 'userData': _id, avatar
src/features/auth/index.ts(16,10): error TS2614: Module '"./components/ContactField"' has no exported member 'ContactField'. Did you mean to use 'import ContactField from "./components/ContactField"' instead?
src/features/auth/screens/Login.tsx(54,49): error TS18046: 'state' is of type 'unknown'.
src/features/auth/screens/LoginScreen.tsx(14,10): error TS2305: Module '"@src/navigations/type"' has no exported member 'PublicStackScreenProps'.
src/features/auth/screens/LoginScreen.tsx(45,41): error TS2322: Type '({ flex: number; } | { backgroundColor: string; })[]' is not assignable to type 'ViewStyle'.
  Types of property 'filter' are incompatible.
    Type '{ <S extends { flex: number; } | { backgroundColor: string; }>(predicate: (value: { flex: number; } | { backgroundColor: string; }, index: number, array: ({ flex: number; } | { backgroundColor: string; })[]) => value is S, thisArg?: any): S[]; (predicate: (value: { ...; } | { ...; }, index: number, array: ({ ...; } ...' is not assignable to type 'string | readonly FilterFunction[] | undefined'.
src/features/client/orders/components/ClientOrderCard.tsx(60,32): error TS2339: Property 'grey200' does not exist on type '{ white: string; 50: string; 100: string; 200: string; 300: string; 400: string; 500: string; 600: string; 700: string; 800: string; 900: string; }'.
src/features/client/orders/components/ClientOrderCard.tsx(71,26): error TS2339: Property 'grey900' does not exist on type '{ white: string; 50: string; 100: string; 200: string; 300: string; 400: string; 500: string; 600: string; 700: string; 800: string; 900: string; }'.
src/features/client/orders/components/ClientOrderCard.tsx(84,26): error TS2339: Property 'grey600' does not exist on type '{ white: string; 50: string; 100: string; 200: string; 300: string; 400: string; 500: string; 600: string; 700: string; 800: string; 900: string; }'.
src/features/client/orders/components/ClientOrderCard.tsx(88,26): error TS2339: Property 'grey800' does not exist on type '{ white: string; 50: string; 100: string; 200: string; 300: string; 400: string; 500: string; 600: string; 700: string; 800: string; 900: string; }'.
src/features/client/orders/components/ClientOrderCard.tsx(101,35): error TS2339: Property 'grey100' does not exist on type '{ white: string; 50: string; 100: string; 200: string; 300: string; 400: string; 500: string; 600: string; 700: string; 800: string; 900: string; }'.
src/features/client/orders/components/ClientOrderCard.tsx(105,26): error TS2339: Property 'grey500' does not exist on type '{ white: string; 50: string; 100: string; 200: string; 300: string; 400: string; 500: string; 600: string; 700: string; 800: string; 900: string; }'.
src/features/client/orders/components/OrderHeader.tsx(22,37): error TS2339: Property 'feedback' does not exist on type '{ primary: { main: string; light: string; dark: string; 50: string; 100: string; 200: string; 300: string; 400: string; 500: string; 600: string; 700: string; 800: string; 900: string; }; secondary: { main: string; light: string; dark: string; }; ... 8 more ...; neutral: { ...; }; }'.
src/features/client/orders/components/OrderHeader.tsx(38,26): error TS2339: Property 'grey900' does not exist on type '{ white: string; 50: string; 100: string; 200: string; 300: string; 400: string; 500: string; 600: string; 700: string; 800: string; 900: string; }'.
src/features/client/orders/components/OrderSummary.tsx(57,26): error TS2339: Property 'grey500' does not exist on type '{ white: string; 50: string; 100: string; 200: string; 300: string; 400: string; 500: string; 600: string; 700: string; 800: string; 900: string; }'.
src/features/client/orders/components/OrderSummary.tsx(68,36): error TS2339: Property 'grey200' does not exist on type '{ white: string; 50: string; 100: string; 200: string; 300: string; 400: string; 500: string; 600: string; 700: string; 800: string; 900: string; }'.
src/features/client/orders/components/PackageList.tsx(45,26): error TS2339: Property 'grey800' does not exist on type '{ white: string; 50: string; 100: string; 200: string; 300: string; 400: string; 500: string; 600: string; 700: string; 800: string; 900: string; }'.
src/features/client/orders/components/PackageList.tsx(60,26): error TS2339: Property 'grey800' does not exist on type '{ white: string; 50: string; 100: string; 200: string; 300: string; 400: string; 500: string; 600: string; 700: string; 800: string; 900: string; }'.
src/features/client/orders/components/PackageList.tsx(64,26): error TS2339: Property 'grey600' does not exist on type '{ white: string; 50: string; 100: string; 200: string; 300: string; 400: string; 500: string; 600: string; 700: string; 800: string; 900: string; }'.
src/features/client/orders/components/PackageList.tsx(69,26): error TS2339: Property 'grey500' does not exist on type '{ white: string; 50: string; 100: string; 200: string; 300: string; 400: string; 500: string; 600: string; 700: string; 800: string; 900: string; }'.
src/features/client/orders/screens/ClientOrdersListScreen.tsx(20,27): error TS2345: Argument of type '[never, never]' is not assignable to parameter of type 'never'.
src/features/customer/containers/components/ContainerTimeline.tsx(116,13): error TS2769: No overload matches this call.
  Overload 1 of 2, '(props: ViewProps): View', gave the following error.
    Type '{ width: string; backgroundColor: string; }' is not assignable to type 'ViewStyle | Falsy | RecursiveArray<ViewStyle | Falsy> | readonly (ViewStyle | Falsy)[]'.
      Types of property 'width' are incompatible.
        Type 'string' is not assignable to type 'DimensionValue | undefined'.
  Overload 2 of 2, '(props: ViewProps, context: any): View', gave the following error.
    Type '{ width: string; backgroundColor: string; }' is not assignable to type 'ViewStyle | Falsy | RecursiveArray<ViewStyle | Falsy> | readonly (ViewStyle | Falsy)[]'.
      Types of property 'width' are incompatible.
        Type 'string' is not assignable to type 'DimensionValue | undefined'.
src/features/customer/containers/components/ContainerTimeline.tsx(232,5): error TS2345: Argument of type '{ container: { marginVertical: number; }; progressBarContainer: { height: number; marginHorizontal: number; marginBottom: number; position: "relative"; }; progressBarBackground: { backgroundColor: string; ... 5 more ...; bottom: 0; }; ... 13 more ...; estimatedText: { ...; }; }' is not assignable to parameter of type '{ container: { marginVertical: number; }; progressBarContainer: { height: number; marginHorizontal: number; marginBottom: number; position: "relative"; }; progressBarBackground: { backgroundColor: string; ... 5 more ...; bottom: 0; }; ... 13 more ...; estimatedText: { ...; }; } & NamedStyles<...>'.
  Property 'progressBarFill' is incompatible with index signature.
    Object literal may only specify known properties, and 'transitionProperty' does not exist in type 'ViewStyle | TextStyle | ImageStyle'.
src/features/customer/containers/components/PackingListExportActions/PackingListExportActions.styles.ts(26,25): error TS2339: Property 'primary' does not exist on type 'Record<"success" | "link" | "text" | "danger" | "inputBorder" | "placeHolder" | "heading" | "black" | "lightergray" | "Crimson" | "lightCrimson" | "DarkGrey" | "DimGray" | "SlateGray" | ... 29 more ... | "dark", string>'.
src/features/customer/containers/components/PackingListExportActions/PackingListExportActions.styles.ts(29,29): error TS2339: Property 'primary' does not exist on type 'Record<"success" | "link" | "text" | "danger" | "inputBorder" | "placeHolder" | "heading" | "black" | "lightergray" | "Crimson" | "lightCrimson" | "DarkGrey" | "DimGray" | "SlateGray" | ... 29 more ... | "dark", string>'.
src/features/customer/containers/components/PackingListRouteInfo/index.tsx(37,29): error TS2339: Property 'primary' does not exist on type 'Record<"success" | "link" | "text" | "danger" | "inputBorder" | "placeHolder" | "heading" | "black" | "lightergray" | "Crimson" | "lightCrimson" | "DarkGrey" | "DimGray" | "SlateGray" | ... 29 more ... | "dark", string>'.
src/features/customer/containers/components/PackingListRouteInfo/index.tsx(45,72): error TS2339: Property 'primary' does not exist on type 'Record<"success" | "link" | "text" | "danger" | "inputBorder" | "placeHolder" | "heading" | "black" | "lightergray" | "Crimson" | "lightCrimson" | "DarkGrey" | "DimGray" | "SlateGray" | ... 29 more ... | "dark", string>'.
src/features/customer/containers/components/PackingListStatusCard/index.tsx(54,13): error TS2820: Type '"information-circle"' is not assignable to type '"symbol" | "function" | "package-variant-closed" | "credit-card" | "truck-delivery" | "message-reply" | "file-document" | "certificate" | "cog" | "bell" | "check-circle" | ... 7437 more ... | undefined'. Did you mean '"information-slab-circle"'?
src/features/customer/containers/components/PackingListSummary/index.tsx(32,77): error TS2339: Property 'primary' does not exist on type 'Record<"success" | "link" | "text" | "danger" | "inputBorder" | "placeHolder" | "heading" | "black" | "lightergray" | "Crimson" | "lightCrimson" | "DarkGrey" | "DimGray" | "SlateGray" | ... 29 more ... | "dark", string>'.
src/features/customer/containers/components/PackingListSummary/index.tsx(49,10): error TS18048: 'totalPackages' is possibly 'undefined'.
src/features/customer/containers/components/TransitTimeline.tsx(446,31): error TS2322: Type '"map-marker"' is not assignable to type '"cog" | "alert" | "close-circle" | "information" | "card" | "cash" | "navigate" | "key" | "push" | "map" | "filter" | "at" | "search" | "repeat" | "link" | "options" | "unlink" | ... 1340 more ... | undefined'.
src/features/customer/containers/hooks/useCustomerContainers.ts(71,35): error TS2551: Property 'routeId' does not exist on type 'CustomerContainer'. Did you mean 'route'?
src/features/customer/containers/hooks/useCustomerContainers.ts(74,28): error TS2339: Property 'customerGoods' does not exist on type 'CustomerContainer'.
src/features/customer/containers/hooks/useCustomerContainers.ts(114,21): error TS2339: Property 'container' does not exist on type 'ClientPackingListResponse'.
src/features/customer/containers/hooks/useCustomerContainers.ts(127,20): error TS2339: Property 'goods' does not exist on type 'ClientPackingListResponse'.
src/features/customer/containers/hooks/usePackingListExport.ts(80,54): error TS2345: Argument of type 'PackingListData' is not assignable to parameter of type 'PackingListData'.
  Type 'PackingListData' is missing the following properties from type 'PackingListData': shippingLineLabel, route, consignee, tracking, summary
src/features/customer/containers/index.ts(58,3): error TS2300: Duplicate identifier 'ContainerTimeline'.
src/features/customer/containers/index.ts(85,10): error TS2300: Duplicate identifier 'ContainerTimeline'.
src/features/customer/containers/screens/ClientLoadingListScreen.tsx(36,55): error TS2339: Property 'primary' does not exist on type 'Record<"success" | "link" | "text" | "danger" | "inputBorder" | "placeHolder" | "heading" | "black" | "lightergray" | "Crimson" | "lightCrimson" | "DarkGrey" | "DimGray" | "SlateGray" | ... 29 more ... | "dark", string>'.
src/features/customer/containers/screens/ClientLoadingListScreen.tsx(53,31): error TS2339: Property 'primary' does not exist on type 'Record<"success" | "link" | "text" | "danger" | "inputBorder" | "placeHolder" | "heading" | "black" | "lightergray" | "Crimson" | "lightCrimson" | "DarkGrey" | "DimGray" | "SlateGray" | ... 29 more ... | "dark", string>'.
src/features/customer/containers/screens/ClientPackingList/ClientPackingListScreen.styles.ts(566,25): error TS2339: Property 'primary' does not exist on type 'Record<"success" | "link" | "text" | "danger" | "inputBorder" | "placeHolder" | "heading" | "black" | "lightergray" | "Crimson" | "lightCrimson" | "DarkGrey" | "DimGray" | "SlateGray" | ... 29 more ... | "dark", string>'.
src/features/customer/containers/screens/ClientPackingList/ClientPackingListScreen.styles.ts(569,29): error TS2339: Property 'primary' does not exist on type 'Record<"success" | "link" | "text" | "danger" | "inputBorder" | "placeHolder" | "heading" | "black" | "lightergray" | "Crimson" | "lightCrimson" | "DarkGrey" | "DimGray" | "SlateGray" | ... 29 more ... | "dark", string>'.
src/features/customer/containers/screens/ClientPackingList/ClientPackingListScreen.tsx(39,397): error TS2339: Property 'estimatedArrival' does not exist on type '{ status: any; statusLabel: any; }'.
src/features/customer/containers/screens/ClientPackingList/ClientPackingListScreen.tsx(39,415): error TS2322: Type '(m: "SEA" | "AIR") => "airplane" | "ferry"' is not assignable to type '(mode: string) => string'.
  Types of parameters 'm' and 'mode' are incompatible.
    Type 'string' is not assignable to type '"AIR" | "SEA"'.
src/features/customer/containers/screens/ClientPackingList/ClientPackingListScreen.tsx(39,457): error TS2322: Type '(s: string) => { bg: string; text: string; icon: string; }' is not assignable to type '(status: string) => string'.
  Type '{ bg: string; text: string; icon: string; }' is not assignable to type 'string'.
src/features/customer/containers/screens/ClientPackingList/components/ErrorState.tsx(15,25): error TS2339: Property 'centerContent' does not exist on type '{ container: { flex: number; backgroundColor: string; }; headerTitle: { fontFamily: string; }; progressBar: { height: number; }; centerContainer: { flex: number; justifyContent: "center"; alignItems: "center"; paddingHorizontal: number; }; ... 109 more ...; actionBarButtonLabelPrimary: { ...; }; }'.
src/features/customer/containers/screens/ClientPackingList/components/ErrorState.tsx(16,61): error TS2339: Property 'Red' does not exist on type 'Record<"success" | "link" | "text" | "danger" | "inputBorder" | "placeHolder" | "heading" | "black" | "lightergray" | "Crimson" | "lightCrimson" | "DarkGrey" | "DimGray" | "SlateGray" | ... 29 more ... | "dark", string>'.
src/features/customer/containers/screens/ClientPackingList/components/LoadingState.tsx(11,55): error TS2339: Property 'primary' does not exist on type 'Record<"success" | "link" | "text" | "danger" | "inputBorder" | "placeHolder" | "heading" | "black" | "lightergray" | "Crimson" | "lightCrimson" | "DarkGrey" | "DimGray" | "SlateGray" | ... 29 more ... | "dark", string>'.
src/features/customer/containers/screens/ClientPackingList/components/PackingListGoods.tsx(40,31): error TS2339: Property 'emptyStateContainer' does not exist on type '{ container: { flex: number; backgroundColor: string; }; headerTitle: { fontFamily: string; }; progressBar: { height: number; }; centerContainer: { flex: number; justifyContent: "center"; alignItems: "center"; paddingHorizontal: number; }; ... 109 more ...; actionBarButtonLabelPrimary: { ...; }; }'.
src/features/customer/containers/screens/ClientPackingList/components/PackingListGoods.tsx(46,33): error TS2339: Property 'emptyStateText' does not exist on type '{ container: { flex: number; backgroundColor: string; }; headerTitle: { fontFamily: string; }; progressBar: { height: number; }; centerContainer: { flex: number; justifyContent: "center"; alignItems: "center"; paddingHorizontal: number; }; ... 109 more ...; actionBarButtonLabelPrimary: { ...; }; }'.
src/features/customer/containers/screens/ClientPackingList/components/PackingListGoods.tsx(69,44): error TS2339: Property 'colNumber' does not exist on type '{ container: { flex: number; backgroundColor: string; }; headerTitle: { fontFamily: string; }; progressBar: { height: number; }; centerContainer: { flex: number; justifyContent: "center"; alignItems: "center"; paddingHorizontal: number; }; ... 109 more ...; actionBarButtonLabelPrimary: { ...; }; }'.
src/features/customer/containers/screens/ClientPackingList/components/PackingListGoods.tsx(70,44): error TS2339: Property 'colDescription' does not exist on type '{ container: { flex: number; backgroundColor: string; }; headerTitle: { fontFamily: string; }; progressBar: { height: number; }; centerContainer: { flex: number; justifyContent: "center"; alignItems: "center"; paddingHorizontal: number; }; ... 109 more ...; actionBarButtonLabelPrimary: { ...; }; }'.
src/features/customer/containers/screens/ClientPackingList/components/PackingListGoods.tsx(71,52): error TS2339: Property 'colCBM' does not exist on type '{ container: { flex: number; backgroundColor: string; }; headerTitle: { fontFamily: string; }; progressBar: { height: number; }; centerContainer: { flex: number; justifyContent: "center"; alignItems: "center"; paddingHorizontal: number; }; ... 109 more ...; actionBarButtonLabelPrimary: { ...; }; }'.
src/features/customer/containers/screens/ClientPackingList/components/PackingListGoods.tsx(72,52): error TS2339: Property 'colWeight' does not exist on type '{ container: { flex: number; backgroundColor: string; }; headerTitle: { fontFamily: string; }; progressBar: { height: number; }; centerContainer: { flex: number; justifyContent: "center"; alignItems: "center"; paddingHorizontal: number; }; ... 109 more ...; actionBarButtonLabelPrimary: { ...; }; }'.
src/features/customer/containers/screens/ClientPackingList/components/PackingListGoods.tsx(73,52): error TS2339: Property 'colQuantity' does not exist on type '{ container: { flex: number; backgroundColor: string; }; headerTitle: { fontFamily: string; }; progressBar: { height: number; }; centerContainer: { flex: number; justifyContent: "center"; alignItems: "center"; paddingHorizontal: number; }; ... 109 more ...; actionBarButtonLabelPrimary: { ...; }; }'.
src/features/customer/containers/screens/ClientPackingList/components/PackingListGoods.tsx(74,44): error TS2339: Property 'colStatus' does not exist on type '{ container: { flex: number; backgroundColor: string; }; headerTitle: { fontFamily: string; }; progressBar: { height: number; }; centerContainer: { flex: number; justifyContent: "center"; alignItems: "center"; paddingHorizontal: number; }; ... 109 more ...; actionBarButtonLabelPrimary: { ...; }; }'.
src/features/customer/containers/screens/ClientPackingList/components/PackingListGoods.tsx(84,47): error TS2339: Property 'colNumber' does not exist on type '{ container: { flex: number; backgroundColor: string; }; headerTitle: { fontFamily: string; }; progressBar: { height: number; }; centerContainer: { flex: number; justifyContent: "center"; alignItems: "center"; paddingHorizontal: number; }; ... 109 more ...; actionBarButtonLabelPrimary: { ...; }; }'.
src/features/customer/containers/screens/ClientPackingList/components/PackingListGoods.tsx(85,39): error TS2339: Property 'rowNumber' does not exist on type '{ container: { flex: number; backgroundColor: string; }; headerTitle: { fontFamily: string; }; progressBar: { height: number; }; centerContainer: { flex: number; justifyContent: "center"; alignItems: "center"; paddingHorizontal: number; }; ... 109 more ...; actionBarButtonLabelPrimary: { ...; }; }'.
src/features/customer/containers/screens/ClientPackingList/components/PackingListGoods.tsx(87,47): error TS2339: Property 'colDescription' does not exist on type '{ container: { flex: number; backgroundColor: string; }; headerTitle: { fontFamily: string; }; progressBar: { height: number; }; centerContainer: { flex: number; justifyContent: "center"; alignItems: "center"; paddingHorizontal: number; }; ... 109 more ...; actionBarButtonLabelPrimary: { ...; }; }'.
src/features/customer/containers/screens/ClientPackingList/components/PackingListGoods.tsx(88,39): error TS2339: Property 'descriptionText' does not exist on type '{ container: { flex: number; backgroundColor: string; }; headerTitle: { fontFamily: string; }; progressBar: { height: number; }; centerContainer: { flex: number; justifyContent: "center"; alignItems: "center"; paddingHorizontal: number; }; ... 109 more ...; actionBarButtonLabelPrimary: { ...; }; }'.
src/features/customer/containers/screens/ClientPackingList/components/PackingListGoods.tsx(92,55): error TS2339: Property 'colCBM' does not exist on type '{ container: { flex: number; backgroundColor: string; }; headerTitle: { fontFamily: string; }; progressBar: { height: number; }; centerContainer: { flex: number; justifyContent: "center"; alignItems: "center"; paddingHorizontal: number; }; ... 109 more ...; actionBarButtonLabelPrimary: { ...; }; }'.
src/features/customer/containers/screens/ClientPackingList/components/PackingListGoods.tsx(93,39): error TS2339: Property 'numericText' does not exist on type '{ container: { flex: number; backgroundColor: string; }; headerTitle: { fontFamily: string; }; progressBar: { height: number; }; centerContainer: { flex: number; justifyContent: "center"; alignItems: "center"; paddingHorizontal: number; }; ... 109 more ...; actionBarButtonLabelPrimary: { ...; }; }'.
src/features/customer/containers/screens/ClientPackingList/components/PackingListGoods.tsx(97,55): error TS2339: Property 'colWeight' does not exist on type '{ container: { flex: number; backgroundColor: string; }; headerTitle: { fontFamily: string; }; progressBar: { height: number; }; centerContainer: { flex: number; justifyContent: "center"; alignItems: "center"; paddingHorizontal: number; }; ... 109 more ...; actionBarButtonLabelPrimary: { ...; }; }'.
src/features/customer/containers/screens/ClientPackingList/components/PackingListGoods.tsx(98,39): error TS2339: Property 'numericText' does not exist on type '{ container: { flex: number; backgroundColor: string; }; headerTitle: { fontFamily: string; }; progressBar: { height: number; }; centerContainer: { flex: number; justifyContent: "center"; alignItems: "center"; paddingHorizontal: number; }; ... 109 more ...; actionBarButtonLabelPrimary: { ...; }; }'.
src/features/customer/containers/screens/ClientPackingList/components/PackingListGoods.tsx(102,55): error TS2339: Property 'colQuantity' does not exist on type '{ container: { flex: number; backgroundColor: string; }; headerTitle: { fontFamily: string; }; progressBar: { height: number; }; centerContainer: { flex: number; justifyContent: "center"; alignItems: "center"; paddingHorizontal: number; }; ... 109 more ...; actionBarButtonLabelPrimary: { ...; }; }'.
src/features/customer/containers/screens/ClientPackingList/components/PackingListGoods.tsx(103,39): error TS2339: Property 'numericText' does not exist on type '{ container: { flex: number; backgroundColor: string; }; headerTitle: { fontFamily: string; }; progressBar: { height: number; }; centerContainer: { flex: number; justifyContent: "center"; alignItems: "center"; paddingHorizontal: number; }; ... 109 more ...; actionBarButtonLabelPrimary: { ...; }; }'.
src/features/customer/containers/screens/ClientPackingList/components/PackingListGoods.tsx(107,47): error TS2339: Property 'colStatus' does not exist on type '{ container: { flex: number; backgroundColor: string; }; headerTitle: { fontFamily: string; }; progressBar: { height: number; }; centerContainer: { flex: number; justifyContent: "center"; alignItems: "center"; paddingHorizontal: number; }; ... 109 more ...; actionBarButtonLabelPrimary: { ...; }; }'.
src/features/customer/containers/screens/ClientPackingList/components/PackingListGoods.tsx(109,36): error TS2339: Property 'statusChip' does not exist on type '{ container: { flex: number; backgroundColor: string; }; headerTitle: { fontFamily: string; }; progressBar: { height: number; }; centerContainer: { flex: number; justifyContent: "center"; alignItems: "center"; paddingHorizontal: number; }; ... 109 more ...; actionBarButtonLabelPrimary: { ...; }; }'.
src/features/customer/containers/screens/ClientPackingList/components/PackingListGoods.tsx(110,40): error TS2339: Property 'statusChipText' does not exist on type '{ container: { flex: number; backgroundColor: string; }; headerTitle: { fontFamily: string; }; progressBar: { height: number; }; centerContainer: { flex: number; justifyContent: "center"; alignItems: "center"; paddingHorizontal: number; }; ... 109 more ...; actionBarButtonLabelPrimary: { ...; }; }'.
src/features/customer/containers/screens/ClientPackingList/components/PackingListHeader.tsx(28,36): error TS2339: Property 'header' does not exist on type '{ container: { flex: number; backgroundColor: string; }; headerTitle: { fontFamily: string; }; progressBar: { height: number; }; centerContainer: { flex: number; justifyContent: "center"; alignItems: "center"; paddingHorizontal: number; }; ... 109 more ...; actionBarButtonLabelPrimary: { ...; }; }'.
src/features/customer/containers/screens/ClientPackingList/hooks/useClientPackingListScreen.ts(35,34): error TS7006: Parameter 'it' implicitly has an 'any' type.
src/features/customer/containers/screens/ClientPackingList/hooks/useClientPackingListScreen.ts(35,38): error TS7006: Parameter 'i' implicitly has an 'any' type.
src/features/customer/containers/screens/ClientPackingList/hooks/useClientPackingListScreen.ts(36,1103): error TS2339: Property 'estimatedArrival' does not exist on type '{ status: any; statusLabel: any; }'.
src/features/customer/containers/screens/ClientPackingList/hooks/useClientPackingListScreen.ts(36,1163): error TS2339: Property 'estimatedArrival' does not exist on type '{ status: any; statusLabel: any; }'.
src/features/customer/containers/screens/MyContainersScreen.tsx(59,9): error TS2322: Type '"container-off"' is not assignable to type '"symbol" | "function" | "package-variant-closed" | "credit-card" | "truck-delivery" | "message-reply" | "file-document" | "certificate" | "cog" | "bell" | "check-circle" | ... 7437 more ... | undefined'.
src/features/customer/dashboard/screens/ActivityListScreen/index.tsx(97,50): error TS2769: No overload matches this call.
  Overload 1 of 2, '(props: RefreshControlProps): RefreshControl', gave the following error.
    Type '{ refreshing: false; onPress: (options?: RefetchOptions | undefined) => Promise<QueryObserverResult<GetActivityResponse, Error>>; }' is not assignable to type 'IntrinsicAttributes & IntrinsicClassAttributes<RefreshControl> & Readonly<RefreshControlProps>'.
      Property 'onPress' does not exist on type 'IntrinsicAttributes & IntrinsicClassAttributes<RefreshControl> & Readonly<RefreshControlProps>'.
  Overload 2 of 2, '(props: RefreshControlProps, context: any): RefreshControl', gave the following error.
    Type '{ refreshing: false; onPress: (options?: RefetchOptions | undefined) => Promise<QueryObserverResult<GetActivityResponse, Error>>; }' is not assignable to type 'IntrinsicAttributes & IntrinsicClassAttributes<RefreshControl> & Readonly<RefreshControlProps>'.
      Property 'onPress' does not exist on type 'IntrinsicAttributes & IntrinsicClassAttributes<RefreshControl> & Readonly<RefreshControlProps>'.
src/features/customer/index.ts(10,1): error TS2308: Module './dashboard' has already exported a member named 'ApiResponse'. Consider explicitly re-exporting to resolve the ambiguity.
src/features/customer/index.ts(13,1): error TS2308: Module './dashboard' has already exported a member named 'ApiResponse'. Consider explicitly re-exporting to resolve the ambiguity.
src/features/customer/orders/components/OrderDateFilter/OrderDateFilter.tsx(60,36): error TS2339: Property 'grey100' does not exist on type '{ white: string; 50: string; 100: string; 200: string; 300: string; 400: string; 500: string; 600: string; 700: string; 800: string; 900: string; }'.
src/features/customer/orders/components/OrderDateFilter/OrderDateFilter.tsx(67,26): error TS2339: Property 'grey600' does not exist on type '{ white: string; 50: string; 100: string; 200: string; 300: string; 400: string; 500: string; 600: string; 700: string; 800: string; 900: string; }'.
src/features/customer/orders/components/OrderStatusFilter/OrderStatusFilter.tsx(67,36): error TS2339: Property 'grey100' does not exist on type '{ white: string; 50: string; 100: string; 200: string; 300: string; 400: string; 500: string; 600: string; 700: string; 800: string; 900: string; }'.
src/features/customer/orders/components/OrderStatusFilter/OrderStatusFilter.tsx(74,26): error TS2339: Property 'grey600' does not exist on type '{ white: string; 50: string; 100: string; 200: string; 300: string; 400: string; 500: string; 600: string; 700: string; 800: string; 900: string; }'.
src/features/customer/orders/components/PastOrderCard/PastOrderCard.tsx(14,30): error TS2339: Property 'grey200' does not exist on type '{ white: string; 50: string; 100: string; 200: string; 300: string; 400: string; 500: string; 600: string; 700: string; 800: string; 900: string; }'.
src/features/customer/orders/components/PastOrderCard/PastOrderCard.tsx(14,59): error TS2339: Property 'grey700' does not exist on type '{ white: string; 50: string; 100: string; 200: string; 300: string; 400: string; 500: string; 600: string; 700: string; 800: string; 900: string; }'.
src/features/customer/orders/components/PastOrderCard/PastOrderCard.tsx(40,76): error TS2339: Property 'grey500' does not exist on type '{ white: string; 50: string; 100: string; 200: string; 300: string; 400: string; 500: string; 600: string; 700: string; 800: string; 900: string; }'.
src/features/customer/orders/components/PastOrderCard/PastOrderCard.tsx(44,72): error TS2339: Property 'grey500' does not exist on type '{ white: string; 50: string; 100: string; 200: string; 300: string; 400: string; 500: string; 600: string; 700: string; 800: string; 900: string; }'.
src/features/customer/orders/components/PastOrderCard/PastOrderCard.tsx(70,32): error TS2339: Property 'grey200' does not exist on type '{ white: string; 50: string; 100: string; 200: string; 300: string; 400: string; 500: string; 600: string; 700: string; 800: string; 900: string; }'.
src/features/customer/orders/components/PastOrderCard/PastOrderCard.tsx(81,26): error TS2339: Property 'grey900' does not exist on type '{ white: string; 50: string; 100: string; 200: string; 300: string; 400: string; 500: string; 600: string; 700: string; 800: string; 900: string; }'.
src/features/customer/orders/components/PastOrderCard/PastOrderCard.tsx(93,26): error TS2339: Property 'grey600' does not exist on type '{ white: string; 50: string; 100: string; 200: string; 300: string; 400: string; 500: string; 600: string; 700: string; 800: string; 900: string; }'.
src/features/customer/orders/components/PastOrderCard/PastOrderCard.tsx(102,35): error TS2339: Property 'grey100' does not exist on type '{ white: string; 50: string; 100: string; 200: string; 300: string; 400: string; 500: string; 600: string; 700: string; 800: string; 900: string; }'.
src/features/customer/orders/components/PastOrderCard/PastOrderCard.tsx(106,26): error TS2339: Property 'grey500' does not exist on type '{ white: string; 50: string; 100: string; 200: string; 300: string; 400: string; 500: string; 600: string; 700: string; 800: string; 900: string; }'.
src/features/customer/orders/components/PastOrderList/PastOrderList.tsx(74,26): error TS2339: Property 'grey500' does not exist on type '{ white: string; 50: string; 100: string; 200: string; 300: string; 400: string; 500: string; 600: string; 700: string; 800: string; 900: string; }'.
src/features/customer/orders/screens/PastOrdersScreenV2.tsx(25,27): error TS2345: Argument of type '[never, never]' is not assignable to parameter of type 'never'.
src/features/customer/orders/screens/PastOrdersScreenV2.tsx(39,11): error TS2322: Type '{ placeholder: string; value: string; onChangeText: (searchQuery: string) => void; leftIcon: string; }' is not assignable to type 'IntrinsicAttributes & Omit<InputProps, "ref"> & RefAttributes<TextInputHandles>'.
  Property 'leftIcon' does not exist on type 'IntrinsicAttributes & Omit<InputProps, "ref"> & RefAttributes<TextInputHandles>'.
src/features/customer/orders/screens/PastOrdersScreenV2.tsx(63,14): error TS2304: Cannot find name 'Theme'.
src/features/customer/support/screens/TicketDetailScreen.tsx(310,55): error TS2339: Property 'data' does not exist on type '{ type: string; data: TicketMessage; id: string; } | { type: string; id: string; }'.
  Property 'data' does not exist on type '{ type: string; id: string; }'.
src/features/goods/components/GoodsList.tsx(45,4): error TS2322: Type 'import("C:/Users/hp/workspace/chinalink/chinalinexpress/node_modules/@react-native/virtualized-lists/Lists/VirtualizedList").ListRenderItem<import("C:/Users/hp/workspace/chinalink/chinalinexpress/src/features/goods/api/types").Goods>' is not assignable to type 'import("C:/Users/hp/workspace/chinalink/chinalinexpress/node_modules/@shopify/flash-list/dist/FlashListProps").ListRenderItem<import("C:/Users/hp/workspace/chinalink/chinalinexpress/src/features/goods/api/types").Goods>'.
  Types of parameters 'info' and 'info' are incompatible.
    Property 'separators' is missing in type 'import("C:/Users/hp/workspace/chinalink/chinalinexpress/node_modules/@shopify/flash-list/dist/FlashListProps").ListRenderItemInfo<import("C:/Users/hp/workspace/chinalink/chinalinexpress/src/features/goods/api/types").Goods>' but required in type 'import("C:/Users/hp/workspace/chinalink/chinalinexpress/node_modules/@react-native/virtualized-lists/Lists/VirtualizedList").ListRenderItemInfo<import("C:/Users/hp/workspace/chinalink/chinalinexpress/src/features/goods/api/types").Goods>'.
src/features/goods/components/GoodsTrackingTimeline/index.tsx(23,80): error TS2339: Property 'feedback' does not exist on type '{ neutral: { white: string; 50: string; 100: string; 200: string; 300: string; 400: string; 500: string; 600: string; 700: string; 800: string; 900: string; }; primary: { main: string; light: string; dark: string; ... 9 more ...; 900: string; }; ... 6 more ...; colors: { ...; }; }'.
src/features/goods/components/GoodsTrackingTimeline/index.tsx(24,83): error TS2339: Property 'feedback' does not exist on type '{ neutral: { white: string; 50: string; 100: string; 200: string; 300: string; 400: string; 500: string; 600: string; 700: string; 800: string; 900: string; }; primary: { main: string; light: string; dark: string; ... 9 more ...; 900: string; }; ... 6 more ...; colors: { ...; }; }'.
src/features/goods/components/GoodsTrackingTimeline/index.tsx(27,81): error TS2339: Property 'feedback' does not exist on type '{ neutral: { white: string; 50: string; 100: string; 200: string; 300: string; 400: string; 500: string; 600: string; 700: string; 800: string; 900: string; }; primary: { main: string; light: string; dark: string; ... 9 more ...; 900: string; }; ... 6 more ...; colors: { ...; }; }'.
src/features/goods/components/GoodsTrackingTimeline/styles.ts(52,21): error TS2339: Property 'typography' does not exist on type '{ neutral: { white: string; 50: string; 100: string; 200: string; 300: string; 400: string; 500: string; 600: string; 700: string; 800: string; 900: string; }; primary: { main: string; light: string; dark: string; ... 9 more ...; 900: string; }; ... 6 more ...; colors: { ...; }; }'.
src/features/goods/hooks/useCustomerGoodsDetail.ts(11,27): error TS2339: Property 'getCustomerDetail' does not exist on type '{ getMyGoods: (filters?: GoodsFilters | undefined) => Promise<AxiosResponse<ApiResponse<{ goods: Goods[]; }>, any, {}>>; getGoodsById: (goodsId: string) => Promise<...>; scanQR: (qrData: string) => Promise<...>; updateGoods: (goodsId: string, data: UpdateGoodsInput) => Promise<...>; }'.
src/features/goods/hooks/useGoodsQueries.ts(32,44): error TS2551: Property 'goods' does not exist on type 'Goods'. Did you mean 'goodsId'?
src/features/goods/hooks/useOfflineGoods.ts(7,10): error TS2305: Module '"../../../shared"' has no exported member 'useOfflineMutation'.
src/features/goods/hooks/useOfflineGoods.ts(26,29): error TS2339: Property 'getGoodsList' does not exist on type '{ getMyGoods: (filters?: GoodsFilters | undefined) => Promise<AxiosResponse<ApiResponse<{ goods: Goods[]; }>, any, {}>>; getGoodsById: (goodsId: string) => Promise<...>; scanQR: (qrData: string) => Promise<...>; updateGoods: (goodsId: string, data: UpdateGoodsInput) => Promise<...>; }'.
src/features/goods/hooks/useOfflineGoods.ts(59,56): error TS2339: Property 'createGoods' does not exist on type '{ getMyGoods: (filters?: GoodsFilters | undefined) => Promise<AxiosResponse<ApiResponse<{ goods: Goods[]; }>, any, {}>>; getGoodsById: (goodsId: string) => Promise<...>; scanQR: (qrData: string) => Promise<...>; updateGoods: (goodsId: string, data: UpdateGoodsInput) => Promise<...>; }'.
src/features/goods/hooks/useOfflineGoods.ts(62,34): error TS7006: Parameter 'variables' implicitly has an 'any' type.
src/features/goods/hooks/useOfflineGoods.ts(62,45): error TS7006: Parameter 'qc' implicitly has an 'any' type.
src/features/goods/hooks/useOfflineGoods.ts(82,19): error TS7006: Parameter 'data' implicitly has an 'any' type.
src/features/goods/hooks/useOfflineGoods.ts(82,25): error TS7006: Parameter 'variables' implicitly has an 'any' type.
src/features/goods/hooks/useOfflineGoods.ts(85,18): error TS2339: Property 'id' does not exist on type 'Goods'.
src/features/goods/hooks/useOfflineGoods.ts(91,26): error TS7006: Parameter 'variables' implicitly has an 'any' type.
src/features/goods/hooks/useOfflineGoods.ts(91,51): error TS7006: Parameter 'qc' implicitly has an 'any' type.
src/features/goods/hooks/useOfflineGoods.ts(93,37): error TS2339: Property 'id' does not exist on type 'Goods'.
src/features/goods/hooks/useOfflineGoods.ts(118,34): error TS7006: Parameter 'variables' implicitly has an 'any' type.
src/features/goods/hooks/useOfflineGoods.ts(118,45): error TS7006: Parameter 'qc' implicitly has an 'any' type.
src/features/goods/hooks/useOfflineGoods.ts(120,32): error TS2347: Untyped function calls may not accept type arguments.
src/features/goods/hooks/useOfflineGoods.ts(123,31): error TS2347: Untyped function calls may not accept type arguments.
src/features/goods/hooks/useOfflineGoods.ts(135,18): error TS2339: Property 'id' does not exist on type 'Goods'.
src/features/goods/hooks/useOfflineGoods.ts(145,26): error TS7006: Parameter 'variables' implicitly has an 'any' type.
src/features/goods/hooks/useOfflineGoods.ts(145,51): error TS7006: Parameter 'qc' implicitly has an 'any' type.
src/features/goods/hooks/useOfflineGoods.ts(168,44): error TS2339: Property 'deleteGoods' does not exist on type '{ getMyGoods: (filters?: GoodsFilters | undefined) => Promise<AxiosResponse<ApiResponse<{ goods: Goods[]; }>, any, {}>>; getGoodsById: (goodsId: string) => Promise<...>; scanQR: (qrData: string) => Promise<...>; updateGoods: (goodsId: string, data: UpdateGoodsInput) => Promise<...>; }'.
src/features/goods/hooks/useOfflineGoods.ts(171,34): error TS7006: Parameter 'id' implicitly has an 'any' type.
src/features/goods/hooks/useOfflineGoods.ts(171,38): error TS7006: Parameter 'qc' implicitly has an 'any' type.
src/features/goods/hooks/useOfflineGoods.ts(172,31): error TS2347: Untyped function calls may not accept type arguments.
src/features/goods/hooks/useOfflineGoods.ts(178,37): error TS2339: Property 'id' does not exist on type 'Goods'.
src/features/goods/hooks/useOfflineGoods.ts(188,26): error TS7006: Parameter 'id' implicitly has an 'any' type.
src/features/goods/hooks/useOfflineGoods.ts(188,44): error TS7006: Parameter 'qc' implicitly has an 'any' type.
src/features/goods/hooks/useOfflineGoods.ts(214,22): error TS2339: Property 'receiveGoods' does not exist on type '{ getMyGoods: (filters?: GoodsFilters | undefined) => Promise<AxiosResponse<ApiResponse<{ goods: Goods[]; }>, any, {}>>; getGoodsById: (goodsId: string) => Promise<...>; scanQR: (qrData: string) => Promise<...>; updateGoods: (goodsId: string, data: UpdateGoodsInput) => Promise<...>; }'.
src/features/goods/hooks/useOfflineGoods.ts(216,34): error TS7006: Parameter 'variables' implicitly has an 'any' type.
src/features/goods/hooks/useOfflineGoods.ts(216,45): error TS7006: Parameter 'qc' implicitly has an 'any' type.
src/features/goods/hooks/useOfflineGoods.ts(234,26): error TS7006: Parameter 'variables' implicitly has an 'any' type.
src/features/goods/hooks/useOfflineGoods.ts(234,37): error TS7006: Parameter 'context' implicitly has an 'any' type.
src/features/goods/hooks/useOfflineGoods.ts(234,46): error TS7006: Parameter 'qc' implicitly has an 'any' type.
src/features/goods/screens/GoodsDetailScreen.tsx(868,35): error TS7006: Parameter 'payment' implicitly has an 'any' type.
src/features/goods/screens/GoodsDetailScreen.tsx(868,44): error TS7006: Parameter 'index' implicitly has an 'any' type.
src/features/goods/screens/index.ts(5,10): error TS2614: Module '"./ScanQRScreen"' has no exported member 'ScanQRScreen'. Did you mean to use 'import ScanQRScreen from "./ScanQRScreen"' instead?
src/features/home/components/ItemList.tsx(19,35): error TS2322: Type 'T' is not assignable to type '{ id: string; title: string; route: string; param: string; }'.
  Property 'param' is missing in type 'Item' but required in type '{ id: string; title: string; route: string; param: string; }'.
src/features/home/components/OrderList.tsx(17,96): error TS2554: Expected 2 arguments, but got 0.
src/features/home/components/RowDetails.tsx(16,34): error TS2322: Type 'string' is not assignable to type '"credit-card" | "check-circle" | "error" | "phone" | "air" | "history" | "key" | "source" | "tab" | "sort" | "map" | "filter" | "search" | "repeat" | "anchor" | "link" | "token" | ... 2217 more ... | undefined'.
src/features/home/constants/index.ts(1,25): error TS2305: Module '"./homeData"' has no exported member 'FEATURES'.
src/features/home/constants/index.ts(1,51): error TS2305: Module '"./homeData"' has no exported member 'SHIPPING_CARDS'.
src/features/home/screens/Notifications.tsx(207,34): error TS2322: Type '(options?: RefetchOptions | undefined) => Promise<QueryObserverResult<NotificationProps[], Error>>' is not assignable to type '(event: GestureResponderEvent) => void'.
  Types of parameters 'options' and 'event' are incompatible.
    Type 'NativeSyntheticEvent<NativeTouchEvent>' has no properties in common with type 'RefetchOptions'.
src/features/home/screens/Notifications.tsx(217,27): error TS2820: Type '"bells"' is not assignable to type '"number" | "function" | "credit-card" | "bell" | "check-circle" | "alert" | "close-circle" | "phone" | "history" | "key" | "filter" | "search" | "bold" | "link" | "user" | "delete" | ... 433 more ... | undefined'. Did you mean '"bell"'?
src/features/home/screens/Notifications.tsx(231,40): error TS2322: Type 'NativeStackNavigationProp<RootStackParamList, "Notifications", undefined>' is not assignable to type 'navigationProps'.
  Type 'NativeStackNavigationProp<RootStackParamList, "Notifications", undefined>' is not assignable to type '{ getParent<T = NavigationProp<ParamListBase, string, undefined, Readonly<{ key: string; index: number; routeNames: string[]; history?: unknown[] | undefined; routes: NavigationRoute<ParamListBase, string>[]; type: string; stale: false; }>, {}, {}> | undefined>(id?: undefined): T; setParams(params: Partial<...>): vo...'.
    Types of property 'setParams' are incompatible.
      Type '(params: undefined) => void' is not assignable to type '(params: Partial<unknown>) => void'.
        Types of parameters 'params' and 'params' are incompatible.
          Type 'Partial<unknown>' is not assignable to type 'undefined'.
src/features/index.ts(12,1): error TS2308: Module "./routes" has already exported a member named 'useGetRoutes'. Consider explicitly re-exporting to resolve the ambiguity.
src/features/index.ts(15,1): error TS2308: Module "./admin" has already exported a member named 'ApiResponse'. Consider explicitly re-exporting to resolve the ambiguity.
src/features/index.ts(15,1): error TS2308: Module "./admin" has already exported a member named 'Goods'. Consider explicitly re-exporting to resolve the ambiguity.
src/features/index.ts(15,1): error TS2308: Module "./admin" has already exported a member named 'GoodsCard'. Consider explicitly re-exporting to resolve the ambiguity.
src/features/index.ts(15,1): error TS2308: Module "./admin" has already exported a member named 'GoodsEmptyState'. Consider explicitly re-exporting to resolve the ambiguity.
src/features/index.ts(15,1): error TS2308: Module "./admin" has already exported a member named 'GoodsFilters'. Consider explicitly re-exporting to resolve the ambiguity.
src/features/index.ts(15,1): error TS2308: Module "./admin" has already exported a member named 'GoodsStatus'. Consider explicitly re-exporting to resolve the ambiguity.
src/features/index.ts(18,1): error TS2308: Module "./admin" has already exported a member named 'ApiResponse'. Consider explicitly re-exporting to resolve the ambiguity.
src/features/index.ts(18,1): error TS2308: Module "./admin" has already exported a member named 'ContainerCard'. Consider explicitly re-exporting to resolve the ambiguity.
src/features/index.ts(18,1): error TS2308: Module "./admin" has already exported a member named 'ContainerTimeline'. Consider explicitly re-exporting to resolve the ambiguity.
src/features/index.ts(18,1): error TS2308: Module "./admin" has already exported a member named 'QuickAction'. Consider explicitly re-exporting to resolve the ambiguity.
src/features/index.ts(18,1): error TS2308: Module "./admin" has already exported a member named 'SHIPPING_LINE_LABELS'. Consider explicitly re-exporting to resolve the ambiguity.
src/features/index.ts(18,1): error TS2308: Module "./admin" has already exported a member named 'SHIPPING_MODE_LABELS'. Consider explicitly re-exporting to resolve the ambiguity.
src/features/index.ts(18,1): error TS2308: Module "./admin" has already exported a member named 'ShippingLine'. Consider explicitly re-exporting to resolve the ambiguity.
src/features/index.ts(18,1): error TS2308: Module "./admin" has already exported a member named 'ShippingMode'. Consider explicitly re-exporting to resolve the ambiguity.
src/features/notifications/components/NotificationBadge.tsx(15,3): error TS2614: Module '"react-native-reanimated"' has no exported member 'useEffect'. Did you mean to use 'import useEffect from "react-native-reanimated"' instead?
src/features/notifications/components/NotificationEmptyState/NotificationEmptyState.tsx(24,81): error TS2339: Property 'grey400' does not exist on type '{ white: string; 50: string; 100: string; 200: string; 300: string; 400: string; 500: string; 600: string; 700: string; 800: string; 900: string; }'.
src/features/notifications/components/NotificationEmptyState/NotificationEmptyState.tsx(40,26): error TS2339: Property 'grey500' does not exist on type '{ white: string; 50: string; 100: string; 200: string; 300: string; 400: string; 500: string; 600: string; 700: string; 800: string; 900: string; }'.
src/features/notifications/components/NotificationFilters/NotificationFilters.tsx(62,36): error TS2339: Property 'grey100' does not exist on type '{ white: string; 50: string; 100: string; 200: string; 300: string; 400: string; 500: string; 600: string; 700: string; 800: string; 900: string; }'.
src/features/notifications/components/NotificationFilters/NotificationFilters.tsx(69,26): error TS2339: Property 'grey600' does not exist on type '{ white: string; 50: string; 100: string; 200: string; 300: string; 400: string; 500: string; 600: string; 700: string; 800: string; 900: string; }'.
src/features/notifications/components/NotificationItem/NotificationItem.tsx(43,33): error TS2820: Type '"trash-outline"' is not assignable to type '"symbol" | "function" | "package-variant-closed" | "credit-card" | "truck-delivery" | "message-reply" | "file-document" | "certificate" | "cog" | "bell" | "check-circle" | ... 7437 more ... | undefined'. Did you mean '"brush-outline"'?
src/features/notifications/components/NotificationItem/NotificationItem.tsx(83,38): error TS2339: Property 'grey200' does not exist on type '{ white: string; 50: string; 100: string; 200: string; 300: string; 400: string; 500: string; 600: string; 700: string; 800: string; 900: string; }'.
src/features/notifications/components/NotificationItem/NotificationItem.tsx(92,36): error TS2339: Property 'grey100' does not exist on type '{ white: string; 50: string; 100: string; 200: string; 300: string; 400: string; 500: string; 600: string; 700: string; 800: string; 900: string; }'.
src/features/notifications/components/NotificationItem/NotificationItem.tsx(106,26): error TS2339: Property 'grey800' does not exist on type '{ white: string; 50: string; 100: string; 200: string; 300: string; 400: string; 500: string; 600: string; 700: string; 800: string; 900: string; }'.
src/features/notifications/components/NotificationItem/NotificationItem.tsx(111,26): error TS2339: Property 'grey900' does not exist on type '{ white: string; 50: string; 100: string; 200: string; 300: string; 400: string; 500: string; 600: string; 700: string; 800: string; 900: string; }'.
src/features/notifications/components/NotificationItem/NotificationItem.tsx(115,26): error TS2339: Property 'grey600' does not exist on type '{ white: string; 50: string; 100: string; 200: string; 300: string; 400: string; 500: string; 600: string; 700: string; 800: string; 900: string; }'.
src/features/notifications/components/NotificationItem/NotificationItem.tsx(120,26): error TS2339: Property 'grey400' does not exist on type '{ white: string; 50: string; 100: string; 200: string; 300: string; 400: string; 500: string; 600: string; 700: string; 800: string; 900: string; }'.
src/features/notifications/components/NotificationList/NotificationList.tsx(5,10): error TS2614: Module '"../NotificationItem"' has no exported member 'NotificationItem'. Did you mean to use 'import NotificationItem from "../NotificationItem"' instead?
src/features/notifications/components/NotificationProvider.tsx(64,43): error TS2345: Argument of type 'string | undefined' is not assignable to parameter of type 'string'.
  Type 'undefined' is not assignable to type 'string'.
src/features/notifications/components/NotificationProvider.tsx(130,42): error TS2339: Property 'data' does not exist on type 'CertificateProgress'.
src/features/notifications/components/PrivacyNotificationCard.tsx(90,7): error TS2322: Type '{ fontFamily: string; fontSize: number; color: string; }' is not assignable to type 'StyleProp<AnimatedStyle<StyleProp<ViewStyle>>>'.
src/features/notifications/components/PrivacyNotificationCard.tsx(184,19): error TS2339: Property 'textPrimary' does not exist on type 'Record<"success" | "link" | "text" | "danger" | "inputBorder" | "placeHolder" | "heading" | "black" | "lightergray" | "Crimson" | "lightCrimson" | "DarkGrey" | "DimGray" | "SlateGray" | ... 29 more ... | "dark", string>'.
src/features/notifications/components/PrivacyNotificationCard.tsx(189,19): error TS2339: Property 'textPrimary' does not exist on type 'Record<"success" | "link" | "text" | "danger" | "inputBorder" | "placeHolder" | "heading" | "black" | "lightergray" | "Crimson" | "lightCrimson" | "DarkGrey" | "DimGray" | "SlateGray" | ... 29 more ... | "dark", string>'.
src/features/notifications/components/PrivacyNotificationCard.tsx(201,3): error TS1117: An object literal cannot have multiple properties with the same name.
src/features/notifications/index.ts(14,3): error TS2300: Duplicate identifier 'GetNotificationsParams'.
src/features/notifications/index.ts(15,3): error TS2300: Duplicate identifier 'PaginatedNotifications'.
src/features/notifications/index.ts(16,3): error TS2300: Duplicate identifier 'UnreadCountResponse'.
src/features/notifications/index.ts(29,3): error TS2300: Duplicate identifier 'PaginatedNotifications'.
src/features/notifications/index.ts(30,3): error TS2300: Duplicate identifier 'UnreadCountResponse'.
src/features/notifications/index.ts(31,3): error TS2300: Duplicate identifier 'GetNotificationsParams'.
src/features/notifications/INTEGRATION_EXAMPLE.tsx(73,22): error TS2339: Property 'navigate' does not exist on type '() => NavigationProp'.
src/features/notifications/INTEGRATION_EXAMPLE.tsx(229,16): error TS2304: Cannot find name 'INTEGRATION_EXAMPLE'.
src/features/notifications/screens/NotificationDetailScreen.tsx(35,15): error TS2300: Duplicate identifier 'RootStackParamList'.
src/features/notifications/screens/NotificationDetailScreen.tsx(70,40): error TS2339: Property 'data' does not exist on type 'CertificateProgress'.
src/features/notifications/screens/NotificationsScreen.tsx(119,42): error TS2339: Property 'data' does not exist on type 'CertificateProgress'.
src/features/notifications/screens/NotificationsScreen.tsx(159,40): error TS2339: Property 'pages' does not exist on type 'never'.
src/features/notifications/screens/NotificationsScreenV2.tsx(62,12): error TS2322: Type '{ children: string; variant: "ghost"; size: "small"; onPress: () => void; }' is not assignable to type 'IntrinsicAttributes & ButtonProps'.
  Property 'children' does not exist on type 'IntrinsicAttributes & ButtonProps'.
src/features/onboarding/screens/OnBoardingScreen.tsx(16,10): error TS2305: Module '"@src/navigations/type"' has no exported member 'PublicStackScreenProps'.
src/features/onboarding/screens/OnBoardingScreen.tsx(30,53): error TS2339: Property 'navigation' does not exist on type 'Props'.
src/features/onboarding/screens/OnBoardingScreen.tsx(88,26): error TS7006: Parameter 'item' implicitly has an 'any' type.
src/features/onboarding/screens/OnBoardingScreen.tsx(96,27): error TS7006: Parameter '_' implicitly has an 'any' type.
src/features/onboarding/screens/OnBoardingScreen.tsx(96,30): error TS7006: Parameter 'index' implicitly has an 'any' type.
src/features/order-detail/types/index.ts(51,15): error TS2459: Module '"@src/api/seaRoutes"' declares 'Coordinate' locally, but it is not exported.
src/features/order-detail/types/index.ts(51,44): error TS2459: Module '"@src/api/seaRoutes"' declares 'CoordinateDetails' locally, but it is not exported.
src/features/order-detail/types/index.ts(51,63): error TS2459: Module '"@src/api/seaRoutes"' declares 'RouteType' locally, but it is not exported.
src/features/orders/hooks/index.ts(2,10): error TS2724: '"./useOrderDetail"' has no exported member named 'useOrderDetail'. Did you mean 'useGetOrderDetail'?
src/features/orders/hooks/useOrderDetail.tsx(1,10): error TS2305: Module '"@src/api/order"' has no exported member 'getOrderById'.
src/features/orders/hooks/useOrderDetail.tsx(1,24): error TS2305: Module '"@src/api/order"' has no exported member 'getSeaRouteById'.
src/features/payments/components/CardCVVInput/CardCVVInput.tsx(36,32): error TS2339: Property 'grey500' does not exist on type '{ white: string; 50: string; 100: string; 200: string; 300: string; 400: string; 500: string; 600: string; 700: string; 800: string; 900: string; }'.
src/features/payments/components/CardCVVInput/CardCVVInput.tsx(54,34): error TS2339: Property 'grey500' does not exist on type '{ white: string; 50: string; 100: string; 200: string; 300: string; 400: string; 500: string; 600: string; 700: string; 800: string; 900: string; }'.
src/features/payments/components/CardCVVInput/CardCVVInput.tsx(70,26): error TS2339: Property 'grey700' does not exist on type '{ white: string; 50: string; 100: string; 200: string; 300: string; 400: string; 500: string; 600: string; 700: string; 800: string; 900: string; }'.
src/features/payments/components/CardCVVInput/CardCVVInput.tsx(77,32): error TS2339: Property 'grey300' does not exist on type '{ white: string; 50: string; 100: string; 200: string; 300: string; 400: string; 500: string; 600: string; 700: string; 800: string; 900: string; }'.
src/features/payments/components/CardCVVInput/CardCVVInput.tsx(95,26): error TS2339: Property 'grey900' does not exist on type '{ white: string; 50: string; 100: string; 200: string; 300: string; 400: string; 500: string; 600: string; 700: string; 800: string; 900: string; }'.
src/features/payments/components/CardExpiryInput/CardExpiryInput.tsx(36,32): error TS2339: Property 'grey500' does not exist on type '{ white: string; 50: string; 100: string; 200: string; 300: string; 400: string; 500: string; 600: string; 700: string; 800: string; 900: string; }'.
src/features/payments/components/CardExpiryInput/CardExpiryInput.tsx(62,26): error TS2339: Property 'grey700' does not exist on type '{ white: string; 50: string; 100: string; 200: string; 300: string; 400: string; 500: string; 600: string; 700: string; 800: string; 900: string; }'.
src/features/payments/components/CardExpiryInput/CardExpiryInput.tsx(69,32): error TS2339: Property 'grey300' does not exist on type '{ white: string; 50: string; 100: string; 200: string; 300: string; 400: string; 500: string; 600: string; 700: string; 800: string; 900: string; }'.
src/features/payments/components/CardExpiryInput/CardExpiryInput.tsx(87,26): error TS2339: Property 'grey900' does not exist on type '{ white: string; 50: string; 100: string; 200: string; 300: string; 400: string; 500: string; 600: string; 700: string; 800: string; 900: string; }'.
src/features/payments/components/CardHolderInput/CardHolderInput.tsx(30,32): error TS2339: Property 'grey500' does not exist on type '{ white: string; 50: string; 100: string; 200: string; 300: string; 400: string; 500: string; 600: string; 700: string; 800: string; 900: string; }'.
src/features/payments/components/CardHolderInput/CardHolderInput.tsx(55,26): error TS2339: Property 'grey700' does not exist on type '{ white: string; 50: string; 100: string; 200: string; 300: string; 400: string; 500: string; 600: string; 700: string; 800: string; 900: string; }'.
src/features/payments/components/CardHolderInput/CardHolderInput.tsx(62,32): error TS2339: Property 'grey300' does not exist on type '{ white: string; 50: string; 100: string; 200: string; 300: string; 400: string; 500: string; 600: string; 700: string; 800: string; 900: string; }'.
src/features/payments/components/CardHolderInput/CardHolderInput.tsx(80,26): error TS2339: Property 'grey900' does not exist on type '{ white: string; 50: string; 100: string; 200: string; 300: string; 400: string; 500: string; 600: string; 700: string; 800: string; 900: string; }'.
src/features/payments/components/CardNumberInput/CardNumberInput.tsx(44,32): error TS2339: Property 'grey500' does not exist on type '{ white: string; 50: string; 100: string; 200: string; 300: string; 400: string; 500: string; 600: string; 700: string; 800: string; 900: string; }'.
src/features/payments/components/CardNumberInput/CardNumberInput.tsx(75,26): error TS2339: Property 'grey700' does not exist on type '{ white: string; 50: string; 100: string; 200: string; 300: string; 400: string; 500: string; 600: string; 700: string; 800: string; 900: string; }'.
src/features/payments/components/CardNumberInput/CardNumberInput.tsx(82,32): error TS2339: Property 'grey300' does not exist on type '{ white: string; 50: string; 100: string; 200: string; 300: string; 400: string; 500: string; 600: string; 700: string; 800: string; 900: string; }'.
src/features/payments/components/CardNumberInput/CardNumberInput.tsx(100,26): error TS2339: Property 'grey900' does not exist on type '{ white: string; 50: string; 100: string; 200: string; 300: string; 400: string; 500: string; 600: string; 700: string; 800: string; 900: string; }'.
src/features/payments/components/CardPaymentForm.tsx(537,23): error TS2339: Property 'mono' does not exist on type '{ black: string; blackItalic: string; bold: string; boldItalic: string; italic: string; light: string; lightItalic: string; medium: string; meduim: string; mediumItalic: string; meduimItalic: string; regular: string; semiBold: string; thin: string; thinItalic: string; }'.
src/features/payments/components/CardPaymentFormV2.tsx(76,10): error TS2322: Type '{ children: string[]; variant: "primary"; onPress: () => Promise<void>; loading: boolean; disabled: boolean; style: { width: "100%"; }; }' is not assignable to type 'IntrinsicAttributes & ButtonProps'.
  Property 'children' does not exist on type 'IntrinsicAttributes & ButtonProps'.
src/features/payments/components/CardPaymentFormV2.tsx(85,10): error TS2322: Type '{ children: string; variant: "ghost"; onPress: () => void; style: { width: "100%"; }; }' is not assignable to type 'IntrinsicAttributes & ButtonProps'.
  Property 'children' does not exist on type 'IntrinsicAttributes & ButtonProps'.
src/features/payments/components/index.ts(2,10): error TS2614: Module '"./CardPaymentForm"' has no exported member 'CardPaymentForm'. Did you mean to use 'import CardPaymentForm from "./CardPaymentForm"' instead?
src/features/payments/components/index.ts(12,10): error TS2614: Module '"./OrangeMoneyForm"' has no exported member 'OrangeMoneyForm'. Did you mean to use 'import OrangeMoneyForm from "./OrangeMoneyForm"' instead?
src/features/payments/components/index.ts(13,10): error TS2614: Module '"./WavePaymentForm"' has no exported member 'WavePaymentForm'. Did you mean to use 'import WavePaymentForm from "./WavePaymentForm"' instead?
src/features/payments/components/index.ts(16,10): error TS2614: Module '"./PaymentMethodSelector"' has no exported member 'PaymentMethodSelector'. Did you mean to use 'import PaymentMethodSelector from "./PaymentMethodSelector"' instead?
src/features/payments/components/index.ts(17,10): error TS2614: Module '"./PaymentStatusModal"' has no exported member 'PaymentStatusModal'. Did you mean to use 'import PaymentStatusModal from "./PaymentStatusModal"' instead?
src/features/payments/components/OrangeMoneyForm.tsx(59,25): error TS2339: Property 'container' does not exist on type 'NamedStyles<any> | NamedStyles<unknown>'.
  Property 'container' does not exist on type 'NamedStyles<unknown>'.
src/features/payments/components/OrangeMoneyForm.tsx(60,27): error TS2339: Property 'title' does not exist on type 'NamedStyles<any> | NamedStyles<unknown>'.
  Property 'title' does not exist on type 'NamedStyles<unknown>'.
src/features/payments/components/OrangeMoneyForm.tsx(63,27): error TS2339: Property 'inputContainer' does not exist on type 'NamedStyles<any> | NamedStyles<unknown>'.
  Property 'inputContainer' does not exist on type 'NamedStyles<unknown>'.
src/features/payments/components/OrangeMoneyForm.tsx(64,29): error TS2339: Property 'label' does not exist on type 'NamedStyles<any> | NamedStyles<unknown>'.
  Property 'label' does not exist on type 'NamedStyles<unknown>'.
src/features/payments/components/OrangeMoneyForm.tsx(67,18): error TS2339: Property 'inputWrapper' does not exist on type 'NamedStyles<any> | NamedStyles<unknown>'.
  Property 'inputWrapper' does not exist on type 'NamedStyles<unknown>'.
src/features/payments/components/OrangeMoneyForm.tsx(68,31): error TS2339: Property 'inputWrapperFocused' does not exist on type 'NamedStyles<any> | NamedStyles<unknown>'.
  Property 'inputWrapperFocused' does not exist on type 'NamedStyles<unknown>'.
src/features/payments/components/OrangeMoneyForm.tsx(69,48): error TS2339: Property 'inputWrapperError' does not exist on type 'NamedStyles<any> | NamedStyles<unknown>'.
  Property 'inputWrapperError' does not exist on type 'NamedStyles<unknown>'.
src/features/payments/components/OrangeMoneyForm.tsx(70,30): error TS2339: Property 'inputWrapperDisabled' does not exist on type 'NamedStyles<any> | NamedStyles<unknown>'.
  Property 'inputWrapperDisabled' does not exist on type 'NamedStyles<unknown>'.
src/features/payments/components/OrangeMoneyForm.tsx(72,31): error TS2339: Property 'countryCode' does not exist on type 'NamedStyles<any> | NamedStyles<unknown>'.
  Property 'countryCode' does not exist on type 'NamedStyles<unknown>'.
src/features/payments/components/OrangeMoneyForm.tsx(73,33): error TS2339: Property 'countryCodeText' does not exist on type 'NamedStyles<any> | NamedStyles<unknown>'.
  Property 'countryCodeText' does not exist on type 'NamedStyles<unknown>'.
src/features/payments/components/OrangeMoneyForm.tsx(77,27): error TS2339: Property 'input' does not exist on type 'NamedStyles<any> | NamedStyles<unknown>'.
  Property 'input' does not exist on type 'NamedStyles<unknown>'.
src/features/payments/components/OrangeMoneyForm.tsx(95,29): error TS2339: Property 'validIcon' does not exist on type 'NamedStyles<any> | NamedStyles<unknown>'.
  Property 'validIcon' does not exist on type 'NamedStyles<unknown>'.
src/features/payments/components/OrangeMoneyForm.tsx(101,31): error TS2339: Property 'errorContainer' does not exist on type 'NamedStyles<any> | NamedStyles<unknown>'.
  Property 'errorContainer' does not exist on type 'NamedStyles<unknown>'.
src/features/payments/components/OrangeMoneyForm.tsx(107,33): error TS2339: Property 'errorText' does not exist on type 'NamedStyles<any> | NamedStyles<unknown>'.
  Property 'errorText' does not exist on type 'NamedStyles<unknown>'.
src/features/payments/components/OrangeMoneyForm.tsx(113,29): error TS2339: Property 'helperText' does not exist on type 'NamedStyles<any> | NamedStyles<unknown>'.
  Property 'helperText' does not exist on type 'NamedStyles<unknown>'.
src/features/payments/components/OrangeMoneyForm.tsx(120,23): error TS2339: Property 'instructionsHeader' does not exist on type 'NamedStyles<any> | NamedStyles<unknown>'.
  Property 'instructionsHeader' does not exist on type 'NamedStyles<unknown>'.
src/features/payments/components/OrangeMoneyForm.tsx(129,29): error TS2339: Property 'instructionsTitle' does not exist on type 'NamedStyles<any> | NamedStyles<unknown>'.
  Property 'instructionsTitle' does not exist on type 'NamedStyles<unknown>'.
src/features/payments/components/OrangeMoneyForm.tsx(138,29): error TS2339: Property 'instructionsContent' does not exist on type 'NamedStyles<any> | NamedStyles<unknown>'.
  Property 'instructionsContent' does not exist on type 'NamedStyles<unknown>'.
src/features/payments/components/OrangeMoneyForm.tsx(160,31): error TS2339: Property 'noteContainer' does not exist on type 'NamedStyles<any> | NamedStyles<unknown>'.
  Property 'noteContainer' does not exist on type 'NamedStyles<unknown>'.
src/features/payments/components/OrangeMoneyForm.tsx(166,33): error TS2339: Property 'noteText' does not exist on type 'NamedStyles<any> | NamedStyles<unknown>'.
  Property 'noteText' does not exist on type 'NamedStyles<unknown>'.
src/features/payments/components/OrangeMoneyForm.tsx(174,27): error TS2339: Property 'supportedContainer' does not exist on type 'NamedStyles<any> | NamedStyles<unknown>'.
  Property 'supportedContainer' does not exist on type 'NamedStyles<unknown>'.
src/features/payments/components/OrangeMoneyForm.tsx(175,29): error TS2339: Property 'supportedTitle' does not exist on type 'NamedStyles<any> | NamedStyles<unknown>'.
  Property 'supportedTitle' does not exist on type 'NamedStyles<unknown>'.
src/features/payments/components/OrangeMoneyForm.tsx(176,29): error TS2339: Property 'countryTags' does not exist on type 'NamedStyles<any> | NamedStyles<unknown>'.
  Property 'countryTags' does not exist on type 'NamedStyles<unknown>'.
src/features/payments/components/OrangeMoneyForm.tsx(185,29): error TS2339: Property 'processingContainer' does not exist on type 'NamedStyles<any> | NamedStyles<unknown>'.
  Property 'processingContainer' does not exist on type 'NamedStyles<unknown>'.
src/features/payments/components/OrangeMoneyForm.tsx(187,31): error TS2339: Property 'processingText' does not exist on type 'NamedStyles<any> | NamedStyles<unknown>'.
  Property 'processingText' does not exist on type 'NamedStyles<unknown>'.
src/features/payments/components/OrangeMoneyForm.tsx(205,23): error TS2339: Property 'stepContainer' does not exist on type 'NamedStyles<any> | NamedStyles<unknown>'.
  Property 'stepContainer' does not exist on type 'NamedStyles<unknown>'.
src/features/payments/components/OrangeMoneyForm.tsx(206,25): error TS2339: Property 'stepNumber' does not exist on type 'NamedStyles<any> | NamedStyles<unknown>'.
  Property 'stepNumber' does not exist on type 'NamedStyles<unknown>'.
src/features/payments/components/OrangeMoneyForm.tsx(207,27): error TS2339: Property 'stepNumberText' does not exist on type 'NamedStyles<any> | NamedStyles<unknown>'.
  Property 'stepNumberText' does not exist on type 'NamedStyles<unknown>'.
src/features/payments/components/OrangeMoneyForm.tsx(209,25): error TS2339: Property 'stepText' does not exist on type 'NamedStyles<any> | NamedStyles<unknown>'.
  Property 'stepText' does not exist on type 'NamedStyles<unknown>'.
src/features/payments/components/OrangeMoneyForm.tsx(222,23): error TS2339: Property 'countryTag' does not exist on type 'NamedStyles<any> | NamedStyles<unknown>'.
  Property 'countryTag' does not exist on type 'NamedStyles<unknown>'.
src/features/payments/components/OrangeMoneyForm.tsx(223,25): error TS2339: Property 'countryTagCode' does not exist on type 'NamedStyles<any> | NamedStyles<unknown>'.
  Property 'countryTagCode' does not exist on type 'NamedStyles<unknown>'.
src/features/payments/components/OrangeMoneyForm.tsx(224,25): error TS2339: Property 'countryTagName' does not exist on type 'NamedStyles<any> | NamedStyles<unknown>'.
  Property 'countryTagName' does not exist on type 'NamedStyles<unknown>'.
src/features/payments/components/OrangeMoneyForm.tsx(309,19): error TS7006: Parameter 'showInstructions' implicitly has an 'any' type.
src/features/payments/components/OrangeMoneyForm.tsx(309,19): error TS2322: Type '(showInstructions: any) => 0 | 16' is not assignable to type 'DimensionValue | undefined'.
src/features/payments/hooks/useMyPaymentHistory.ts(24,13): error TS2769: No overload matches this call.
  Overload 1 of 3, '(options: DefinedInitialDataInfiniteOptions<{ payments: PaymentHistoryItem[]; pagination: { page: number; limit: number; total: number; pages: number; }; }, Error, InfiniteData<{ payments: PaymentHistoryItem[]; pagination: { ...; }; }, unknown>, readonly unknown[], unknown>, queryClient?: QueryClient | undefined): DefinedUseInfiniteQueryResult<...>', gave the following error.
    Argument of type '{ queryKey: (string | PaymentHistoryFilters | undefined)[]; queryFn: ({ pageParam }: { client: QueryClient; queryKey: readonly unknown[]; signal: AbortSignal; pageParam: unknown; direction: FetchDirection; meta: Record<...> | undefined; }) => Promise<...>; getNextPageParam: (lastPage: { ...; }) => number | undefined...' is not assignable to parameter of type 'DefinedInitialDataInfiniteOptions<{ payments: PaymentHistoryItem[]; pagination: { page: number; limit: number; total: number; pages: number; }; }, Error, InfiniteData<{ payments: PaymentHistoryItem[]; pagination: { ...; }; }, unknown>, readonly unknown[], unknown>'.
      Property 'initialPageParam' is missing in type '{ queryKey: (string | PaymentHistoryFilters | undefined)[]; queryFn: ({ pageParam }: { client: QueryClient; queryKey: readonly unknown[]; signal: AbortSignal; pageParam: unknown; direction: FetchDirection; meta: Record<...> | undefined; }) => Promise<...>; getNextPageParam: (lastPage: { ...; }) => number | undefined...' but required in type 'UseInfiniteQueryOptions<{ payments: PaymentHistoryItem[]; pagination: { page: number; limit: number; total: number; pages: number; }; }, Error, InfiniteData<{ payments: PaymentHistoryItem[]; pagination: { ...; }; }, unknown>, readonly unknown[], unknown>'.
  Overload 2 of 3, '(options: UndefinedInitialDataInfiniteOptions<{ payments: PaymentHistoryItem[]; pagination: { page: number; limit: number; total: number; pages: number; }; }, Error, InfiniteData<{ payments: PaymentHistoryItem[]; pagination: { ...; }; }, unknown>, readonly unknown[], unknown>, queryClient?: QueryClient | undefined): UseInfiniteQueryResult<...>', gave the following error.
    Argument of type '{ queryKey: (string | PaymentHistoryFilters | undefined)[]; queryFn: ({ pageParam }: { client: QueryClient; queryKey: readonly unknown[]; signal: AbortSignal; pageParam: unknown; direction: FetchDirection; meta: Record<...> | undefined; }) => Promise<...>; getNextPageParam: (lastPage: { ...; }) => number | undefined...' is not assignable to parameter of type 'UndefinedInitialDataInfiniteOptions<{ payments: PaymentHistoryItem[]; pagination: { page: number; limit: number; total: number; pages: number; }; }, Error, InfiniteData<{ payments: PaymentHistoryItem[]; pagination: { ...; }; }, unknown>, readonly unknown[], unknown>'.
      Property 'initialPageParam' is missing in type '{ queryKey: (string | PaymentHistoryFilters | undefined)[]; queryFn: ({ pageParam }: { client: QueryClient; queryKey: readonly unknown[]; signal: AbortSignal; pageParam: unknown; direction: FetchDirection; meta: Record<...> | undefined; }) => Promise<...>; getNextPageParam: (lastPage: { ...; }) => number | undefined...' but required in type 'UseInfiniteQueryOptions<{ payments: PaymentHistoryItem[]; pagination: { page: number; limit: number; total: number; pages: number; }; }, Error, InfiniteData<{ payments: PaymentHistoryItem[]; pagination: { ...; }; }, unknown>, readonly unknown[], unknown>'.
  Overload 3 of 3, '(options: UseInfiniteQueryOptions<{ payments: PaymentHistoryItem[]; pagination: { page: number; limit: number; total: number; pages: number; }; }, Error, InfiniteData<{ payments: PaymentHistoryItem[]; pagination: { ...; }; }, unknown>, readonly unknown[], unknown>, queryClient?: QueryClient | undefined): UseInfiniteQueryResult<...>', gave the following error.
    Argument of type '{ queryKey: (string | PaymentHistoryFilters | undefined)[]; queryFn: ({ pageParam }: { client: QueryClient; queryKey: readonly unknown[]; signal: AbortSignal; pageParam: unknown; direction: FetchDirection; meta: Record<...> | undefined; }) => Promise<...>; getNextPageParam: (lastPage: { ...; }) => number | undefined...' is not assignable to parameter of type 'UseInfiniteQueryOptions<{ payments: PaymentHistoryItem[]; pagination: { page: number; limit: number; total: number; pages: number; }; }, Error, InfiniteData<{ payments: PaymentHistoryItem[]; pagination: { ...; }; }, unknown>, readonly unknown[], unknown>'.
      Property 'initialPageParam' is missing in type '{ queryKey: (string | PaymentHistoryFilters | undefined)[]; queryFn: ({ pageParam }: { client: QueryClient; queryKey: readonly unknown[]; signal: AbortSignal; pageParam: unknown; direction: FetchDirection; meta: Record<...> | undefined; }) => Promise<...>; getNextPageParam: (lastPage: { ...; }) => number | undefined...' but required in type 'UseInfiniteQueryOptions<{ payments: PaymentHistoryItem[]; pagination: { page: number; limit: number; total: number; pages: number; }; }, Error, InfiniteData<{ payments: PaymentHistoryItem[]; pagination: { ...; }; }, unknown>, readonly unknown[], unknown>'.
src/features/payments/hooks/useMyPaymentHistory.ts(40,55): error TS2339: Property 'payments' does not exist on type 'TQueryFnData'.
src/features/payments/hooks/usePayments.ts(79,44): error TS2339: Property 'fetchNextPage' does not exist on type 'DefinedUseQueryResult<NoInfer<TQueryFnData>, Error>'.
src/features/payments/hooks/usePayments.ts(79,59): error TS2339: Property 'hasNextPage' does not exist on type 'DefinedUseQueryResult<NoInfer<TQueryFnData>, Error>'.
src/features/payments/hooks/usePayments.ts(90,5): error TS2769: No overload matches this call.
  Overload 1 of 3, '(options: DefinedInitialDataOptions<{ payments: PaymentHistoryItem[]; pagination: { page: number; limit: number; total: number; pages: number; }; }, Error, { payments: PaymentHistoryItem[]; pagination: { ...; }; }, readonly unknown[]>, queryClient?: QueryClient | undefined): DefinedUseQueryResult<...>', gave the following error.
    Object literal may only specify known properties, and 'keepPreviousData' does not exist in type 'DefinedInitialDataOptions<{ payments: PaymentHistoryItem[]; pagination: { page: number; limit: number; total: number; pages: number; }; }, Error, { payments: PaymentHistoryItem[]; pagination: { ...; }; }, readonly unknown[]>'.
  Overload 2 of 3, '(options: UndefinedInitialDataOptions<{ payments: PaymentHistoryItem[]; pagination: { page: number; limit: number; total: number; pages: number; }; }, Error, { payments: PaymentHistoryItem[]; pagination: { ...; }; }, readonly unknown[]>, queryClient?: QueryClient | undefined): UseQueryResult<...>', gave the following error.
    Object literal may only specify known properties, and 'keepPreviousData' does not exist in type 'UndefinedInitialDataOptions<{ payments: PaymentHistoryItem[]; pagination: { page: number; limit: number; total: number; pages: number; }; }, Error, { payments: PaymentHistoryItem[]; pagination: { ...; }; }, readonly unknown[]>'.
  Overload 3 of 3, '(options: UseQueryOptions<{ payments: PaymentHistoryItem[]; pagination: { page: number; limit: number; total: number; pages: number; }; }, Error, { payments: PaymentHistoryItem[]; pagination: { ...; }; }, readonly unknown[]>, queryClient?: QueryClient | undefined): UseQueryResult<...>', gave the following error.
    Object literal may only specify known properties, and 'keepPreviousData' does not exist in type 'UseQueryOptions<{ payments: PaymentHistoryItem[]; pagination: { page: number; limit: number; total: number; pages: number; }; }, Error, { payments: PaymentHistoryItem[]; pagination: { ...; }; }, readonly unknown[]>'.
src/features/payments/hooks/usePayments.ts(100,21): error TS2339: Property 'payments' does not exist on type 'NonNullable<NoInfer<TQueryFnData>>'.
src/features/payments/hooks/usePayments.ts(101,23): error TS2339: Property 'pagination' does not exist on type 'NonNullable<NoInfer<TQueryFnData>>'.
src/features/payments/hooks/usePayments.ts(205,55): error TS2322: Type 'string' is not assignable to type 'PaymentProvider | undefined'.
src/features/payments/hooks/usePayments.ts(322,40): error TS2339: Property 'isLoading' does not exist on type 'UseMutationResult<InitializePaymentResponse, Error, InitializePaymentRequest, unknown>'.
  Property 'isLoading' does not exist on type 'Override<MutationObserverIdleResult<InitializePaymentResponse, Error, InitializePaymentRequest, unknown>, { ...; }> & { ...; }'.
src/features/payments/hooks/usePayments.ts(323,33): error TS2339: Property 'isLoading' does not exist on type 'UseMutationResult<VerifyPaymentResponse, Error, VerifyPaymentRequest, unknown>'.
  Property 'isLoading' does not exist on type 'Override<MutationObserverIdleResult<VerifyPaymentResponse, Error, VerifyPaymentRequest, unknown>, { ...; }> & { ...; }'.
src/features/payments/screens/index.ts(2,10): error TS2614: Module '"./PaymentHistoryScreen"' has no exported member 'PaymentHistoryScreen'. Did you mean to use 'import PaymentHistoryScreen from "./PaymentHistoryScreen"' instead?
src/features/payments/screens/index.ts(3,10): error TS2614: Module '"./PaymentScreen"' has no exported member 'PaymentScreen'. Did you mean to use 'import PaymentScreen from "./PaymentScreen"' instead?
src/features/payments/screens/PaymentHistoryScreen.tsx(437,52): error TS2322: Type '(options?: RefetchOptions | undefined) => Promise<QueryObserverResult<NoInfer<TQueryFnData>, Error>>' is not assignable to type '(event: GestureResponderEvent) => void'.
  Types of parameters 'options' and 'event' are incompatible.
    Type 'NativeSyntheticEvent<NativeTouchEvent>' has no properties in common with type 'RefetchOptions'.
src/features/payments/screens/PaymentScreen.tsx(269,13): error TS2322: Type 'null' is not assignable to type 'PaymentProvider | undefined'.
src/features/payments/screens/PaymentScreen.tsx(318,9): error TS2322: Type 'PaymentProvider | null' is not assignable to type 'PaymentProvider | undefined'.
  Type 'null' is not assignable to type 'PaymentProvider | undefined'.
src/features/profile/api/certificateApi.ts(50,24): error TS2339: Property 'data' does not exist on type '{ url: string; }'.
src/features/profile/components/BadgesSection/index.tsx(93,22): error TS7006: Parameter 'badge' implicitly has an 'any' type.
src/features/profile/components/CertifiedShipperCard/CertifiedShipperCard.styles.ts(102,5): error TS2322: Type 'string' is not assignable to type 'ViewStyle | TextStyle | ImageStyle'.
src/features/profile/components/CertifiedShipperCard/CertifiedView.tsx(52,57): error TS2322: Type 'ViewStyle | TextStyle | ImageStyle' is not assignable to type 'string | OpaqueColorValue | undefined'.
  Type 'ViewStyle' is not assignable to type 'string | OpaqueColorValue | undefined'.
src/features/profile/components/NotificationCategorySection/index.tsx(38,26): error TS2339: Property 'primary' does not exist on type 'Record<"success" | "link" | "text" | "danger" | "inputBorder" | "placeHolder" | "heading" | "black" | "lightergray" | "Crimson" | "lightCrimson" | "DarkGrey" | "DimGray" | "SlateGray" | ... 29 more ... | "dark", string>'.
src/features/profile/components/NotificationCategorySection/index.tsx(47,35): error TS2339: Property 'primary' does not exist on type 'Record<"success" | "link" | "text" | "danger" | "inputBorder" | "placeHolder" | "heading" | "black" | "lightergray" | "Crimson" | "lightCrimson" | "DarkGrey" | "DimGray" | "SlateGray" | ... 29 more ... | "dark", string>'.
src/features/profile/components/NotificationCategorySection/index.tsx(72,21): error TS2322: Type 'string' is not assignable to type '"number" | "function" | "credit-card" | "bell" | "check-circle" | "alert" | "close-circle" | "phone" | "history" | "key" | "filter" | "search" | "bold" | "link" | "user" | "delete" | ... 433 more ... | undefined'.
src/features/profile/components/NotificationCategorySection/index.tsx(82,64): error TS2339: Property 'primary' does not exist on type 'Record<"success" | "link" | "text" | "danger" | "inputBorder" | "placeHolder" | "heading" | "black" | "lightergray" | "Crimson" | "lightCrimson" | "DarkGrey" | "DimGray" | "SlateGray" | ... 29 more ... | "dark", string>'.
src/features/profile/components/NotificationCategorySection/index.tsx(83,53): error TS2339: Property 'primary' does not exist on type 'Record<"success" | "link" | "text" | "danger" | "inputBorder" | "placeHolder" | "heading" | "black" | "lightergray" | "Crimson" | "lightCrimson" | "DarkGrey" | "DimGray" | "SlateGray" | ... 29 more ... | "dark", string>'.
src/features/profile/components/NotificationChannelToggles/index.tsx(32,53): error TS2339: Property 'primary' does not exist on type 'Record<"success" | "link" | "text" | "danger" | "inputBorder" | "placeHolder" | "heading" | "black" | "lightergray" | "Crimson" | "lightCrimson" | "DarkGrey" | "DimGray" | "SlateGray" | ... 29 more ... | "dark", string>'.
src/features/profile/components/NotificationChannelToggles/index.tsx(51,58): error TS2339: Property 'primary' does not exist on type 'Record<"success" | "link" | "text" | "danger" | "inputBorder" | "placeHolder" | "heading" | "black" | "lightergray" | "Crimson" | "lightCrimson" | "DarkGrey" | "DimGray" | "SlateGray" | ... 29 more ... | "dark", string>'.
src/features/profile/components/NotificationChannelToggles/index.tsx(52,42): error TS2339: Property 'primary' does not exist on type 'Record<"success" | "link" | "text" | "danger" | "inputBorder" | "placeHolder" | "heading" | "black" | "lightergray" | "Crimson" | "lightCrimson" | "DarkGrey" | "DimGray" | "SlateGray" | ... 29 more ... | "dark", string>'.
src/features/profile/components/NotificationSettingsHeader/index.tsx(23,20): error TS2820: Type '"arrowleft"' is not assignable to type '"number" | "function" | "credit-card" | "bell" | "check-circle" | "alert" | "close-circle" | "phone" | "history" | "key" | "filter" | "search" | "bold" | "link" | "user" | "delete" | ... 433 more ... | undefined'. Did you mean '"arrow-left"'?
src/features/profile/components/QuietHoursSettings/index.tsx(47,67): error TS2339: Property 'primary' does not exist on type 'Record<"success" | "link" | "text" | "danger" | "inputBorder" | "placeHolder" | "heading" | "black" | "lightergray" | "Crimson" | "lightCrimson" | "DarkGrey" | "DimGray" | "SlateGray" | ... 29 more ... | "dark", string>'.
src/features/profile/components/QuietHoursSettings/index.tsx(48,62): error TS2339: Property 'primary' does not exist on type 'Record<"success" | "link" | "text" | "danger" | "inputBorder" | "placeHolder" | "heading" | "black" | "lightergray" | "Crimson" | "lightCrimson" | "DarkGrey" | "DimGray" | "SlateGray" | ... 29 more ... | "dark", string>'.
src/features/profile/components/QuietHoursSettings/index.tsx(61,43): error TS2339: Property 'primary' does not exist on type 'Record<"success" | "link" | "text" | "danger" | "inputBorder" | "placeHolder" | "heading" | "black" | "lightergray" | "Crimson" | "lightCrimson" | "DarkGrey" | "DimGray" | "SlateGray" | ... 29 more ... | "dark", string>'.
src/features/profile/components/QuietHoursSettings/index.tsx(128,27): error TS2339: Property 'primary' does not exist on type 'Record<"success" | "link" | "text" | "danger" | "inputBorder" | "placeHolder" | "heading" | "black" | "lightergray" | "Crimson" | "lightCrimson" | "DarkGrey" | "DimGray" | "SlateGray" | ... 29 more ... | "dark", string>'.
src/features/profile/components/ReviewsSection/index.tsx(66,58): error TS2339: Property 'averageRating' does not exist on type 'PaginatedReviews'.
src/features/profile/components/SaveSettingsButton/index.tsx(33,27): error TS2339: Property 'primary' does not exist on type 'Record<"success" | "link" | "text" | "danger" | "inputBorder" | "placeHolder" | "heading" | "black" | "lightergray" | "Crimson" | "lightCrimson" | "DarkGrey" | "DimGray" | "SlateGray" | ... 29 more ... | "dark", string>'.
src/features/profile/hooks/useBadges.ts(30,41): error TS2339: Property 'data' does not exist on type 'MyBadgesResponse'.
src/features/profile/hooks/useBadges.ts(42,41): error TS2339: Property 'data' does not exist on type 'BadgeDefinition[]'.
src/features/profile/hooks/useCertificate.ts(36,37): error TS2339: Property 'success' does not exist on type 'CertificateProgress'.
src/features/profile/hooks/useCertificate.ts(37,39): error TS2339: Property 'data' does not exist on type 'CertificateProgress'.
src/features/profile/hooks/useCertificate.ts(38,38): error TS2339: Property 'data' does not exist on type 'CertificateProgress'.
src/features/profile/hooks/useCertificate.ts(38,71): error TS2339: Property 'data' does not exist on type 'CertificateProgress'.
src/features/profile/hooks/useCertificate.ts(43,29): error TS2339: Property 'success' does not exist on type 'CertificateProgress'.
src/features/profile/hooks/useCertificate.ts(44,42): error TS2339: Property 'message' does not exist on type 'CertificateProgress'.
src/features/profile/hooks/useCertificate.ts(48,36): error TS2339: Property 'data' does not exist on type 'CertificateProgress'.
src/features/profile/hooks/useMilestones.ts(36,37): error TS2339: Property 'success' does not exist on type 'MilestoneProgress'.
src/features/profile/hooks/useMilestones.ts(37,39): error TS2339: Property 'data' does not exist on type 'MilestoneProgress'.
src/features/profile/hooks/useMilestones.ts(38,38): error TS2339: Property 'data' does not exist on type 'MilestoneProgress'.
src/features/profile/hooks/useMilestones.ts(38,71): error TS2339: Property 'data' does not exist on type 'MilestoneProgress'.
src/features/profile/hooks/useMilestones.ts(39,44): error TS2339: Property 'data' does not exist on type 'MilestoneProgress'.
src/features/profile/hooks/useMilestones.ts(44,29): error TS2339: Property 'success' does not exist on type 'MilestoneProgress'.
src/features/profile/hooks/useMilestones.ts(45,42): error TS2339: Property 'message' does not exist on type 'MilestoneProgress'.
src/features/profile/hooks/useMilestones.ts(49,36): error TS2339: Property 'data' does not exist on type 'MilestoneProgress'.
src/features/profile/screens/BadgesScreen.tsx(212,45): error TS7006: Parameter 'b' implicitly has an 'any' type.
src/features/profile/screens/BadgesScreen.tsx(213,46): error TS7006: Parameter 'b' implicitly has an 'any' type.
src/features/profile/screens/BadgesScreen.tsx(214,50): error TS7006: Parameter 'b' implicitly has an 'any' type.
src/features/profile/screens/NotificationSettings/components/Header.tsx(15,20): error TS2820: Type '"arrowleft"' is not assignable to type '"number" | "function" | "credit-card" | "bell" | "check-circle" | "alert" | "close-circle" | "phone" | "history" | "key" | "filter" | "search" | "bold" | "link" | "user" | "delete" | ... 433 more ... | undefined'. Did you mean '"arrow-left"'?
src/features/profile/screens/NotificationSettings/components/MasterToggle.tsx(20,51): error TS2339: Property 'primary' does not exist on type 'Record<"success" | "link" | "text" | "danger" | "inputBorder" | "placeHolder" | "heading" | "black" | "lightergray" | "Crimson" | "lightCrimson" | "DarkGrey" | "DimGray" | "SlateGray" | ... 29 more ... | "dark", string>'.
src/features/profile/screens/NotificationSettings/components/MasterToggle.tsx(39,56): error TS2339: Property 'primary' does not exist on type 'Record<"success" | "link" | "text" | "danger" | "inputBorder" | "placeHolder" | "heading" | "black" | "lightergray" | "Crimson" | "lightCrimson" | "DarkGrey" | "DimGray" | "SlateGray" | ... 29 more ... | "dark", string>'.
src/features/profile/screens/NotificationSettings/components/MasterToggle.tsx(40,40): error TS2339: Property 'primary' does not exist on type 'Record<"success" | "link" | "text" | "danger" | "inputBorder" | "placeHolder" | "heading" | "black" | "lightergray" | "Crimson" | "lightCrimson" | "DarkGrey" | "DimGray" | "SlateGray" | ... 29 more ... | "dark", string>'.
src/features/profile/screens/NotificationSettings/components/NotificationTypesList.tsx(42,21): error TS2322: Type 'string' is not assignable to type '"number" | "function" | "credit-card" | "bell" | "check-circle" | "alert" | "close-circle" | "phone" | "history" | "key" | "filter" | "search" | "bold" | "link" | "user" | "delete" | ... 433 more ... | undefined'.
src/features/profile/screens/NotificationSettings/components/NotificationTypesList.tsx(52,64): error TS2339: Property 'primary' does not exist on type 'Record<"success" | "link" | "text" | "danger" | "inputBorder" | "placeHolder" | "heading" | "black" | "lightergray" | "Crimson" | "lightCrimson" | "DarkGrey" | "DimGray" | "SlateGray" | ... 29 more ... | "dark", string>'.
src/features/profile/screens/NotificationSettings/components/NotificationTypesList.tsx(53,53): error TS2339: Property 'primary' does not exist on type 'Record<"success" | "link" | "text" | "danger" | "inputBorder" | "placeHolder" | "heading" | "black" | "lightergray" | "Crimson" | "lightCrimson" | "DarkGrey" | "DimGray" | "SlateGray" | ... 29 more ... | "dark", string>'.
src/features/profile/screens/NotificationSettings/components/QuietHoursCard.tsx(41,60): error TS2339: Property 'primary' does not exist on type 'Record<"success" | "link" | "text" | "danger" | "inputBorder" | "placeHolder" | "heading" | "black" | "lightergray" | "Crimson" | "lightCrimson" | "DarkGrey" | "DimGray" | "SlateGray" | ... 29 more ... | "dark", string>'.
src/features/profile/screens/NotificationSettings/components/QuietHoursCard.tsx(42,55): error TS2339: Property 'primary' does not exist on type 'Record<"success" | "link" | "text" | "danger" | "inputBorder" | "placeHolder" | "heading" | "black" | "lightergray" | "Crimson" | "lightCrimson" | "DarkGrey" | "DimGray" | "SlateGray" | ... 29 more ... | "dark", string>'.
src/features/profile/screens/NotificationSettings/components/QuietHoursCard.tsx(122,25): error TS2339: Property 'primary' does not exist on type 'Record<"success" | "link" | "text" | "danger" | "inputBorder" | "placeHolder" | "heading" | "black" | "lightergray" | "Crimson" | "lightCrimson" | "DarkGrey" | "DimGray" | "SlateGray" | ... 29 more ... | "dark", string>'.
src/features/profile/screens/NotificationSettingsScreen.tsx(34,15): error TS2322: Type 'Omit<NavigationProp<RootParamList>, "getState"> & { getState(): Readonly<{ key: string; index: number; routeNames: string[]; history?: unknown[] | undefined; routes: NavigationRoute<...>[]; type: string; stale: false; }> | undefined; }' is not assignable to type 'NavigationProp<any>'.
  Type 'Omit<NavigationProp<RootParamList>, "getState"> & { getState(): Readonly<{ key: string; index: number; routeNames: string[]; history?: unknown[] | undefined; routes: NavigationRoute<...>[]; type: string; stale: false; }> | undefined; }' is not assignable to type 'Omit<NavigationHelpersCommon<any, Readonly<{ key: string; index: number; routeNames: string[]; history?: unknown[] | undefined; routes: NavigationRoute<any, string | number | symbol>[]; type: string; stale: false; }>>, "getParent">'.
    The types returned by 'getState()' are incompatible between these types.
      Type 'Readonly<{ key: string; index: number; routeNames: string[]; history?: unknown[] | undefined; routes: NavigationRoute<ParamListBase, string>[]; type: string; stale: false; }> | undefined' is not assignable to type 'Readonly<{ key: string; index: number; routeNames: string[]; history?: unknown[] | undefined; routes: NavigationRoute<any, string | number | symbol>[]; type: string; stale: false; }>'.
        Type 'undefined' is not assignable to type 'Readonly<{ key: string; index: number; routeNames: string[]; history?: unknown[] | undefined; routes: NavigationRoute<any, string | number | symbol>[]; type: string; stale: false; }>'.
src/features/public/hooks/usePublicTracking.ts(64,25): error TS2339: Property 'message' does not exist on type 'TrackingResult'.
src/features/public/hooks/useTrackingResult.ts(3,10): error TS2305: Module '"@src/navigations/type"' has no exported member 'PublicStackScreenProps'.
src/features/public/index.ts(21,3): error TS2724: '"./hooks/usePublicTracking"' has no exported member named 'UsePublicTrackingReturn'. Did you mean 'usePublicTracking'?
src/features/public/screens/hooks/usePublicHomeScreen.ts(20,10): error TS2724: '"@src/navigations/type"' has no exported member named 'PublicNavigationProp'. Did you mean 'navigationProps'?
src/features/public/screens/hooks/usePublicTrackingResult.ts(14,10): error TS2305: Module '"@src/navigations/type"' has no exported member 'PublicStackScreenProps'.
src/features/public/screens/PublicHome/index.ts(15,8): error TS2300: Duplicate identifier 'HowItWorksStep'.
src/features/public/screens/PublicHome/index.ts(22,3): error TS2300: Duplicate identifier 'HowItWorksStep'.
src/features/public/screens/PublicHomeScreen/PublicHomeScreen.tsx(15,10): error TS2724: '"@src/navigations/type"' has no exported member named 'PublicNavigationProp'. Did you mean 'navigationProps'?
src/features/public/screens/PublicTrackingResultScreen.tsx(58,11): error TS2339: Property 'trackingNumber' does not exist on type 'undefined'.
src/features/public/screens/PublicTrackingResultScreen.tsx(58,27): error TS2339: Property 'data' does not exist on type 'undefined'.
src/features/public/screens/PublicTrackingResultScreen.tsx(159,37): error TS7006: Parameter 'event' implicitly has an 'any' type.
src/features/public/screens/PublicTrackingResultScreen.tsx(159,44): error TS7006: Parameter 'index' implicitly has an 'any' type.
src/features/routes/screens/CheckRoute.tsx(168,29): error TS2820: Type '"search1"' is not assignable to type '"number" | "function" | "credit-card" | "bell" | "check-circle" | "alert" | "close-circle" | "phone" | "history" | "key" | "filter" | "search" | "bold" | "link" | "user" | "delete" | ... 433 more ... | undefined'. Did you mean '"search"'?
src/features/routes/screens/CheckRoute.tsx(177,24): error TS2322: Type 'string[]' is not assignable to type '{ id: string; title: string; time: string; }[]'.
  Type 'string' is not assignable to type '{ id: string; title: string; time: string; }'.
src/features/search/components/SearchFilterPanel/SearchFilterPanel.tsx(41,65): error TS2339: Property 'grey600' does not exist on type '{ white: string; 50: string; 100: string; 200: string; 300: string; 400: string; 500: string; 600: string; 700: string; 800: string; 900: string; }'.
src/features/search/components/SearchFilterPanel/SearchFilterPanel.tsx(96,10): error TS2322: Type '{ children: string; variant: "ghost"; onPress: () => void; }' is not assignable to type 'IntrinsicAttributes & ButtonProps'.
  Property 'children' does not exist on type 'IntrinsicAttributes & ButtonProps'.
src/features/search/components/SearchFilterPanel/SearchFilterPanel.tsx(99,10): error TS2322: Type '{ children: string; variant: "primary"; onPress: () => void; }' is not assignable to type 'IntrinsicAttributes & ButtonProps'.
  Property 'children' does not exist on type 'IntrinsicAttributes & ButtonProps'.
src/features/search/components/SearchFilterPanel/SearchFilterPanel.tsx(122,26): error TS2339: Property 'grey900' does not exist on type '{ white: string; 50: string; 100: string; 200: string; 300: string; 400: string; 500: string; 600: string; 700: string; 800: string; 900: string; }'.
src/features/search/components/SearchFilterPanel/SearchFilterPanel.tsx(130,26): error TS2339: Property 'grey800' does not exist on type '{ white: string; 50: string; 100: string; 200: string; 300: string; 400: string; 500: string; 600: string; 700: string; 800: string; 900: string; }'.
src/features/search/components/SearchFilterPanel/SearchFilterPanel.tsx(142,36): error TS2339: Property 'grey100' does not exist on type '{ white: string; 50: string; 100: string; 200: string; 300: string; 400: string; 500: string; 600: string; 700: string; 800: string; 900: string; }'.
src/features/search/components/SearchFilterPanel/SearchFilterPanel.tsx(149,26): error TS2339: Property 'grey600' does not exist on type '{ white: string; 50: string; 100: string; 200: string; 300: string; 400: string; 500: string; 600: string; 700: string; 800: string; 900: string; }'.
src/features/search/components/SearchFilterPanel/SearchFilterPanel.tsx(165,26): error TS2339: Property 'grey600' does not exist on type '{ white: string; 50: string; 100: string; 200: string; 300: string; 400: string; 500: string; 600: string; 700: string; 800: string; 900: string; }'.
src/features/search/components/SearchPagination/SearchPagination.tsx(32,48): error TS2339: Property 'grey700' does not exist on type '{ white: string; 50: string; 100: string; 200: string; 300: string; 400: string; 500: string; 600: string; 700: string; 800: string; 900: string; }'.
src/features/search/components/SearchPagination/SearchPagination.tsx(32,72): error TS2339: Property 'grey400' does not exist on type '{ white: string; 50: string; 100: string; 200: string; 300: string; 400: string; 500: string; 600: string; 700: string; 800: string; 900: string; }'.
src/features/search/components/SearchPagination/SearchPagination.tsx(48,44): error TS2339: Property 'grey700' does not exist on type '{ white: string; 50: string; 100: string; 200: string; 300: string; 400: string; 500: string; 600: string; 700: string; 800: string; 900: string; }'.
src/features/search/components/SearchPagination/SearchPagination.tsx(48,68): error TS2339: Property 'grey400' does not exist on type '{ white: string; 50: string; 100: string; 200: string; 300: string; 400: string; 500: string; 600: string; 700: string; 800: string; 900: string; }'.
src/features/search/components/SearchPagination/SearchPagination.tsx(67,36): error TS2339: Property 'grey100' does not exist on type '{ white: string; 50: string; 100: string; 200: string; 300: string; 400: string; 500: string; 600: string; 700: string; 800: string; 900: string; }'.
src/features/search/components/SearchPagination/SearchPagination.tsx(72,36): error TS2339: Property 'grey50' does not exist on type '{ white: string; 50: string; 100: string; 200: string; 300: string; 400: string; 500: string; 600: string; 700: string; 800: string; 900: string; }'.
src/features/search/components/SearchPagination/SearchPagination.tsx(76,26): error TS2339: Property 'grey700' does not exist on type '{ white: string; 50: string; 100: string; 200: string; 300: string; 400: string; 500: string; 600: string; 700: string; 800: string; 900: string; }'.
src/features/search/components/SearchResultCard/SearchResultCard.tsx(17,3): error TS2353: Object literal may only specify known properties, and 'invoice' does not exist in type 'Record<"order" | "goods" | "container", { icon: string; color: string; label: string; }>'.
src/features/search/components/SearchResultCard/SearchResultCard.tsx(26,19): error TS2322: Type 'string' is not assignable to type '"cog" | "alert" | "close-circle" | "information" | "card" | "cash" | "navigate" | "key" | "push" | "map" | "filter" | "at" | "search" | "repeat" | "link" | "options" | "unlink" | ... 1340 more ... | undefined'.
src/features/search/components/SearchResultCard/SearchResultCard.tsx(66,32): error TS2339: Property 'grey200' does not exist on type '{ white: string; 50: string; 100: string; 200: string; 300: string; 400: string; 500: string; 600: string; 700: string; 800: string; 900: string; }'.
src/features/search/components/SearchResultCard/SearchResultCard.tsx(88,26): error TS2339: Property 'grey900' does not exist on type '{ white: string; 50: string; 100: string; 200: string; 300: string; 400: string; 500: string; 600: string; 700: string; 800: string; 900: string; }'.
src/features/search/components/SearchResultCard/SearchResultCard.tsx(94,26): error TS2339: Property 'grey600' does not exist on type '{ white: string; 50: string; 100: string; 200: string; 300: string; 400: string; 500: string; 600: string; 700: string; 800: string; 900: string; }'.
src/features/search/components/SearchResultCard/SearchResultCard.tsx(104,26): error TS2339: Property 'grey500' does not exist on type '{ white: string; 50: string; 100: string; 200: string; 300: string; 400: string; 500: string; 600: string; 700: string; 800: string; 900: string; }'.
src/features/search/components/SearchResultsV2.tsx(59,11): error TS2322: Type '{ placeholder: string; value: string; onChangeText: (newQuery: string) => void; leftIcon: string; containerStyle: { flex: number; }; }' is not assignable to type 'IntrinsicAttributes & Omit<InputProps, "ref"> & RefAttributes<TextInputHandles>'.
  Property 'leftIcon' does not exist on type 'IntrinsicAttributes & Omit<InputProps, "ref"> & RefAttributes<TextInputHandles>'.
src/features/search/components/SearchResultsV2.tsx(62,10): error TS2322: Type '{ children: string; variant: "secondary"; onPress: () => void; }' is not assignable to type 'IntrinsicAttributes & ButtonProps'.
  Property 'children' does not exist on type 'IntrinsicAttributes & ButtonProps'.
src/features/search/components/SearchResultsV2.tsx(130,26): error TS2339: Property 'grey600' does not exist on type '{ white: string; 50: string; 100: string; 200: string; 300: string; 400: string; 500: string; 600: string; 700: string; 800: string; 900: string; }'.
src/features/search/components/SearchResultsV2.tsx(142,26): error TS2339: Property 'grey500' does not exist on type '{ white: string; 50: string; 100: string; 200: string; 300: string; 400: string; 500: string; 600: string; 700: string; 800: string; 900: string; }'.
src/features/search/components/SearchSortDropdown/SearchSortDropdown.tsx(44,70): error TS2339: Property 'grey600' does not exist on type '{ white: string; 50: string; 100: string; 200: string; 300: string; 400: string; 500: string; 600: string; 700: string; 800: string; 900: string; }'.
src/features/search/components/SearchSortDropdown/SearchSortDropdown.tsx(98,36): error TS2339: Property 'grey100' does not exist on type '{ white: string; 50: string; 100: string; 200: string; 300: string; 400: string; 500: string; 600: string; 700: string; 800: string; 900: string; }'.
src/features/search/components/SearchSortDropdown/SearchSortDropdown.tsx(103,26): error TS2339: Property 'grey700' does not exist on type '{ white: string; 50: string; 100: string; 200: string; 300: string; 400: string; 500: string; 600: string; 700: string; 800: string; 900: string; }'.
src/features/search/components/SearchSortDropdown/SearchSortDropdown.tsx(132,26): error TS2339: Property 'grey800' does not exist on type '{ white: string; 50: string; 100: string; 200: string; 300: string; 400: string; 500: string; 600: string; 700: string; 800: string; 900: string; }'.
src/features/search/index.ts(3,1): error TS2308: Module './components' has already exported a member named 'SearchPagination'. Consider explicitly re-exporting to resolve the ambiguity.
src/features/search/index.ts(3,1): error TS2308: Module './hooks' has already exported a member named 'SearchFilters'. Consider explicitly re-exporting to resolve the ambiguity.
src/features/search/index.ts(3,1): error TS2308: Module './hooks' has already exported a member named 'SearchResult'. Consider explicitly re-exporting to resolve the ambiguity.
src/features/search/index.ts(3,1): error TS2308: Module './hooks' has already exported a member named 'SearchSortOption'. Consider explicitly re-exporting to resolve the ambiguity.
src/features/stats/screens/components/RecentOrdersList.tsx(13,10): error TS2305: Module '"../../types"' has no exported member 'RecentOrder'.
src/features/stats/screens/components/ShipmentChart.tsx(25,27): error TS2339: Property 'card' does not exist on type '{ safeArea: { flex: number; }; scrollContainer: { padding: number; paddingBottom: number; }; centeredContainer: { flex: number; justifyContent: "center"; alignItems: "center"; }; userCard: { borderRadius: number; padding: number; marginBottom: number; elevation: number; }; ... 22 more ...; retryText: { ...; }; }'.
src/features/stats/screens/components/ShipmentChart.tsx(26,29): error TS2339: Property 'cardTitle' does not exist on type '{ safeArea: { flex: number; }; scrollContainer: { padding: number; paddingBottom: number; }; centeredContainer: { flex: number; justifyContent: "center"; alignItems: "center"; }; userCard: { borderRadius: number; padding: number; marginBottom: number; elevation: number; }; ... 22 more ...; retryText: { ...; }; }'.
src/features/stats/screens/components/ShipmentChart.tsx(27,29): error TS2339: Property 'emptyStateContainer' does not exist on type '{ safeArea: { flex: number; }; scrollContainer: { padding: number; paddingBottom: number; }; centeredContainer: { flex: number; justifyContent: "center"; alignItems: "center"; }; userCard: { borderRadius: number; padding: number; marginBottom: number; elevation: number; }; ... 22 more ...; retryText: { ...; }; }'.
src/features/stats/screens/components/ShipmentChart.tsx(28,31): error TS2339: Property 'emptyStateText' does not exist on type '{ safeArea: { flex: number; }; scrollContainer: { padding: number; paddingBottom: number; }; centeredContainer: { flex: number; justifyContent: "center"; alignItems: "center"; }; userCard: { borderRadius: number; padding: number; marginBottom: number; elevation: number; }; ... 22 more ...; retryText: { ...; }; }'.
src/features/stats/screens/components/ShipmentChart.tsx(35,25): error TS2339: Property 'card' does not exist on type '{ safeArea: { flex: number; }; scrollContainer: { padding: number; paddingBottom: number; }; centeredContainer: { flex: number; justifyContent: "center"; alignItems: "center"; }; userCard: { borderRadius: number; padding: number; marginBottom: number; elevation: number; }; ... 22 more ...; retryText: { ...; }; }'.
src/features/stats/screens/components/ShipmentChart.tsx(36,27): error TS2339: Property 'cardTitle' does not exist on type '{ safeArea: { flex: number; }; scrollContainer: { padding: number; paddingBottom: number; }; centeredContainer: { flex: number; justifyContent: "center"; alignItems: "center"; }; userCard: { borderRadius: number; padding: number; marginBottom: number; elevation: number; }; ... 22 more ...; retryText: { ...; }; }'.
src/features/stats/screens/components/ShipmentChart.tsx(45,25): error TS2339: Property 'grayDark' does not exist on type 'Record<"success" | "link" | "text" | "danger" | "inputBorder" | "placeHolder" | "heading" | "black" | "lightergray" | "Crimson" | "lightCrimson" | "DarkGrey" | "DimGray" | "SlateGray" | ... 29 more ... | "dark", string>'.
src/features/stats/screens/components/ShipmentChart.tsx(50,25): error TS2339: Property 'grayDark' does not exist on type 'Record<"success" | "link" | "text" | "danger" | "inputBorder" | "placeHolder" | "heading" | "black" | "lightergray" | "Crimson" | "lightCrimson" | "DarkGrey" | "DimGray" | "SlateGray" | ... 29 more ... | "dark", string>'.
src/features/stats/screens/components/ShipmentChart.tsx(56,28): error TS2339: Property 'grayMedium' does not exist on type 'Record<"success" | "link" | "text" | "danger" | "inputBorder" | "placeHolder" | "heading" | "black" | "lightergray" | "Crimson" | "lightCrimson" | "DarkGrey" | "DimGray" | "SlateGray" | ... 29 more ... | "dark", string>'.
src/features/stats/screens/components/ShipmentChart.tsx(57,28): error TS2339: Property 'grayMedium' does not exist on type 'Record<"success" | "link" | "text" | "danger" | "inputBorder" | "placeHolder" | "heading" | "black" | "lightergray" | "Crimson" | "lightCrimson" | "DarkGrey" | "DimGray" | "SlateGray" | ... 29 more ... | "dark", string>'.
src/features/stats/screens/components/ShipmentChart.tsx(60,9): error TS2322: Type '{ data: { value: number; label: string; frontColor: string; }[]; width: number; height: number; barWidth: number; barBorderRadius: number; spacing: number; yAxisTextStyle: { color: any; fontSize: number; fontFamily: string; }; ... 7 more ...; minValue: number; }' is not assignable to type 'IntrinsicAttributes & BarChartPropsType'.
  Property 'minValue' does not exist on type 'IntrinsicAttributes & BarChartPropsType'.
src/features/stats/screens/components/StatusBreakdown.tsx(13,10): error TS2305: Module '"../../types"' has no exported member 'StatusCounts'.
src/features/stats/screens/components/UserInfoCard.tsx(19,62): error TS2339: Property 'surface' does not exist on type 'Record<"success" | "link" | "text" | "danger" | "inputBorder" | "placeHolder" | "heading" | "black" | "lightergray" | "Crimson" | "lightCrimson" | "DarkGrey" | "DimGray" | "SlateGray" | ... 29 more ... | "dark", string>'.
src/features/stats/screens/hooks/useStatsScreen.ts(73,42): error TS2345: Argument of type 'productType[] | undefined' is not assignable to parameter of type 'Order[] | undefined'.
  Type 'productType[]' is not assignable to type 'Order[]'.
    Property 'id' is missing in type 'productType' but required in type 'Order'.
src/features/support/components/FAQCategoryItem.tsx(31,24): error TS2339: Property 'icon' does not exist on type 'FAQCategory'.
src/features/support/components/FAQCategoryItem.tsx(33,51): error TS2339: Property 'primary' does not exist on type 'Record<"success" | "link" | "text" | "danger" | "inputBorder" | "placeHolder" | "heading" | "black" | "lightergray" | "Crimson" | "lightCrimson" | "DarkGrey" | "DimGray" | "SlateGray" | ... 29 more ... | "dark", string>'.
src/features/support/components/FAQCategoryItem.tsx(36,19): error TS2339: Property 'title' does not exist on type 'FAQCategory'.
src/features/support/components/FAQCategoryItem.tsx(53,29): error TS2339: Property 'primary' does not exist on type 'Record<"success" | "link" | "text" | "danger" | "inputBorder" | "placeHolder" | "heading" | "black" | "lightergray" | "Crimson" | "lightCrimson" | "DarkGrey" | "DimGray" | "SlateGray" | ... 29 more ... | "dark", string>'.
src/features/support/components/FAQCategoryItem.tsx(58,19): error TS2339: Property 'primary' does not exist on type 'Record<"success" | "link" | "text" | "danger" | "inputBorder" | "placeHolder" | "heading" | "black" | "lightergray" | "Crimson" | "lightCrimson" | "DarkGrey" | "DimGray" | "SlateGray" | ... 29 more ... | "dark", string>'.
src/features/support/components/FAQItem.tsx(41,25): error TS2339: Property 'primary' does not exist on type 'Record<"success" | "link" | "text" | "danger" | "inputBorder" | "placeHolder" | "heading" | "black" | "lightergray" | "Crimson" | "lightCrimson" | "DarkGrey" | "DimGray" | "SlateGray" | ... 29 more ... | "dark", string>'.
src/features/support/components/FAQItem.tsx(76,19): error TS2339: Property 'darkText' does not exist on type 'Record<"success" | "link" | "text" | "danger" | "inputBorder" | "placeHolder" | "heading" | "black" | "lightergray" | "Crimson" | "lightCrimson" | "DarkGrey" | "DimGray" | "SlateGray" | ... 29 more ... | "dark", string>'.
src/features/support/hooks/useFAQ.ts(79,67): error TS2345: Argument of type '(p: FAQFilter) => { category: string; searchQuery: string; }' is not assignable to parameter of type 'SetStateAction<FAQFilter>'.
  Type '(p: FAQFilter) => { category: string; searchQuery: string; }' is not assignable to type '(prevState: FAQFilter) => FAQFilter'.
    Call signature return types '{ category: string; searchQuery: string; }' and 'FAQFilter' are incompatible.
      The types of 'category' are incompatible between these types.
        Type 'string' is not assignable to type '"all" | FAQCategory'.
src/features/support/index.ts(23,3): error TS2300: Duplicate identifier 'FAQItem'.
src/features/support/index.ts(30,3): error TS2300: Duplicate identifier 'FAQItem'.
src/features/support/index.ts(32,3): error TS2724: '"./types"' has no exported member named 'FAQCategoryInfo'. Did you mean 'FAQCategory'?
src/features/support/index.ts(44,3): error TS2305: Module '"./api"' has no exported member 'fetchFAQs'.
src/features/support/index.ts(45,3): error TS2305: Module '"./api"' has no exported member 'fetchFAQsByCategory'.
src/features/support/index.ts(47,3): error TS2305: Module '"./api"' has no exported member 'fetchFAQCategories'.
src/features/support/screens/FAQScreen.tsx(42,16): error TS2741: Property 'onPress' is missing in type '{}' but required in type 'FAQContactButtonProps'.
src/features/support/screens/FAQScreen.tsx(49,32): error TS2322: Type '{ item: FAQItem; index: number; }' is not assignable to type 'IntrinsicAttributes & FAQItemProps'.
  Property 'index' does not exist on type 'IntrinsicAttributes & FAQItemProps'.
src/features/users/components/UserSearch/index.tsx(120,19): error TS2551: Property 'darkGrey' does not exist on type 'Record<"success" | "link" | "text" | "danger" | "inputBorder" | "placeHolder" | "heading" | "black" | "lightergray" | "Crimson" | "lightCrimson" | "DarkGrey" | "DimGray" | "SlateGray" | ... 29 more ... | "dark", string>'. Did you mean 'DarkGrey'?
src/features/users/components/UserSearch/index.tsx(147,25): error TS2551: Property 'lightGrey' does not exist on type 'Record<"success" | "link" | "text" | "danger" | "inputBorder" | "placeHolder" | "heading" | "black" | "lightergray" | "Crimson" | "lightCrimson" | "DarkGrey" | "DimGray" | "SlateGray" | ... 29 more ... | "dark", string>'. Did you mean 'lightGray'?
src/features/users/components/UserSearch/index.tsx(154,31): error TS2551: Property 'lightGrey' does not exist on type 'Record<"success" | "link" | "text" | "danger" | "inputBorder" | "placeHolder" | "heading" | "black" | "lightergray" | "Crimson" | "lightCrimson" | "DarkGrey" | "DimGray" | "SlateGray" | ... 29 more ... | "dark", string>'. Did you mean 'lightGray'?
src/features/users/components/UserSearch/index.tsx(179,19): error TS2551: Property 'darkGrey' does not exist on type 'Record<"success" | "link" | "text" | "danger" | "inputBorder" | "placeHolder" | "heading" | "black" | "lightergray" | "Crimson" | "lightCrimson" | "DarkGrey" | "DimGray" | "SlateGray" | ... 29 more ... | "dark", string>'. Did you mean 'DarkGrey'?
src/hooks/index.ts(28,10): error TS2724: '"./useClipBoard"' has no exported member named 'useClipBoard'. Did you mean 'useClipboard'?
src/hooks/index.ts(31,10): error TS2305: Module '"./useConfirmation"' has no exported member 'useConfirmation'.
src/navigation/types.ts(79,26): error TS2344: Type 'PublicStackParamList' does not satisfy the constraint 'ParamListBase'.
  Index signature for type 'string' is missing in type 'PublicStackParamList'.
src/navigations/type.tsx(6,13): error TS2300: Duplicate identifier 'RootStackParamList'.
src/providers/ThemeProvider.tsx(102,5): error TS2322: Type '{ style: "dark"; backgroundColor: string; translucent: boolean; } | { style: "light"; backgroundColor: string; translucent: boolean; }' is not assignable to type '{ style: "dark"; backgroundColor: string; translucent: boolean; }'.
  Type '{ style: "light"; backgroundColor: string; translucent: boolean; }' is not assignable to type '{ style: "dark"; backgroundColor: string; translucent: boolean; }'.
    Types of property 'style' are incompatible.
      Type '"light"' is not assignable to type '"dark"'.
src/services/pushNotificationService.ts(626,37): error TS2322: Type 'Promise<{ shouldShowAlert: true; shouldPlaySound: true; shouldSetBadge: true; }>' is not assignable to type 'Promise<NotificationBehavior>'.
  Type '{ shouldShowAlert: true; shouldPlaySound: true; shouldSetBadge: true; }' is missing the following properties from type 'NotificationBehavior': shouldShowBanner, shouldShowList
src/services/translate.tsx(2,32): error TS7006: Parameter 'key' implicitly has an 'any' type.
src/services/translate.tsx(2,37): error TS7006: Parameter 'type' implicitly has an 'any' type.
src/services/translate.tsx(12,32): error TS7006: Parameter 'key' implicitly has an 'any' type.
src/services/translate.tsx(12,37): error TS7006: Parameter 'type' implicitly has an 'any' type.
src/services/translate.tsx(51,31): error TS7006: Parameter 'key' implicitly has an 'any' type.
src/services/translate.tsx(51,36): error TS7006: Parameter 'type' implicitly has an 'any' type.
src/shared/components/ErrorBoundary/ErrorBoundary.tsx(65,12): error TS2339: Property 'showFeedbackDialog' does not exist on type 'typeof import("C:/Users/hp/workspace/chinalink/chinalinexpress/node_modules/@sentry/react-native/dist/js/index")'.
src/shared/components/ErrorBoundary/ErrorBoundary.tsx(69,23): error TS7006: Parameter 'error' implicitly has an 'any' type.
src/shared/components/index.ts(11,42): error TS2614: Module '"./OrderList"' has no exported member 'OrderListProps'. Did you mean to use 'import OrderListProps from "./OrderList"' instead?
src/shared/components/NavigationAnalytics.tsx(41,3): error TS2322: Type 'Readonly<object | undefined>' is not assignable to type 'Record<string, unknown> | undefined'.
  Type 'object' is not assignable to type 'Record<string, unknown>'.
    Index signature for type 'string' is missing in type '{}'.
src/shared/hooks/useAnalytics.ts(9,23): error TS2307: Cannot find module '@react-native-firebase/analytics' or its corresponding type declarations.
src/shared/hooks/useNetworkStatus.ts(53,5): error TS2322: Type '({ cellularGeneration: NetInfoCellularGeneration | null; carrier: string | null; } & NetInfoConnectedDetails) | ({ ...; } & NetInfoConnectedDetails) | (Record<...> & NetInfoConnectedDetails) | ({ ...; } & NetInfoConnectedDetails) | null | undefined' is not assignable to type '({ cellularGeneration: NetInfoCellularGeneration | null; carrier: string | null; } & NetInfoConnectedDetails) | ({ ...; } & NetInfoConnectedDetails) | (Record<...> & NetInfoConnectedDetails) | ({ ...; } & NetInfoConnectedDetails) | null'.
  Type 'undefined' is not assignable to type '({ cellularGeneration: NetInfoCellularGeneration | null; carrier: string | null; } & NetInfoConnectedDetails) | ({ ...; } & NetInfoConnectedDetails) | (Record<...> & NetInfoConnectedDetails) | ({ ...; } & NetInfoConnectedDetails) | null'.
src/shared/hooks/useOfflineMutation.ts(133,27): error TS2339: Property 'onError' does not exist on type '{ throwOnError?: boolean | ((error: TError) => boolean) | undefined; retry?: RetryValue<TError> | undefined; retryDelay?: RetryDelayValue<TError> | undefined; ... 6 more ...; scope?: MutationScope | undefined; }'.
src/shared/hooks/useOfflineMutation.ts(134,25): error TS2339: Property 'onError' does not exist on type '{ throwOnError?: boolean | ((error: TError) => boolean) | undefined; retry?: RetryValue<TError> | undefined; retryDelay?: RetryDelayValue<TError> | undefined; ... 6 more ...; scope?: MutationScope | undefined; }'.
src/shared/hooks/useOfflineMutation.ts(158,52): error TS2345: Argument of type 'TContext | undefined' is not assignable to parameter of type 'TContext'.
  'TContext' could be instantiated with an arbitrary type which could be unrelated to 'TContext | undefined'.
src/shared/hooks/useOrderDetail.ts(1,27): error TS2305: Module '"@src/api/order"' has no exported member 'getSeaRouteById'.
src/shared/integration-example.tsx(15,3): error TS2305: Module '"./index"' has no exported member 'useNetworkStatus'.
src/shared/integration-example.tsx(16,3): error TS2305: Module '"./index"' has no exported member 'useOfflineMutation'.
src/shared/integration-example.tsx(17,3): error TS2724: '"./index"' has no exported member named 'useSyncStatus'. Did you mean 'SyncStatus'?
src/shared/integration-example.tsx(120,34): error TS7006: Parameter 'variables' implicitly has an 'any' type.
src/shared/integration-example.tsx(120,45): error TS7006: Parameter 'qc' implicitly has an 'any' type.
src/shared/integration-example.tsx(136,26): error TS7006: Parameter 'variables' implicitly has an 'any' type.
src/shared/integration-example.tsx(136,37): error TS7006: Parameter 'context' implicitly has an 'any' type.
src/shared/integration-example.tsx(136,46): error TS7006: Parameter 'qc' implicitly has an 'any' type.
src/shared/integration-example.tsx(183,34): error TS7006: Parameter 'variables' implicitly has an 'any' type.
src/shared/integration-example.tsx(183,45): error TS7006: Parameter 'qc' implicitly has an 'any' type.
src/shared/integration-example.tsx(197,26): error TS7006: Parameter 'variables' implicitly has an 'any' type.
src/shared/integration-example.tsx(197,37): error TS7006: Parameter 'context' implicitly has an 'any' type.
src/shared/integration-example.tsx(197,46): error TS7006: Parameter 'qc' implicitly has an 'any' type.
src/shared/lib/healthCheck.ts(306,49): error TS2307: Cannot find module '@react-native-firebase/analytics' or its corresponding type declarations.
src/shared/lib/lazyLoad.tsx(9,35): error TS2307: Cannot find module '@src/components/ui/Loading' or its corresponding type declarations.
src/shared/lib/lazyLoad.tsx(39,36): error TS2345: Argument of type '() => Promise<T | { default: T; }>' is not assignable to parameter of type '() => Promise<{ default: T; }>'.
  Type 'Promise<T | { default: T; }>' is not assignable to type 'Promise<{ default: T; }>'.
    Type 'T | { default: T; }' is not assignable to type '{ default: T; }'.
      Type 'T' is not assignable to type '{ default: T; }'.
        Type 'ComponentType<any>' is not assignable to type '{ default: T; }'.
          Property 'default' is missing in type 'ComponentClass<any, any>' but required in type '{ default: T; }'.
src/shared/lib/offlineStorage.ts(58,5): error TS4104: The type 'readonly string[]' is 'readonly' and cannot be assigned to the mutable type 'string[]'.
src/shared/lib/offlineStorage.ts(145,7): error TS4104: The type 'readonly string[]' is 'readonly' and cannot be assigned to the mutable type 'string[]'.
src/shared/lib/performance.ts(179,3): error TS2322: Type 'NamedExoticComponent<any>' is not assignable to type 'MemoExoticComponent<T>'.
  Property 'type' is missing in type 'NamedExoticComponent<any>' but required in type '{ readonly type: T; }'.
src/shared/lib/performance.ts(179,16): error TS2769: No overload matches this call.
  Overload 1 of 2, '(Component: FunctionComponent<any>, propsAreEqual?: ((prevProps: Readonly<any>, nextProps: Readonly<any>) => boolean) | undefined): NamedExoticComponent<...>', gave the following error.
    Argument of type 'ComponentType<any>' is not assignable to parameter of type 'FunctionComponent<any>'.
      Type 'ComponentClass<any, any>' is not assignable to type 'FunctionComponent<any>'.
        Type 'ComponentClass<any, any>' provides no match for the signature '(props: any): ReactNode | Promise<ReactNode>'.
  Overload 2 of 2, '(Component: T, propsAreEqual?: ((prevProps: Readonly<ComponentProps<T>>, nextProps: Readonly<ComponentProps<T>>) => boolean) | undefined): MemoExoticComponent<...>', gave the following error.
    Argument of type '((prev: ComponentProps<T>, next: ComponentProps<T>) => boolean) | (<T extends Record<string, unknown>>(prevProps: T, nextProps: T) => boolean)' is not assignable to parameter of type '((prevProps: Readonly<ComponentProps<T>>, nextProps: Readonly<ComponentProps<T>>) => boolean) | undefined'.
      Type '(prev: ComponentProps<T>, next: ComponentProps<T>) => boolean' is not assignable to type '(prevProps: Readonly<ComponentProps<T>>, nextProps: Readonly<ComponentProps<T>>) => boolean'.
        Types of parameters 'prev' and 'prevProps' are incompatible.
          Type 'Readonly<ComponentProps<T>>' is not assignable to type 'ComponentProps<T>'.
src/shared/lib/performanceMonitoring.ts(8,23): error TS2307: Cannot find module '@react-native-firebase/analytics' or its corresponding type declarations.
src/shared/lib/sentry.ts(39,5): error TS2561: Object literal may only specify known properties, but 'enableAutoPerformanceTracking' does not exist in type 'ReactNativeOptions'. Did you mean to write 'enableAutoPerformanceTracing'?
src/shared/notifications/notificationHandlers.ts(51,28): error TS2345: Argument of type '[never, never]' is not assignable to parameter of type 'never'.
src/shared/notifications/notificationHandlers.ts(60,32): error TS2345: Argument of type '[never, never]' is not assignable to parameter of type 'never'.
src/shared/notifications/notificationHandlers.ts(194,36): error TS2339: Property 'data' does not exist on type 'CertificateProgress'.
src/shared/providers/index.ts(6,44): error TS2614: Module '"./OfflineProvider"' has no exported member 'OfflineContextValue'. Did you mean to use 'import OfflineContextValue from "./OfflineProvider"' instead?
src/shared/services/notifications/notificationLocal.ts(28,7): error TS2322: Type '{ date: Date; }' is not assignable to type 'NotificationTriggerInput'.
  Property 'type' is missing in type '{ date: Date; }' but required in type 'DateTriggerInput'.
src/shared/services/notifications/notificationLocal.ts(31,7): error TS2322: Type '{ seconds: number; repeats: boolean; }' is not assignable to type 'NotificationTriggerInput'.
  Property 'type' is missing in type '{ seconds: number; repeats: boolean; }' but required in type 'TimeIntervalTriggerInput'.
src/shared/services/notificationService.ts(303,7): error TS2322: Type '{ date: Date; }' is not assignable to type 'NotificationTriggerInput'.
  Property 'type' is missing in type '{ date: Date; }' but required in type 'DateTriggerInput'.
src/shared/services/notificationService.ts(306,7): error TS2322: Type '{ seconds: number; repeats: boolean; }' is not assignable to type 'NotificationTriggerInput'.
  Property 'type' is missing in type '{ seconds: number; repeats: boolean; }' but required in type 'TimeIntervalTriggerInput'.
src/shared/services/notificationService.ts(652,37): error TS2322: Type 'Promise<{ shouldShowAlert: true; shouldPlaySound: true; shouldSetBadge: true; }>' is not assignable to type 'Promise<NotificationBehavior>'.
  Type '{ shouldShowAlert: true; shouldPlaySound: true; shouldSetBadge: true; }' is missing the following properties from type 'NotificationBehavior': shouldShowBanner, shouldShowList
src/shared/ui/Input.tsx(12,18): error TS2430: Interface 'InputProps' incorrectly extends interface 'Omit<Props, "mode" | "style">'.
  Types of property 'error' are incompatible.
    Type 'string | undefined' is not assignable to type 'boolean | undefined'.
      Type 'string' is not assignable to type 'boolean | undefined'.
src/shared/ui/Input.tsx(40,3): error TS2339: Property 'style' does not exist on type 'Omit<InputProps, "ref">'.
src/shared/ui/Input.tsx(53,7): error TS2322: Type 'ForwardedRef<TextInputHandles>' is not assignable to type '((((instance: TextInput | null) => void | (() => VoidOrUndefinedOnly)) | RefObject<TextInput | null>) & (((instance: TextInputHandles | null) => void | (() => VoidOrUndefinedOnly)) | RefObject<...>)) | null | undefined'.
  Type 'RefObject<TextInputHandles | null>' is not assignable to type '((((instance: TextInput | null) => void | (() => VoidOrUndefinedOnly)) | RefObject<TextInput | null>) & (((instance: TextInputHandles | null) => void | (() => VoidOrUndefinedOnly)) | RefObject<...>)) | null | undefined'.
    Type 'RefObject<TextInputHandles | null>' is not assignable to type 'RefObject<TextInput | null> & RefObject<TextInputHandles | null>'.
      Type 'RefObject<TextInputHandles | null>' is not assignable to type 'RefObject<TextInput | null>'.
        Type 'TextInputHandles | null' is not assignable to type 'TextInput | null'.
          Type 'TextInputHandles' is missing the following properties from type 'TextInput': offsetHeight, offsetLeft, offsetParent, offsetTop, and 55 more.
src/test/__tests__/setup.test.tsx(16,1): error TS2582: Cannot find name 'describe'. Do you need to install type definitions for a test runner? Try `npm i --save-dev @types/jest` or `npm i --save-dev @types/mocha`.
src/test/__tests__/setup.test.tsx(17,3): error TS2582: Cannot find name 'it'. Do you need to install type definitions for a test runner? Try `npm i --save-dev @types/jest` or `npm i --save-dev @types/mocha`.
src/test/__tests__/setup.test.tsx(20,5): error TS2304: Cannot find name 'expect'.
src/test/__tests__/setup.test.tsx(21,5): error TS2304: Cannot find name 'expect'.
src/test/__tests__/setup.test.tsx(24,3): error TS2582: Cannot find name 'it'. Do you need to install type definitions for a test runner? Try `npm i --save-dev @types/jest` or `npm i --save-dev @types/mocha`.
src/test/__tests__/setup.test.tsx(30,5): error TS2304: Cannot find name 'expect'.
src/test/__tests__/setup.test.tsx(33,3): error TS2582: Cannot find name 'it'. Do you need to install type definitions for a test runner? Try `npm i --save-dev @types/jest` or `npm i --save-dev @types/mocha`.
src/test/__tests__/setup.test.tsx(34,20): error TS2708: Cannot use namespace 'jest' as a value.
src/test/__tests__/setup.test.tsx(37,5): error TS2304: Cannot find name 'expect'.
src/test/__tests__/setup.test.tsx(40,3): error TS2582: Cannot find name 'it'. Do you need to install type definitions for a test runner? Try `npm i --save-dev @types/jest` or `npm i --save-dev @types/mocha`.
src/test/__tests__/setup.test.tsx(43,5): error TS2304: Cannot find name 'expect'.
src/test/__tests__/setup.test.tsx(47,1): error TS2582: Cannot find name 'describe'. Do you need to install type definitions for a test runner? Try `npm i --save-dev @types/jest` or `npm i --save-dev @types/mocha`.
src/test/__tests__/setup.test.tsx(48,3): error TS2582: Cannot find name 'it'. Do you need to install type definitions for a test runner? Try `npm i --save-dev @types/jest` or `npm i --save-dev @types/mocha`.
src/test/__tests__/setup.test.tsx(52,5): error TS2304: Cannot find name 'expect'.
src/test/__tests__/setup.test.tsx(55,3): error TS2582: Cannot find name 'it'. Do you need to install type definitions for a test runner? Try `npm i --save-dev @types/jest` or `npm i --save-dev @types/mocha`.
src/test/__tests__/setup.test.tsx(59,5): error TS2304: Cannot find name 'expect'.
src/test/__tests__/setup.test.tsx(60,5): error TS2304: Cannot find name 'expect'.
src/test/__tests__/setup.test.tsx(61,5): error TS2304: Cannot find name 'expect'.
src/test/mocks/react-native-paper.tsx(194,1): error TS2708: Cannot use namespace 'jest' as a value.
src/test/mocks/react-native-paper.tsx(227,1): error TS2708: Cannot use namespace 'jest' as a value.
src/test/mocks/react-native-reanimated.tsx(106,70): error TS18048: 's' is possibly 'undefined'.
src/test/mocks/react-native-reanimated.tsx(151,1): error TS2708: Cannot use namespace 'jest' as a value.
src/test/mocks/react-native-reanimated.tsx(193,1): error TS2708: Cannot use namespace 'jest' as a value.
src/test/mocks/react-native-reanimated.tsx(207,1): error TS2708: Cannot use namespace 'jest' as a value.
src/test/mocks/react-navigation.ts(8,29): error TS2708: Cannot use namespace 'jest' as a value.
src/test/mocks/react-navigation.ts(9,27): error TS2708: Cannot use namespace 'jest' as a value.
src/test/mocks/react-navigation.ts(10,26): error TS2708: Cannot use namespace 'jest' as a value.
src/test/mocks/react-navigation.ts(11,30): error TS2708: Cannot use namespace 'jest' as a value.
src/test/mocks/react-navigation.ts(12,31): error TS2708: Cannot use namespace 'jest' as a value.
src/test/mocks/react-navigation.ts(13,29): error TS2708: Cannot use namespace 'jest' as a value.
src/test/mocks/react-navigation.ts(14,32): error TS2708: Cannot use namespace 'jest' as a value.
src/test/mocks/react-navigation.ts(15,35): error TS2708: Cannot use namespace 'jest' as a value.
src/test/mocks/react-navigation.ts(16,30): error TS2708: Cannot use namespace 'jest' as a value.
src/test/mocks/react-navigation.ts(17,30): error TS2708: Cannot use namespace 'jest' as a value.
src/test/mocks/react-navigation.ts(84,1): error TS2708: Cannot use namespace 'jest' as a value.
src/test/mocks/react-navigation.ts(85,6): error TS2708: Cannot use namespace 'jest' as a value.
src/test/mocks/react-navigation.ts(94,1): error TS2708: Cannot use namespace 'jest' as a value.
src/test/mocks/react-navigation.ts(102,1): error TS2708: Cannot use namespace 'jest' as a value.
src/test/mocks/react-navigation.ts(110,1): error TS2708: Cannot use namespace 'jest' as a value.
src/test/mocks/react-query.ts(49,12): error TS2708: Cannot use namespace 'jest' as a value.
src/test/mocks/react-query.ts(68,11): error TS2708: Cannot use namespace 'jest' as a value.
src/test/mocks/react-query.ts(69,16): error TS2708: Cannot use namespace 'jest' as a value.
src/test/mocks/react-query.ts(70,10): error TS2708: Cannot use namespace 'jest' as a value.
src/test/mocks/react-query.ts(82,18): error TS2708: Cannot use namespace 'jest' as a value.
src/test/mocks/react-query.ts(83,22): error TS2708: Cannot use namespace 'jest' as a value.
src/test/mocks/react-query.ts(101,29): error TS2708: Cannot use namespace 'jest' as a value.
src/test/mocks/react-query.ts(104,32): error TS2708: Cannot use namespace 'jest' as a value.
src/test/mocks/react-query.ts(107,37): error TS2708: Cannot use namespace 'jest' as a value.
src/test/mocks/react-query.ts(110,35): error TS2708: Cannot use namespace 'jest' as a value.
src/test/mocks/react-query.ts(113,1): error TS2708: Cannot use namespace 'jest' as a value.
src/test/mocks/react-query.ts(114,6): error TS2708: Cannot use namespace 'jest' as a value.
src/test/mocks/react-query.ts(119,16): error TS2708: Cannot use namespace 'jest' as a value.
src/test/mocks/react-query.ts(119,46): error TS7006: Parameter 'config' implicitly has an 'any' type.
src/test/setup.ts(9,8): error TS2339: Property '__DEV__' does not exist on type 'typeof globalThis'.
src/test/setup.ts(12,1): error TS2708: Cannot use namespace 'jest' as a value.
src/test/setup.ts(15,1): error TS2708: Cannot use namespace 'jest' as a value.
src/test/setup.ts(16,14): error TS2708: Cannot use namespace 'jest' as a value.
src/test/setup.ts(17,13): error TS2708: Cannot use namespace 'jest' as a value.
src/test/setup.ts(20,1): error TS2708: Cannot use namespace 'jest' as a value.
src/test/setup.ts(30,1): error TS2708: Cannot use namespace 'jest' as a value.
src/test/setup.ts(31,17): error TS2708: Cannot use namespace 'jest' as a value.
src/test/setup.ts(32,17): error TS2708: Cannot use namespace 'jest' as a value.
src/test/setup.ts(33,20): error TS2708: Cannot use namespace 'jest' as a value.
src/test/setup.ts(36,1): error TS2708: Cannot use namespace 'jest' as a value.
src/test/setup.ts(37,27): error TS2708: Cannot use namespace 'jest' as a value.
src/test/setup.ts(38,28): error TS2708: Cannot use namespace 'jest' as a value.
src/test/setup.ts(39,26): error TS2708: Cannot use namespace 'jest' as a value.
src/test/setup.ts(40,36): error TS2708: Cannot use namespace 'jest' as a value.
src/test/setup.ts(40,61): error TS2708: Cannot use namespace 'jest' as a value.
src/test/setup.ts(41,44): error TS2708: Cannot use namespace 'jest' as a value.
src/test/setup.ts(41,69): error TS2708: Cannot use namespace 'jest' as a value.
src/test/setup.ts(42,35): error TS2708: Cannot use namespace 'jest' as a value.
src/test/setup.ts(46,1): error TS2708: Cannot use namespace 'jest' as a value.
src/test/setup.ts(51,1): error TS2708: Cannot use namespace 'jest' as a value.
src/test/setup.ts(58,1): error TS2708: Cannot use namespace 'jest' as a value.
src/test/setup.ts(97,1): error TS2708: Cannot use namespace 'jest' as a value.
src/test/templates/ComponentTestTemplate.tsx(52,1): error TS2582: Cannot find name 'describe'. Do you need to install type definitions for a test runner? Try `npm i --save-dev @types/jest` or `npm i --save-dev @types/mocha`.
src/test/templates/ComponentTestTemplate.tsx(54,3): error TS2304: Cannot find name 'beforeEach'.
src/test/templates/ComponentTestTemplate.tsx(55,5): error TS2708: Cannot use namespace 'jest' as a value.
src/test/templates/ComponentTestTemplate.tsx(58,3): error TS2582: Cannot find name 'describe'. Do you need to install type definitions for a test runner? Try `npm i --save-dev @types/jest` or `npm i --save-dev @types/mocha`.
src/test/templates/ComponentTestTemplate.tsx(59,5): error TS2582: Cannot find name 'it'. Do you need to install type definitions for a test runner? Try `npm i --save-dev @types/jest` or `npm i --save-dev @types/mocha`.
src/test/templates/ComponentTestTemplate.tsx(62,7): error TS2304: Cannot find name 'expect'.
src/test/templates/ComponentTestTemplate.tsx(63,7): error TS2304: Cannot find name 'expect'.
src/test/templates/ComponentTestTemplate.tsx(66,5): error TS2582: Cannot find name 'it'. Do you need to install type definitions for a test runner? Try `npm i --save-dev @types/jest` or `npm i --save-dev @types/mocha`.
src/test/templates/ComponentTestTemplate.tsx(69,7): error TS2304: Cannot find name 'expect'.
src/test/templates/ComponentTestTemplate.tsx(73,3): error TS2582: Cannot find name 'describe'. Do you need to install type definitions for a test runner? Try `npm i --save-dev @types/jest` or `npm i --save-dev @types/mocha`.
src/test/templates/ComponentTestTemplate.tsx(74,5): error TS2582: Cannot find name 'it'. Do you need to install type definitions for a test runner? Try `npm i --save-dev @types/jest` or `npm i --save-dev @types/mocha`.
src/test/templates/ComponentTestTemplate.tsx(75,27): error TS2708: Cannot use namespace 'jest' as a value.
src/test/templates/ComponentTestTemplate.tsx(80,7): error TS2304: Cannot find name 'expect'.
src/test/templates/ComponentTestTemplate.tsx(83,5): error TS2582: Cannot find name 'it'. Do you need to install type definitions for a test runner? Try `npm i --save-dev @types/jest` or `npm i --save-dev @types/mocha`.
src/test/templates/ComponentTestTemplate.tsx(84,27): error TS2708: Cannot use namespace 'jest' as a value.
src/test/templates/ComponentTestTemplate.tsx(89,7): error TS2304: Cannot find name 'expect'.
src/test/templates/ComponentTestTemplate.tsx(93,3): error TS2582: Cannot find name 'describe'. Do you need to install type definitions for a test runner? Try `npm i --save-dev @types/jest` or `npm i --save-dev @types/mocha`.
src/test/templates/ComponentTestTemplate.tsx(94,5): error TS2582: Cannot find name 'it'. Do you need to install type definitions for a test runner? Try `npm i --save-dev @types/jest` or `npm i --save-dev @types/mocha`.
src/test/templates/ComponentTestTemplate.tsx(103,3): error TS2582: Cannot find name 'describe'. Do you need to install type definitions for a test runner? Try `npm i --save-dev @types/jest` or `npm i --save-dev @types/mocha`.
src/test/templates/ComponentTestTemplate.tsx(104,5): error TS2582: Cannot find name 'it'. Do you need to install type definitions for a test runner? Try `npm i --save-dev @types/jest` or `npm i --save-dev @types/mocha`.
src/test/templates/ComponentTestTemplate.tsx(107,7): error TS2304: Cannot find name 'expect'.
src/test/templates/ComponentTestTemplate.tsx(113,1): error TS2582: Cannot find name 'describe'. Do you need to install type definitions for a test runner? Try `npm i --save-dev @types/jest` or `npm i --save-dev @types/mocha`.
src/test/templates/ComponentTestTemplate.tsx(114,3): error TS2582: Cannot find name 'it'. Do you need to install type definitions for a test runner? Try `npm i --save-dev @types/jest` or `npm i --save-dev @types/mocha`.
src/test/templates/ComponentTestTemplate.tsx(115,28): error TS2708: Cannot use namespace 'jest' as a value.
src/test/templates/ComponentTestTemplate.tsx(127,7): error TS2304: Cannot find name 'expect'.
src/test/templates/ComponentTestTemplate.tsx(133,1): error TS2582: Cannot find name 'describe'. Do you need to install type definitions for a test runner? Try `npm i --save-dev @types/jest` or `npm i --save-dev @types/mocha`.
src/test/templates/ComponentTestTemplate.tsx(134,3): error TS2582: Cannot find name 'it'. Do you need to install type definitions for a test runner? Try `npm i --save-dev @types/jest` or `npm i --save-dev @types/mocha`.
src/test/templates/ComponentTestTemplate.tsx(137,71): error TS7031: Binding element 'title' implicitly has an 'any' type.
src/test/templates/ComponentTestTemplate.tsx(137,78): error TS7031: Binding element 'disabled' implicitly has an 'any' type.
src/test/templates/ComponentTestTemplate.tsx(140,5): error TS2304: Cannot find name 'expect'.
src/test/templates/ComponentTestTemplate.tsx(141,5): error TS2304: Cannot find name 'expect'.
src/test/templates/HookTestTemplate.ts(20,42): error TS2307: Cannot find module '@testing-library/react-hooks' or its corresponding type declarations.
src/test/templates/HookTestTemplate.ts(63,1): error TS2582: Cannot find name 'describe'. Do you need to install type definitions for a test runner? Try `npm i --save-dev @types/jest` or `npm i --save-dev @types/mocha`.
src/test/templates/HookTestTemplate.ts(65,3): error TS2304: Cannot find name 'afterEach'.
src/test/templates/HookTestTemplate.ts(69,3): error TS2582: Cannot find name 'describe'. Do you need to install type definitions for a test runner? Try `npm i --save-dev @types/jest` or `npm i --save-dev @types/mocha`.
src/test/templates/HookTestTemplate.ts(70,5): error TS2582: Cannot find name 'it'. Do you need to install type definitions for a test runner? Try `npm i --save-dev @types/jest` or `npm i --save-dev @types/mocha`.
src/test/templates/HookTestTemplate.ts(73,7): error TS2304: Cannot find name 'expect'.
src/test/templates/HookTestTemplate.ts(76,5): error TS2582: Cannot find name 'it'. Do you need to install type definitions for a test runner? Try `npm i --save-dev @types/jest` or `npm i --save-dev @types/mocha`.
src/test/templates/HookTestTemplate.ts(79,7): error TS2304: Cannot find name 'expect'.
src/test/templates/HookTestTemplate.ts(82,5): error TS2582: Cannot find name 'it'. Do you need to install type definitions for a test runner? Try `npm i --save-dev @types/jest` or `npm i --save-dev @types/mocha`.
src/test/templates/HookTestTemplate.ts(85,7): error TS2304: Cannot find name 'expect'.
src/test/templates/HookTestTemplate.ts(89,3): error TS2582: Cannot find name 'describe'. Do you need to install type definitions for a test runner? Try `npm i --save-dev @types/jest` or `npm i --save-dev @types/mocha`.
src/test/templates/HookTestTemplate.ts(90,5): error TS2582: Cannot find name 'it'. Do you need to install type definitions for a test runner? Try `npm i --save-dev @types/jest` or `npm i --save-dev @types/mocha`.
src/test/templates/HookTestTemplate.ts(97,7): error TS2304: Cannot find name 'expect'.
src/test/templates/HookTestTemplate.ts(100,5): error TS2582: Cannot find name 'it'. Do you need to install type definitions for a test runner? Try `npm i --save-dev @types/jest` or `npm i --save-dev @types/mocha`.
src/test/templates/HookTestTemplate.ts(107,7): error TS2304: Cannot find name 'expect'.
src/test/templates/HookTestTemplate.ts(110,5): error TS2582: Cannot find name 'it'. Do you need to install type definitions for a test runner? Try `npm i --save-dev @types/jest` or `npm i --save-dev @types/mocha`.
src/test/templates/HookTestTemplate.ts(119,7): error TS2304: Cannot find name 'expect'.
src/test/templates/HookTestTemplate.ts(123,3): error TS2582: Cannot find name 'describe'. Do you need to install type definitions for a test runner? Try `npm i --save-dev @types/jest` or `npm i --save-dev @types/mocha`.
src/test/templates/HookTestTemplate.ts(124,5): error TS2582: Cannot find name 'it'. Do you need to install type definitions for a test runner? Try `npm i --save-dev @types/jest` or `npm i --save-dev @types/mocha`.
src/test/templates/HookTestTemplate.ts(131,7): error TS2304: Cannot find name 'expect'.
src/test/templates/HookTestTemplate.ts(134,5): error TS2582: Cannot find name 'it'. Do you need to install type definitions for a test runner? Try `npm i --save-dev @types/jest` or `npm i --save-dev @types/mocha`.
src/test/templates/HookTestTemplate.ts(141,7): error TS2304: Cannot find name 'expect'.
src/test/templates/HookTestTemplate.ts(145,3): error TS2582: Cannot find name 'describe'. Do you need to install type definitions for a test runner? Try `npm i --save-dev @types/jest` or `npm i --save-dev @types/mocha`.
src/test/templates/HookTestTemplate.ts(146,5): error TS2582: Cannot find name 'it'. Do you need to install type definitions for a test runner? Try `npm i --save-dev @types/jest` or `npm i --save-dev @types/mocha`.
src/test/templates/HookTestTemplate.ts(154,7): error TS2304: Cannot find name 'expect'.
src/test/templates/HookTestTemplate.ts(160,7): error TS2304: Cannot find name 'expect'.
src/test/templates/HookTestTemplate.ts(164,3): error TS2582: Cannot find name 'describe'. Do you need to install type definitions for a test runner? Try `npm i --save-dev @types/jest` or `npm i --save-dev @types/mocha`.
src/test/templates/HookTestTemplate.ts(165,5): error TS2582: Cannot find name 'it'. Do you need to install type definitions for a test runner? Try `npm i --save-dev @types/jest` or `npm i --save-dev @types/mocha`.
src/test/templates/HookTestTemplate.ts(172,7): error TS2304: Cannot find name 'expect'.
src/test/templates/HookTestTemplate.ts(201,1): error TS2582: Cannot find name 'describe'. Do you need to install type definitions for a test runner? Try `npm i --save-dev @types/jest` or `npm i --save-dev @types/mocha`.
src/test/templates/HookTestTemplate.ts(202,3): error TS2582: Cannot find name 'it'. Do you need to install type definitions for a test runner? Try `npm i --save-dev @types/jest` or `npm i --save-dev @types/mocha`.
src/test/templates/HookTestTemplate.ts(205,5): error TS2304: Cannot find name 'expect'.
src/test/templates/HookTestTemplate.ts(206,5): error TS2304: Cannot find name 'expect'.
src/test/templates/HookTestTemplate.ts(212,5): error TS2304: Cannot find name 'expect'.
src/test/templates/HookTestTemplate.ts(216,5): error TS2304: Cannot find name 'expect'.
src/test/templates/HookTestTemplate.ts(217,5): error TS2304: Cannot find name 'expect'.
src/test/templates/HookTestTemplate.ts(241,1): error TS2582: Cannot find name 'describe'. Do you need to install type definitions for a test runner? Try `npm i --save-dev @types/jest` or `npm i --save-dev @types/mocha`.
src/test/templates/HookTestTemplate.ts(244,14): error TS2708: Cannot use namespace 'jest' as a value.
src/test/templates/HookTestTemplate.ts(245,14): error TS2708: Cannot use namespace 'jest' as a value.
src/test/templates/HookTestTemplate.ts(246,17): error TS2708: Cannot use namespace 'jest' as a value.
src/test/templates/HookTestTemplate.ts(247,12): error TS2708: Cannot use namespace 'jest' as a value.
src/test/templates/HookTestTemplate.ts(254,3): error TS2304: Cannot find name 'beforeEach'.
src/test/templates/HookTestTemplate.ts(259,3): error TS2582: Cannot find name 'it'. Do you need to install type definitions for a test runner? Try `npm i --save-dev @types/jest` or `npm i --save-dev @types/mocha`.
src/test/templates/HookTestTemplate.ts(264,5): error TS2304: Cannot find name 'expect'.
src/test/templates/HookTestTemplate.ts(265,5): error TS2304: Cannot find name 'expect'.
src/test/templates/HookTestTemplate.ts(268,3): error TS2582: Cannot find name 'it'. Do you need to install type definitions for a test runner? Try `npm i --save-dev @types/jest` or `npm i --save-dev @types/mocha`.
src/test/templates/HookTestTemplate.ts(275,5): error TS2304: Cannot find name 'expect'.
src/test/utils/render.tsx(25,5): error TS2353: Object literal may only specify known properties, and 'logger' does not exist in type 'QueryClientConfig'.
src/test/utils/render.tsx(113,5): error TS2322: Type '(component: ReactElement<unknown, string | JSXElementConstructor<any>>) => void' is not assignable to type '() => void'.
  Target signature provides too few arguments. Expected 1 or more, but got 0.
src/utils/formatDate.tsx(7,29): error TS7006: Parameter 'inputDate' implicitly has an 'any' type.
